BBX 0 id=0 w=1 st=0 fl=ffff7800 preds:
BBX 1 id=1 w=1 st=0 fl=ffff7800 preds:
BBX 2 id=2 w=1 st=0 fl=ffff7800 preds:
BBX 3 id=3 w=1 st=0 fl=fffff800 preds: 2
BBX 4 id=4 w=4 st=0 fl=fffff800 preds: 3
BBX 5 id=5 w=4 st=0 fl=ffff7810 preds: 3
BBX 6 id=6 w=1 st=3 fl=fffff800 preds: 4 5
BBX 7 id=7 w=4 st=3 fl=ffff7800 preds: 6
BBX 8 id=8 w=7 st=2 fl=ffff7800 preds: 7
BBX 9 id=9 w=10 st=3 fl=ffff7800 preds: 8
BBX 10 id=10 w=13 st=1 fl=ffff7800 preds: 9
BBX 11 id=11 w=1 st=3 fl=fffff800 preds: 10 9 8 7 6
BBX 12 id=12 w=4 st=3 fl=ffff7800 preds: 11
BBX 13 id=13 w=7 st=0 fl=ffff7800 preds: 12
BBX 14 id=14 w=1 st=2 fl=fffff800 preds: 13 12 11
BBX 15 id=15 w=4 st=3 fl=ffff7800 preds: 14
BBX 16 id=16 w=7 st=3 fl=ffff7800 preds: 15
BBX 17 id=17 w=10 st=0 fl=ffff7840 preds: 16
BBX 18 id=18 w=10 st=0 fl=ffff7800 preds: 17
BBX 19 id=19 w=4 st=3 fl=fffff800 preds: 18 16 15
BBX 20 id=20 w=7 st=1 fl=ffff7800 preds: 19
BBX 21 id=21 w=4 st=0 fl=fffff800 preds: 20 19
BBX 22 id=22 w=1 st=1 fl=fffff800 preds: 21 14
BBX 23 id=23 w=4 st=0 fl=ffff7840 preds: 22
BBX 24 id=24 w=4 st=2 fl=ffff7800 preds: 23
BBX 25 id=25 w=7 st=3 fl=ffff7800 preds: 24
BBX 26 id=26 w=10 st=0 fl=ffff7840 preds: 25
BBX 27 id=27 w=10 st=0 fl=ffff7800 preds: 26
BBX 28 id=28 w=4 st=4 fl=fffff800 preds: 27 25 24
BBX 29 id=29 w=7 st=2 fl=ffff7800 preds: 28
BBX 30 id=30 w=10 st=1 fl=ffff7800 preds: 29
BBX 31 id=31 w=10 st=1 fl=fffff800 preds: 30 29
BBX 32 id=32 w=13 st=0 fl=fffff800 preds: 31
BBX 33 id=33 w=13 st=0 fl=ffff7810 preds: 31
BBX 34 id=34 w=10 st=3 fl=fffff800 preds: 32 33
BBX 35 id=35 w=13 st=2 fl=ffff7800 preds: 34
BBX 36 id=36 w=65534 st=3 fl=fffff800 preds: 1 35 34
BBX 37 id=37 w=1 st=1 fl=ffff7800 preds: 36
BBX 38 id=38 w=4 st=0 fl=fffff840 preds: 37
BBX 39 id=39 w=4 st=3 fl=ffff7800 preds: 37
BBX 40 id=40 w=7 st=0 fl=fffff840 preds: 39
BBX 41 id=41 w=7 st=1 fl=ffff7810 preds: 40
BBX 42 id=42 w=7 st=1 fl=ffff7810 preds: 39
BBX 43 id=43 w=16 st=3 fl=ffff7800 preds: 35
BBX 44 id=44 w=19 st=3 fl=fffff800 preds: 43
BBX 45 id=45 w=22 st=0 fl=fffff840 preds: 44
BBX 46 id=46 w=22 st=0 fl=ffff7810 preds: 45
BBX 47 id=47 w=22 st=1 fl=ffff7810 preds: 44
BBX 48 id=48 w=19 st=1 fl=ffff7800 preds: 43
BBX 49 id=49 w=22 st=3 fl=fffff800 preds: 48
BBX 50 id=50 w=25 st=0 fl=fffff840 preds: 49
BBX 51 id=51 w=25 st=0 fl=ffff7810 preds: 50
BBX 52 id=52 w=25 st=1 fl=ffff7810 preds: 49
BBX 53 id=53 w=22 st=1 fl=ffff7800 preds: 48
BBX 54 id=54 w=25 st=3 fl=fffff800 preds: 53
BBX 55 id=55 w=28 st=0 fl=fffff840 preds: 54
BBX 56 id=56 w=28 st=0 fl=ffff7810 preds: 55
BBX 57 id=57 w=28 st=1 fl=ffff7810 preds: 54
BBX 58 id=58 w=25 st=1 fl=ffff7810 preds: 53
BBX 59 id=59 w=25 st=3 fl=fffff800 preds: 58
BBX 60 id=60 w=28 st=0 fl=fffff840 preds: 59
BBX 61 id=61 w=28 st=0 fl=ffff7800 preds: 60
BBX 62 id=62 w=28 st=1 fl=ffff7810 preds: 59
BBX 63 id=63 w=16 st=0 fl=fffff810 preds: 61 62 56 57 51 52 46 47
BBX 64 id=64 w=65534 st=2 fl=fffff840 preds: 38 41 42 36 63 30 28 22
BBX 0 id=0 w=1 st=0 fl=ffff7800 preds:
