9 ('E14 *e = &D_80156D38[a]; ', 's8 v; ', 'e = &D_80156D38[a]; ', 'v = D_801234AC[e->f6]; e->f3 = v; ', 'if (v != 0 && a >= D_80140BDC) D_80140BDC = a + 1; ')
9 ('E14 *e = &D_80156D38[a]; ', 's8 v; ', 'e = &D_80156D38[a]; ', 'v = D_801234AC[e->f6]; e->f3 = v; ', ' if (v) { if (D_80140BDC <= a) D_80140BDC = a + 1; } ')
9 ('E14 *e = &D_80156D38[a]; ', 's8 v; ', 'e = &D_80156D38[a]; ', 'v = D_801234AC[e->f6]; e->f3 = v; ', ' if (!v) return; if (a >= D_80140BDC) D_80140BDC = a + 1; ')
9 ('E14 *e = &D_80156D38[a]; ', 's8 v; ', 'e = &D_80156D38[a]; ', 'v = D_801234AC[e->f6]; e->f3 = v; ', ' if (v != 0 && D_80140BDC <= a) D_80140BDC = a + 1; ')
15 ('E14 *e = &D_80156D38[a]; ', 's8 v; ', 'e = &D_80156D38[a]; ', ' e->f3 = D_801234AC[e->f6]; v = e->f3; ', 'if (v != 0 && a >= D_80140BDC) D_80140BDC = a + 1; ')
15 ('E14 *e = &D_80156D38[a]; ', 's8 v; ', 'e = &D_80156D38[a]; ', ' e->f3 = D_801234AC[e->f6]; v = e->f3; ', ' if (v) { if (D_80140BDC <= a) D_80140BDC = a + 1; } ')
15 ('E14 *e = &D_80156D38[a]; ', 's8 v; ', 'e = &D_80156D38[a]; ', ' e->f3 = D_801234AC[e->f6]; v = e->f3; ', ' if (!v) return; if (a >= D_80140BDC) D_80140BDC = a + 1; ')
15 ('E14 *e = &D_80156D38[a]; ', 's8 v; ', 'e = &D_80156D38[a]; ', ' e->f3 = D_801234AC[e->f6]; v = e->f3; ', ' if (v != 0 && D_80140BDC <= a) D_80140BDC = a + 1; ')
9 ('E14 *e = &D_80156D38[a]; ', 's8 v; ', 'e = &D_80156D38[a]; ', ' e->f3 = v = D_801234AC[e->f6]; ', 'if (v != 0 && a >= D_80140BDC) D_80140BDC = a + 1; ')
9 ('E14 *e = &D_80156D38[a]; ', 's8 v; ', 'e = &D_80156D38[a]; ', ' e->f3 = v = D_801234AC[e->f6]; ', ' if (v) { if (D_80140BDC <= a) D_80140BDC = a + 1; } ')
9 ('E14 *e = &D_80156D38[a]; ', 's8 v; ', 'e = &D_80156D38[a]; ', ' e->f3 = v = D_801234AC[e->f6]; ', ' if (!v) return; if (a >= D_80140BDC) D_80140BDC = a + 1; ')
9 ('E14 *e = &D_80156D38[a]; ', 's8 v; ', 'e = &D_80156D38[a]; ', ' e->f3 = v = D_801234AC[e->f6]; ', ' if (v != 0 && D_80140BDC <= a) D_80140BDC = a + 1; ')
9 ('E14 *e = &D_80156D38[a]; ', 's8 v; ', 'e = &D_80156D38[a]; ', ' v = e->f3 = D_801234AC[e->f6]; ', 'if (v != 0 && a >= D_80140BDC) D_80140BDC = a + 1; ')
9 ('E14 *e = &D_80156D38[a]; ', 's8 v; ', 'e = &D_80156D38[a]; ', ' v = e->f3 = D_801234AC[e->f6]; ', ' if (v) { if (D_80140BDC <= a) D_80140BDC = a + 1; } ')
9 ('E14 *e = &D_80156D38[a]; ', 's8 v; ', 'e = &D_80156D38[a]; ', ' v = e->f3 = D_801234AC[e->f6]; ', ' if (!v) return; if (a >= D_80140BDC) D_80140BDC = a + 1; ')
9 ('E14 *e = &D_80156D38[a]; ', 's8 v; ', 'e = &D_80156D38[a]; ', ' v = e->f3 = D_801234AC[e->f6]; ', ' if (v != 0 && D_80140BDC <= a) D_80140BDC = a + 1; ')
9 ('E14 *e = &D_80156D38[a]; ', 's8 v; ', ' e = D_80156D38 + a; ', 'v = D_801234AC[e->f6]; e->f3 = v; ', 'if (v != 0 && a >= D_80140BDC) D_80140BDC = a + 1; ')
9 ('E14 *e = &D_80156D38[a]; ', 's8 v; ', ' e = D_80156D38 + a; ', 'v = D_801234AC[e->f6]; e->f3 = v; ', ' if (v) { if (D_80140BDC <= a) D_80140BDC = a + 1; } ')
9 ('E14 *e = &D_80156D38[a]; ', 's8 v; ', ' e = D_80156D38 + a; ', 'v = D_801234AC[e->f6]; e->f3 = v; ', ' if (!v) return; if (a >= D_80140BDC) D_80140BDC = a + 1; ')
9 ('E14 *e = &D_80156D38[a]; ', 's8 v; ', ' e = D_80156D38 + a; ', 'v = D_801234AC[e->f6]; e->f3 = v; ', ' if (v != 0 && D_80140BDC <= a) D_80140BDC = a + 1; ')
15 ('E14 *e = &D_80156D38[a]; ', 's8 v; ', ' e = D_80156D38 + a; ', ' e->f3 = D_801234AC[e->f6]; v = e->f3; ', 'if (v != 0 && a >= D_80140BDC) D_80140BDC = a + 1; ')
15 ('E14 *e = &D_80156D38[a]; ', 's8 v; ', ' e = D_80156D38 + a; ', ' e->f3 = D_801234AC[e->f6]; v = e->f3; ', ' if (v) { if (D_80140BDC <= a) D_80140BDC = a + 1; } ')
15 ('E14 *e = &D_80156D38[a]; ', 's8 v; ', ' e = D_80156D38 + a; ', ' e->f3 = D_801234AC[e->f6]; v = e->f3; ', ' if (!v) return; if (a >= D_80140BDC) D_80140BDC = a + 1; ')
15 ('E14 *e = &D_80156D38[a]; ', 's8 v; ', ' e = D_80156D38 + a; ', ' e->f3 = D_801234AC[e->f6]; v = e->f3; ', ' if (v != 0 && D_80140BDC <= a) D_80140BDC = a + 1; ')
9 ('E14 *e = &D_80156D38[a]; ', 's8 v; ', ' e = D_80156D38 + a; ', ' e->f3 = v = D_801234AC[e->f6]; ', 'if (v != 0 && a >= D_80140BDC) D_80140BDC = a + 1; ')
9 ('E14 *e = &D_80156D38[a]; ', 's8 v; ', ' e = D_80156D38 + a; ', ' e->f3 = v = D_801234AC[e->f6]; ', ' if (v) { if (D_80140BDC <= a) D_80140BDC = a + 1; } ')
9 ('E14 *e = &D_80156D38[a]; ', 's8 v; ', ' e = D_80156D38 + a; ', ' e->f3 = v = D_801234AC[e->f6]; ', ' if (!v) return; if (a >= D_80140BDC) D_80140BDC = a + 1; ')
9 ('E14 *e = &D_80156D38[a]; ', 's8 v; ', ' e = D_80156D38 + a; ', ' e->f3 = v = D_801234AC[e->f6]; ', ' if (v != 0 && D_80140BDC <= a) D_80140BDC = a + 1; ')
9 ('E14 *e = &D_80156D38[a]; ', 's8 v; ', ' e = D_80156D38 + a; ', ' v = e->f3 = D_801234AC[e->f6]; ', 'if (v != 0 && a >= D_80140BDC) D_80140BDC = a + 1; ')
9 ('E14 *e = &D_80156D38[a]; ', 's8 v; ', ' e = D_80156D38 + a; ', ' v = e->f3 = D_801234AC[e->f6]; ', ' if (v) { if (D_80140BDC <= a) D_80140BDC = a + 1; } ')
9 ('E14 *e = &D_80156D38[a]; ', 's8 v; ', ' e = D_80156D38 + a; ', ' v = e->f3 = D_801234AC[e->f6]; ', ' if (!v) return; if (a >= D_80140BDC) D_80140BDC = a + 1; ')
9 ('E14 *e = &D_80156D38[a]; ', 's8 v; ', ' e = D_80156D38 + a; ', ' v = e->f3 = D_801234AC[e->f6]; ', ' if (v != 0 && D_80140BDC <= a) D_80140BDC = a + 1; ')
9 ('E14 *e = &D_80156D38[a]; ', 's8 v; ', ' ', 'v = D_801234AC[e->f6]; e->f3 = v; ', 'if (v != 0 && a >= D_80140BDC) D_80140BDC = a + 1; ')
9 ('E14 *e = &D_80156D38[a]; ', 's8 v; ', ' ', 'v = D_801234AC[e->f6]; e->f3 = v; ', ' if (v) { if (D_80140BDC <= a) D_80140BDC = a + 1; } ')
9 ('E14 *e = &D_80156D38[a]; ', 's8 v; ', ' ', 'v = D_801234AC[e->f6]; e->f3 = v; ', ' if (!v) return; if (a >= D_80140BDC) D_80140BDC = a + 1; ')
9 ('E14 *e = &D_80156D38[a]; ', 's8 v; ', ' ', 'v = D_801234AC[e->f6]; e->f3 = v; ', ' if (v != 0 && D_80140BDC <= a) D_80140BDC = a + 1; ')
15 ('E14 *e = &D_80156D38[a]; ', 's8 v; ', ' ', ' e->f3 = D_801234AC[e->f6]; v = e->f3; ', 'if (v != 0 && a >= D_80140BDC) D_80140BDC = a + 1; ')
15 ('E14 *e = &D_80156D38[a]; ', 's8 v; ', ' ', ' e->f3 = D_801234AC[e->f6]; v = e->f3; ', ' if (v) { if (D_80140BDC <= a) D_80140BDC = a + 1; } ')
15 ('E14 *e = &D_80156D38[a]; ', 's8 v; ', ' ', ' e->f3 = D_801234AC[e->f6]; v = e->f3; ', ' if (!v) return; if (a >= D_80140BDC) D_80140BDC = a + 1; ')
15 ('E14 *e = &D_80156D38[a]; ', 's8 v; ', ' ', ' e->f3 = D_801234AC[e->f6]; v = e->f3; ', ' if (v != 0 && D_80140BDC <= a) D_80140BDC = a + 1; ')
9 ('E14 *e = &D_80156D38[a]; ', 's8 v; ', ' ', ' e->f3 = v = D_801234AC[e->f6]; ', 'if (v != 0 && a >= D_80140BDC) D_80140BDC = a + 1; ')
9 ('E14 *e = &D_80156D38[a]; ', 's8 v; ', ' ', ' e->f3 = v = D_801234AC[e->f6]; ', ' if (v) { if (D_80140BDC <= a) D_80140BDC = a + 1; } ')
9 ('E14 *e = &D_80156D38[a]; ', 's8 v; ', ' ', ' e->f3 = v = D_801234AC[e->f6]; ', ' if (!v) return; if (a >= D_80140BDC) D_80140BDC = a + 1; ')
9 ('E14 *e = &D_80156D38[a]; ', 's8 v; ', ' ', ' e->f3 = v = D_801234AC[e->f6]; ', ' if (v != 0 && D_80140BDC <= a) D_80140BDC = a + 1; ')
9 ('E14 *e = &D_80156D38[a]; ', 's8 v; ', ' ', ' v = e->f3 = D_801234AC[e->f6]; ', 'if (v != 0 && a >= D_80140BDC) D_80140BDC = a + 1; ')
9 ('E14 *e = &D_80156D38[a]; ', 's8 v; ', ' ', ' v = e->f3 = D_801234AC[e->f6]; ', ' if (v) { if (D_80140BDC <= a) D_80140BDC = a + 1; } ')
9 ('E14 *e = &D_80156D38[a]; ', 's8 v; ', ' ', ' v = e->f3 = D_801234AC[e->f6]; ', ' if (!v) return; if (a >= D_80140BDC) D_80140BDC = a + 1; ')
9 ('E14 *e = &D_80156D38[a]; ', 's8 v; ', ' ', ' v = e->f3 = D_801234AC[e->f6]; ', ' if (v != 0 && D_80140BDC <= a) D_80140BDC = a + 1; ')
9 ('E14 *e = &D_80156D38[a]; ', ' s32 v; ', 'e = &D_80156D38[a]; ', 'v = D_801234AC[e->f6]; e->f3 = v; ', 'if (v != 0 && a >= D_80140BDC) D_80140BDC = a + 1; ')
9 ('E14 *e = &D_80156D38[a]; ', ' s32 v; ', 'e = &D_80156D38[a]; ', 'v = D_801234AC[e->f6]; e->f3 = v; ', ' if (v) { if (D_80140BDC <= a) D_80140BDC = a + 1; } ')
9 ('E14 *e = &D_80156D38[a]; ', ' s32 v; ', 'e = &D_80156D38[a]; ', 'v = D_801234AC[e->f6]; e->f3 = v; ', ' if (!v) return; if (a >= D_80140BDC) D_80140BDC = a + 1; ')
9 ('E14 *e = &D_80156D38[a]; ', ' s32 v; ', 'e = &D_80156D38[a]; ', 'v = D_801234AC[e->f6]; e->f3 = v; ', ' if (v != 0 && D_80140BDC <= a) D_80140BDC = a + 1; ')
15 ('E14 *e = &D_80156D38[a]; ', ' s32 v; ', 'e = &D_80156D38[a]; ', ' e->f3 = D_801234AC[e->f6]; v = e->f3; ', 'if (v != 0 && a >= D_80140BDC) D_80140BDC = a + 1; ')
15 ('E14 *e = &D_80156D38[a]; ', ' s32 v; ', 'e = &D_80156D38[a]; ', ' e->f3 = D_801234AC[e->f6]; v = e->f3; ', ' if (v) { if (D_80140BDC <= a) D_80140BDC = a + 1; } ')
15 ('E14 *e = &D_80156D38[a]; ', ' s32 v; ', 'e = &D_80156D38[a]; ', ' e->f3 = D_801234AC[e->f6]; v = e->f3; ', ' if (!v) return; if (a >= D_80140BDC) D_80140BDC = a + 1; ')
15 ('E14 *e = &D_80156D38[a]; ', ' s32 v; ', 'e = &D_80156D38[a]; ', ' e->f3 = D_801234AC[e->f6]; v = e->f3; ', ' if (v != 0 && D_80140BDC <= a) D_80140BDC = a + 1; ')
9 ('E14 *e = &D_80156D38[a]; ', ' s32 v; ', 'e = &D_80156D38[a]; ', ' e->f3 = v = D_801234AC[e->f6]; ', 'if (v != 0 && a >= D_80140BDC) D_80140BDC = a + 1; ')
9 ('E14 *e = &D_80156D38[a]; ', ' s32 v; ', 'e = &D_80156D38[a]; ', ' e->f3 = v = D_801234AC[e->f6]; ', ' if (v) { if (D_80140BDC <= a) D_80140BDC = a + 1; } ')
9 ('E14 *e = &D_80156D38[a]; ', ' s32 v; ', 'e = &D_80156D38[a]; ', ' e->f3 = v = D_801234AC[e->f6]; ', ' if (!v) return; if (a >= D_80140BDC) D_80140BDC = a + 1; ')
9 ('E14 *e = &D_80156D38[a]; ', ' s32 v; ', 'e = &D_80156D38[a]; ', ' e->f3 = v = D_801234AC[e->f6]; ', ' if (v != 0 && D_80140BDC <= a) D_80140BDC = a + 1; ')
9 ('E14 *e = &D_80156D38[a]; ', ' s32 v; ', 'e = &D_80156D38[a]; ', ' v = e->f3 = D_801234AC[e->f6]; ', 'if (v != 0 && a >= D_80140BDC) D_80140BDC = a + 1; ')
9 ('E14 *e = &D_80156D38[a]; ', ' s32 v; ', 'e = &D_80156D38[a]; ', ' v = e->f3 = D_801234AC[e->f6]; ', ' if (v) { if (D_80140BDC <= a) D_80140BDC = a + 1; } ')
9 ('E14 *e = &D_80156D38[a]; ', ' s32 v; ', 'e = &D_80156D38[a]; ', ' v = e->f3 = D_801234AC[e->f6]; ', ' if (!v) return; if (a >= D_80140BDC) D_80140BDC = a + 1; ')
9 ('E14 *e = &D_80156D38[a]; ', ' s32 v; ', 'e = &D_80156D38[a]; ', ' v = e->f3 = D_801234AC[e->f6]; ', ' if (v != 0 && D_80140BDC <= a) D_80140BDC = a + 1; ')
9 ('E14 *e = &D_80156D38[a]; ', ' s32 v; ', ' e = D_80156D38 + a; ', 'v = D_801234AC[e->f6]; e->f3 = v; ', 'if (v != 0 && a >= D_80140BDC) D_80140BDC = a + 1; ')
9 ('E14 *e = &D_80156D38[a]; ', ' s32 v; ', ' e = D_80156D38 + a; ', 'v = D_801234AC[e->f6]; e->f3 = v; ', ' if (v) { if (D_80140BDC <= a) D_80140BDC = a + 1; } ')
9 ('E14 *e = &D_80156D38[a]; ', ' s32 v; ', ' e = D_80156D38 + a; ', 'v = D_801234AC[e->f6]; e->f3 = v; ', ' if (!v) return; if (a >= D_80140BDC) D_80140BDC = a + 1; ')
9 ('E14 *e = &D_80156D38[a]; ', ' s32 v; ', ' e = D_80156D38 + a; ', 'v = D_801234AC[e->f6]; e->f3 = v; ', ' if (v != 0 && D_80140BDC <= a) D_80140BDC = a + 1; ')
15 ('E14 *e = &D_80156D38[a]; ', ' s32 v; ', ' e = D_80156D38 + a; ', ' e->f3 = D_801234AC[e->f6]; v = e->f3; ', 'if (v != 0 && a >= D_80140BDC) D_80140BDC = a + 1; ')
15 ('E14 *e = &D_80156D38[a]; ', ' s32 v; ', ' e = D_80156D38 + a; ', ' e->f3 = D_801234AC[e->f6]; v = e->f3; ', ' if (v) { if (D_80140BDC <= a) D_80140BDC = a + 1; } ')
15 ('E14 *e = &D_80156D38[a]; ', ' s32 v; ', ' e = D_80156D38 + a; ', ' e->f3 = D_801234AC[e->f6]; v = e->f3; ', ' if (!v) return; if (a >= D_80140BDC) D_80140BDC = a + 1; ')
15 ('E14 *e = &D_80156D38[a]; ', ' s32 v; ', ' e = D_80156D38 + a; ', ' e->f3 = D_801234AC[e->f6]; v = e->f3; ', ' if (v != 0 && D_80140BDC <= a) D_80140BDC = a + 1; ')
9 ('E14 *e = &D_80156D38[a]; ', ' s32 v; ', ' e = D_80156D38 + a; ', ' e->f3 = v = D_801234AC[e->f6]; ', 'if (v != 0 && a >= D_80140BDC) D_80140BDC = a + 1; ')
9 ('E14 *e = &D_80156D38[a]; ', ' s32 v; ', ' e = D_80156D38 + a; ', ' e->f3 = v = D_801234AC[e->f6]; ', ' if (v) { if (D_80140BDC <= a) D_80140BDC = a + 1; } ')
9 ('E14 *e = &D_80156D38[a]; ', ' s32 v; ', ' e = D_80156D38 + a; ', ' e->f3 = v = D_801234AC[e->f6]; ', ' if (!v) return; if (a >= D_80140BDC) D_80140BDC = a + 1; ')
9 ('E14 *e = &D_80156D38[a]; ', ' s32 v; ', ' e = D_80156D38 + a; ', ' e->f3 = v = D_801234AC[e->f6]; ', ' if (v != 0 && D_80140BDC <= a) D_80140BDC = a + 1; ')
9 ('E14 *e = &D_80156D38[a]; ', ' s32 v; ', ' e = D_80156D38 + a; ', ' v = e->f3 = D_801234AC[e->f6]; ', 'if (v != 0 && a >= D_80140BDC) D_80140BDC = a + 1; ')
9 ('E14 *e = &D_80156D38[a]; ', ' s32 v; ', ' e = D_80156D38 + a; ', ' v = e->f3 = D_801234AC[e->f6]; ', ' if (v) { if (D_80140BDC <= a) D_80140BDC = a + 1; } ')
9 ('E14 *e = &D_80156D38[a]; ', ' s32 v; ', ' e = D_80156D38 + a; ', ' v = e->f3 = D_801234AC[e->f6]; ', ' if (!v) return; if (a >= D_80140BDC) D_80140BDC = a + 1; ')
9 ('E14 *e = &D_80156D38[a]; ', ' s32 v; ', ' e = D_80156D38 + a; ', ' v = e->f3 = D_801234AC[e->f6]; ', ' if (v != 0 && D_80140BDC <= a) D_80140BDC = a + 1; ')
9 ('E14 *e = &D_80156D38[a]; ', ' s32 v; ', ' ', 'v = D_801234AC[e->f6]; e->f3 = v; ', 'if (v != 0 && a >= D_80140BDC) D_80140BDC = a + 1; ')
9 ('E14 *e = &D_80156D38[a]; ', ' s32 v; ', ' ', 'v = D_801234AC[e->f6]; e->f3 = v; ', ' if (v) { if (D_80140BDC <= a) D_80140BDC = a + 1; } ')
9 ('E14 *e = &D_80156D38[a]; ', ' s32 v; ', ' ', 'v = D_801234AC[e->f6]; e->f3 = v; ', ' if (!v) return; if (a >= D_80140BDC) D_80140BDC = a + 1; ')
9 ('E14 *e = &D_80156D38[a]; ', ' s32 v; ', ' ', 'v = D_801234AC[e->f6]; e->f3 = v; ', ' if (v != 0 && D_80140BDC <= a) D_80140BDC = a + 1; ')
15 ('E14 *e = &D_80156D38[a]; ', ' s32 v; ', ' ', ' e->f3 = D_801234AC[e->f6]; v = e->f3; ', 'if (v != 0 && a >= D_80140BDC) D_80140BDC = a + 1; ')
15 ('E14 *e = &D_80156D38[a]; ', ' s32 v; ', ' ', ' e->f3 = D_801234AC[e->f6]; v = e->f3; ', ' if (v) { if (D_80140BDC <= a) D_80140BDC = a + 1; } ')
15 ('E14 *e = &D_80156D38[a]; ', ' s32 v; ', ' ', ' e->f3 = D_801234AC[e->f6]; v = e->f3; ', ' if (!v) return; if (a >= D_80140BDC) D_80140BDC = a + 1; ')
15 ('E14 *e = &D_80156D38[a]; ', ' s32 v; ', ' ', ' e->f3 = D_801234AC[e->f6]; v = e->f3; ', ' if (v != 0 && D_80140BDC <= a) D_80140BDC = a + 1; ')
9 ('E14 *e = &D_80156D38[a]; ', ' s32 v; ', ' ', ' e->f3 = v = D_801234AC[e->f6]; ', 'if (v != 0 && a >= D_80140BDC) D_80140BDC = a + 1; ')
9 ('E14 *e = &D_80156D38[a]; ', ' s32 v; ', ' ', ' e->f3 = v = D_801234AC[e->f6]; ', ' if (v) { if (D_80140BDC <= a) D_80140BDC = a + 1; } ')
9 ('E14 *e = &D_80156D38[a]; ', ' s32 v; ', ' ', ' e->f3 = v = D_801234AC[e->f6]; ', ' if (!v) return; if (a >= D_80140BDC) D_80140BDC = a + 1; ')
9 ('E14 *e = &D_80156D38[a]; ', ' s32 v; ', ' ', ' e->f3 = v = D_801234AC[e->f6]; ', ' if (v != 0 && D_80140BDC <= a) D_80140BDC = a + 1; ')
9 ('E14 *e = &D_80156D38[a]; ', ' s32 v; ', ' ', ' v = e->f3 = D_801234AC[e->f6]; ', 'if (v != 0 && a >= D_80140BDC) D_80140BDC = a + 1; ')
9 ('E14 *e = &D_80156D38[a]; ', ' s32 v; ', ' ', ' v = e->f3 = D_801234AC[e->f6]; ', ' if (v) { if (D_80140BDC <= a) D_80140BDC = a + 1; } ')
9 ('E14 *e = &D_80156D38[a]; ', ' s32 v; ', ' ', ' v = e->f3 = D_801234AC[e->f6]; ', ' if (!v) return; if (a >= D_80140BDC) D_80140BDC = a + 1; ')
9 ('E14 *e = &D_80156D38[a]; ', ' s32 v; ', ' ', ' v = e->f3 = D_801234AC[e->f6]; ', ' if (v != 0 && D_80140BDC <= a) D_80140BDC = a + 1; ')
9999 ('E14 *e = &D_80156D38[a]; ', ' ', 'e = &D_80156D38[a]; ', 'v = D_801234AC[e->f6]; e->f3 = v; ', 'if (v != 0 && a >= D_80140BDC) D_80140BDC = a + 1; ')
9999 ('E14 *e = &D_80156D38[a]; ', ' ', 'e = &D_80156D38[a]; ', 'v = D_801234AC[e->f6]; e->f3 = v; ', ' if (v) { if (D_80140BDC <= a) D_80140BDC = a + 1; } ')
9999 ('E14 *e = &D_80156D38[a]; ', ' ', 'e = &D_80156D38[a]; ', 'v = D_801234AC[e->f6]; e->f3 = v; ', ' if (!v) return; if (a >= D_80140BDC) D_80140BDC = a + 1; ')
9999 ('E14 *e = &D_80156D38[a]; ', ' ', 'e = &D_80156D38[a]; ', 'v = D_801234AC[e->f6]; e->f3 = v; ', ' if (v != 0 && D_80140BDC <= a) D_80140BDC = a + 1; ')
9999 ('E14 *e = &D_80156D38[a]; ', ' ', 'e = &D_80156D38[a]; ', ' e->f3 = D_801234AC[e->f6]; v = e->f3; ', 'if (v != 0 && a >= D_80140BDC) D_80140BDC = a + 1; ')
9999 ('E14 *e = &D_80156D38[a]; ', ' ', 'e = &D_80156D38[a]; ', ' e->f3 = D_801234AC[e->f6]; v = e->f3; ', ' if (v) { if (D_80140BDC <= a) D_80140BDC = a + 1; } ')
9999 ('E14 *e = &D_80156D38[a]; ', ' ', 'e = &D_80156D38[a]; ', ' e->f3 = D_801234AC[e->f6]; v = e->f3; ', ' if (!v) return; if (a >= D_80140BDC) D_80140BDC = a + 1; ')
9999 ('E14 *e = &D_80156D38[a]; ', ' ', 'e = &D_80156D38[a]; ', ' e->f3 = D_801234AC[e->f6]; v = e->f3; ', ' if (v != 0 && D_80140BDC <= a) D_80140BDC = a + 1; ')
9999 ('E14 *e = &D_80156D38[a]; ', ' ', 'e = &D_80156D38[a]; ', ' e->f3 = v = D_801234AC[e->f6]; ', 'if (v != 0 && a >= D_80140BDC) D_80140BDC = a + 1; ')
9999 ('E14 *e = &D_80156D38[a]; ', ' ', 'e = &D_80156D38[a]; ', ' e->f3 = v = D_801234AC[e->f6]; ', ' if (v) { if (D_80140BDC <= a) D_80140BDC = a + 1; } ')
9999 ('E14 *e = &D_80156D38[a]; ', ' ', 'e = &D_80156D38[a]; ', ' e->f3 = v = D_801234AC[e->f6]; ', ' if (!v) return; if (a >= D_80140BDC) D_80140BDC = a + 1; ')
9999 ('E14 *e = &D_80156D38[a]; ', ' ', 'e = &D_80156D38[a]; ', ' e->f3 = v = D_801234AC[e->f6]; ', ' if (v != 0 && D_80140BDC <= a) D_80140BDC = a + 1; ')
9999 ('E14 *e = &D_80156D38[a]; ', ' ', 'e = &D_80156D38[a]; ', ' v = e->f3 = D_801234AC[e->f6]; ', 'if (v != 0 && a >= D_80140BDC) D_80140BDC = a + 1; ')
9999 ('E14 *e = &D_80156D38[a]; ', ' ', 'e = &D_80156D38[a]; ', ' v = e->f3 = D_801234AC[e->f6]; ', ' if (v) { if (D_80140BDC <= a) D_80140BDC = a + 1; } ')
9999 ('E14 *e = &D_80156D38[a]; ', ' ', 'e = &D_80156D38[a]; ', ' v = e->f3 = D_801234AC[e->f6]; ', ' if (!v) return; if (a >= D_80140BDC) D_80140BDC = a + 1; ')
9999 ('E14 *e = &D_80156D38[a]; ', ' ', 'e = &D_80156D38[a]; ', ' v = e->f3 = D_801234AC[e->f6]; ', ' if (v != 0 && D_80140BDC <= a) D_80140BDC = a + 1; ')
9999 ('E14 *e = &D_80156D38[a]; ', ' ', ' e = D_80156D38 + a; ', 'v = D_801234AC[e->f6]; e->f3 = v; ', 'if (v != 0 && a >= D_80140BDC) D_80140BDC = a + 1; ')
9999 ('E14 *e = &D_80156D38[a]; ', ' ', ' e = D_80156D38 + a; ', 'v = D_801234AC[e->f6]; e->f3 = v; ', ' if (v) { if (D_80140BDC <= a) D_80140BDC = a + 1; } ')
9999 ('E14 *e = &D_80156D38[a]; ', ' ', ' e = D_80156D38 + a; ', 'v = D_801234AC[e->f6]; e->f3 = v; ', ' if (!v) return; if (a >= D_80140BDC) D_80140BDC = a + 1; ')
9999 ('E14 *e = &D_80156D38[a]; ', ' ', ' e = D_80156D38 + a; ', 'v = D_801234AC[e->f6]; e->f3 = v; ', ' if (v != 0 && D_80140BDC <= a) D_80140BDC = a + 1; ')
9999 ('E14 *e = &D_80156D38[a]; ', ' ', ' e = D_80156D38 + a; ', ' e->f3 = D_801234AC[e->f6]; v = e->f3; ', 'if (v != 0 && a >= D_80140BDC) D_80140BDC = a + 1; ')
9999 ('E14 *e = &D_80156D38[a]; ', ' ', ' e = D_80156D38 + a; ', ' e->f3 = D_801234AC[e->f6]; v = e->f3; ', ' if (v) { if (D_80140BDC <= a) D_80140BDC = a + 1; } ')
9999 ('E14 *e = &D_80156D38[a]; ', ' ', ' e = D_80156D38 + a; ', ' e->f3 = D_801234AC[e->f6]; v = e->f3; ', ' if (!v) return; if (a >= D_80140BDC) D_80140BDC = a + 1; ')
9999 ('E14 *e = &D_80156D38[a]; ', ' ', ' e = D_80156D38 + a; ', ' e->f3 = D_801234AC[e->f6]; v = e->f3; ', ' if (v != 0 && D_80140BDC <= a) D_80140BDC = a + 1; ')
9999 ('E14 *e = &D_80156D38[a]; ', ' ', ' e = D_80156D38 + a; ', ' e->f3 = v = D_801234AC[e->f6]; ', 'if (v != 0 && a >= D_80140BDC) D_80140BDC = a + 1; ')
9999 ('E14 *e = &D_80156D38[a]; ', ' ', ' e = D_80156D38 + a; ', ' e->f3 = v = D_801234AC[e->f6]; ', ' if (v) { if (D_80140BDC <= a) D_80140BDC = a + 1; } ')
9999 ('E14 *e = &D_80156D38[a]; ', ' ', ' e = D_80156D38 + a; ', ' e->f3 = v = D_801234AC[e->f6]; ', ' if (!v) return; if (a >= D_80140BDC) D_80140BDC = a + 1; ')
9999 ('E14 *e = &D_80156D38[a]; ', ' ', ' e = D_80156D38 + a; ', ' e->f3 = v = D_801234AC[e->f6]; ', ' if (v != 0 && D_80140BDC <= a) D_80140BDC = a + 1; ')
9999 ('E14 *e = &D_80156D38[a]; ', ' ', ' e = D_80156D38 + a; ', ' v = e->f3 = D_801234AC[e->f6]; ', 'if (v != 0 && a >= D_80140BDC) D_80140BDC = a + 1; ')
9999 ('E14 *e = &D_80156D38[a]; ', ' ', ' e = D_80156D38 + a; ', ' v = e->f3 = D_801234AC[e->f6]; ', ' if (v) { if (D_80140BDC <= a) D_80140BDC = a + 1; } ')
9999 ('E14 *e = &D_80156D38[a]; ', ' ', ' e = D_80156D38 + a; ', ' v = e->f3 = D_801234AC[e->f6]; ', ' if (!v) return; if (a >= D_80140BDC) D_80140BDC = a + 1; ')
9999 ('E14 *e = &D_80156D38[a]; ', ' ', ' e = D_80156D38 + a; ', ' v = e->f3 = D_801234AC[e->f6]; ', ' if (v != 0 && D_80140BDC <= a) D_80140BDC = a + 1; ')
9999 ('E14 *e = &D_80156D38[a]; ', ' ', ' ', 'v = D_801234AC[e->f6]; e->f3 = v; ', 'if (v != 0 && a >= D_80140BDC) D_80140BDC = a + 1; ')
9999 ('E14 *e = &D_80156D38[a]; ', ' ', ' ', 'v = D_801234AC[e->f6]; e->f3 = v; ', ' if (v) { if (D_80140BDC <= a) D_80140BDC = a + 1; } ')
9999 ('E14 *e = &D_80156D38[a]; ', ' ', ' ', 'v = D_801234AC[e->f6]; e->f3 = v; ', ' if (!v) return; if (a >= D_80140BDC) D_80140BDC = a + 1; ')
9999 ('E14 *e = &D_80156D38[a]; ', ' ', ' ', 'v = D_801234AC[e->f6]; e->f3 = v; ', ' if (v != 0 && D_80140BDC <= a) D_80140BDC = a + 1; ')
9999 ('E14 *e = &D_80156D38[a]; ', ' ', ' ', ' e->f3 = D_801234AC[e->f6]; v = e->f3; ', 'if (v != 0 && a >= D_80140BDC) D_80140BDC = a + 1; ')
9999 ('E14 *e = &D_80156D38[a]; ', ' ', ' ', ' e->f3 = D_801234AC[e->f6]; v = e->f3; ', ' if (v) { if (D_80140BDC <= a) D_80140BDC = a + 1; } ')
9999 ('E14 *e = &D_80156D38[a]; ', ' ', ' ', ' e->f3 = D_801234AC[e->f6]; v = e->f3; ', ' if (!v) return; if (a >= D_80140BDC) D_80140BDC = a + 1; ')
9999 ('E14 *e = &D_80156D38[a]; ', ' ', ' ', ' e->f3 = D_801234AC[e->f6]; v = e->f3; ', ' if (v != 0 && D_80140BDC <= a) D_80140BDC = a + 1; ')
9999 ('E14 *e = &D_80156D38[a]; ', ' ', ' ', ' e->f3 = v = D_801234AC[e->f6]; ', 'if (v != 0 && a >= D_80140BDC) D_80140BDC = a + 1; ')
9999 ('E14 *e = &D_80156D38[a]; ', ' ', ' ', ' e->f3 = v = D_801234AC[e->f6]; ', ' if (v) { if (D_80140BDC <= a) D_80140BDC = a + 1; } ')
9999 ('E14 *e = &D_80156D38[a]; ', ' ', ' ', ' e->f3 = v = D_801234AC[e->f6]; ', ' if (!v) return; if (a >= D_80140BDC) D_80140BDC = a + 1; ')
9999 ('E14 *e = &D_80156D38[a]; ', ' ', ' ', ' e->f3 = v = D_801234AC[e->f6]; ', ' if (v != 0 && D_80140BDC <= a) D_80140BDC = a + 1; ')
9999 ('E14 *e = &D_80156D38[a]; ', ' ', ' ', ' v = e->f3 = D_801234AC[e->f6]; ', 'if (v != 0 && a >= D_80140BDC) D_80140BDC = a + 1; ')
9999 ('E14 *e = &D_80156D38[a]; ', ' ', ' ', ' v = e->f3 = D_801234AC[e->f6]; ', ' if (v) { if (D_80140BDC <= a) D_80140BDC = a + 1; } ')
9999 ('E14 *e = &D_80156D38[a]; ', ' ', ' ', ' v = e->f3 = D_801234AC[e->f6]; ', ' if (!v) return; if (a >= D_80140BDC) D_80140BDC = a + 1; ')
9999 ('E14 *e = &D_80156D38[a]; ', ' ', ' ', ' v = e->f3 = D_801234AC[e->f6]; ', ' if (v != 0 && D_80140BDC <= a) D_80140BDC = a + 1; ')
9 (' E14 *e = D_80156D38 + a; ', 's8 v; ', 'e = &D_80156D38[a]; ', 'v = D_801234AC[e->f6]; e->f3 = v; ', 'if (v != 0 && a >= D_80140BDC) D_80140BDC = a + 1; ')
9 (' E14 *e = D_80156D38 + a; ', 's8 v; ', 'e = &D_80156D38[a]; ', 'v = D_801234AC[e->f6]; e->f3 = v; ', ' if (v) { if (D_80140BDC <= a) D_80140BDC = a + 1; } ')
9 (' E14 *e = D_80156D38 + a; ', 's8 v; ', 'e = &D_80156D38[a]; ', 'v = D_801234AC[e->f6]; e->f3 = v; ', ' if (!v) return; if (a >= D_80140BDC) D_80140BDC = a + 1; ')
9 (' E14 *e = D_80156D38 + a; ', 's8 v; ', 'e = &D_80156D38[a]; ', 'v = D_801234AC[e->f6]; e->f3 = v; ', ' if (v != 0 && D_80140BDC <= a) D_80140BDC = a + 1; ')
15 (' E14 *e = D_80156D38 + a; ', 's8 v; ', 'e = &D_80156D38[a]; ', ' e->f3 = D_801234AC[e->f6]; v = e->f3; ', 'if (v != 0 && a >= D_80140BDC) D_80140BDC = a + 1; ')
15 (' E14 *e = D_80156D38 + a; ', 's8 v; ', 'e = &D_80156D38[a]; ', ' e->f3 = D_801234AC[e->f6]; v = e->f3; ', ' if (v) { if (D_80140BDC <= a) D_80140BDC = a + 1; } ')
15 (' E14 *e = D_80156D38 + a; ', 's8 v; ', 'e = &D_80156D38[a]; ', ' e->f3 = D_801234AC[e->f6]; v = e->f3; ', ' if (!v) return; if (a >= D_80140BDC) D_80140BDC = a + 1; ')
15 (' E14 *e = D_80156D38 + a; ', 's8 v; ', 'e = &D_80156D38[a]; ', ' e->f3 = D_801234AC[e->f6]; v = e->f3; ', ' if (v != 0 && D_80140BDC <= a) D_80140BDC = a + 1; ')
9 (' E14 *e = D_80156D38 + a; ', 's8 v; ', 'e = &D_80156D38[a]; ', ' e->f3 = v = D_801234AC[e->f6]; ', 'if (v != 0 && a >= D_80140BDC) D_80140BDC = a + 1; ')
9 (' E14 *e = D_80156D38 + a; ', 's8 v; ', 'e = &D_80156D38[a]; ', ' e->f3 = v = D_801234AC[e->f6]; ', ' if (v) { if (D_80140BDC <= a) D_80140BDC = a + 1; } ')
9 (' E14 *e = D_80156D38 + a; ', 's8 v; ', 'e = &D_80156D38[a]; ', ' e->f3 = v = D_801234AC[e->f6]; ', ' if (!v) return; if (a >= D_80140BDC) D_80140BDC = a + 1; ')
9 (' E14 *e = D_80156D38 + a; ', 's8 v; ', 'e = &D_80156D38[a]; ', ' e->f3 = v = D_801234AC[e->f6]; ', ' if (v != 0 && D_80140BDC <= a) D_80140BDC = a + 1; ')
9 (' E14 *e = D_80156D38 + a; ', 's8 v; ', 'e = &D_80156D38[a]; ', ' v = e->f3 = D_801234AC[e->f6]; ', 'if (v != 0 && a >= D_80140BDC) D_80140BDC = a + 1; ')
9 (' E14 *e = D_80156D38 + a; ', 's8 v; ', 'e = &D_80156D38[a]; ', ' v = e->f3 = D_801234AC[e->f6]; ', ' if (v) { if (D_80140BDC <= a) D_80140BDC = a + 1; } ')
9 (' E14 *e = D_80156D38 + a; ', 's8 v; ', 'e = &D_80156D38[a]; ', ' v = e->f3 = D_801234AC[e->f6]; ', ' if (!v) return; if (a >= D_80140BDC) D_80140BDC = a + 1; ')
9 (' E14 *e = D_80156D38 + a; ', 's8 v; ', 'e = &D_80156D38[a]; ', ' v = e->f3 = D_801234AC[e->f6]; ', ' if (v != 0 && D_80140BDC <= a) D_80140BDC = a + 1; ')
9 (' E14 *e = D_80156D38 + a; ', 's8 v; ', ' e = D_80156D38 + a; ', 'v = D_801234AC[e->f6]; e->f3 = v; ', 'if (v != 0 && a >= D_80140BDC) D_80140BDC = a + 1; ')
9 (' E14 *e = D_80156D38 + a; ', 's8 v; ', ' e = D_80156D38 + a; ', 'v = D_801234AC[e->f6]; e->f3 = v; ', ' if (v) { if (D_80140BDC <= a) D_80140BDC = a + 1; } ')
9 (' E14 *e = D_80156D38 + a; ', 's8 v; ', ' e = D_80156D38 + a; ', 'v = D_801234AC[e->f6]; e->f3 = v; ', ' if (!v) return; if (a >= D_80140BDC) D_80140BDC = a + 1; ')
9 (' E14 *e = D_80156D38 + a; ', 's8 v; ', ' e = D_80156D38 + a; ', 'v = D_801234AC[e->f6]; e->f3 = v; ', ' if (v != 0 && D_80140BDC <= a) D_80140BDC = a + 1; ')
15 (' E14 *e = D_80156D38 + a; ', 's8 v; ', ' e = D_80156D38 + a; ', ' e->f3 = D_801234AC[e->f6]; v = e->f3; ', 'if (v != 0 && a >= D_80140BDC) D_80140BDC = a + 1; ')
15 (' E14 *e = D_80156D38 + a; ', 's8 v; ', ' e = D_80156D38 + a; ', ' e->f3 = D_801234AC[e->f6]; v = e->f3; ', ' if (v) { if (D_80140BDC <= a) D_80140BDC = a + 1; } ')
15 (' E14 *e = D_80156D38 + a; ', 's8 v; ', ' e = D_80156D38 + a; ', ' e->f3 = D_801234AC[e->f6]; v = e->f3; ', ' if (!v) return; if (a >= D_80140BDC) D_80140BDC = a + 1; ')
15 (' E14 *e = D_80156D38 + a; ', 's8 v; ', ' e = D_80156D38 + a; ', ' e->f3 = D_801234AC[e->f6]; v = e->f3; ', ' if (v != 0 && D_80140BDC <= a) D_80140BDC = a + 1; ')
9 (' E14 *e = D_80156D38 + a; ', 's8 v; ', ' e = D_80156D38 + a; ', ' e->f3 = v = D_801234AC[e->f6]; ', 'if (v != 0 && a >= D_80140BDC) D_80140BDC = a + 1; ')
9 (' E14 *e = D_80156D38 + a; ', 's8 v; ', ' e = D_80156D38 + a; ', ' e->f3 = v = D_801234AC[e->f6]; ', ' if (v) { if (D_80140BDC <= a) D_80140BDC = a + 1; } ')
9 (' E14 *e = D_80156D38 + a; ', 's8 v; ', ' e = D_80156D38 + a; ', ' e->f3 = v = D_801234AC[e->f6]; ', ' if (!v) return; if (a >= D_80140BDC) D_80140BDC = a + 1; ')
9 (' E14 *e = D_80156D38 + a; ', 's8 v; ', ' e = D_80156D38 + a; ', ' e->f3 = v = D_801234AC[e->f6]; ', ' if (v != 0 && D_80140BDC <= a) D_80140BDC = a + 1; ')
9 (' E14 *e = D_80156D38 + a; ', 's8 v; ', ' e = D_80156D38 + a; ', ' v = e->f3 = D_801234AC[e->f6]; ', 'if (v != 0 && a >= D_80140BDC) D_80140BDC = a + 1; ')
9 (' E14 *e = D_80156D38 + a; ', 's8 v; ', ' e = D_80156D38 + a; ', ' v = e->f3 = D_801234AC[e->f6]; ', ' if (v) { if (D_80140BDC <= a) D_80140BDC = a + 1; } ')
9 (' E14 *e = D_80156D38 + a; ', 's8 v; ', ' e = D_80156D38 + a; ', ' v = e->f3 = D_801234AC[e->f6]; ', ' if (!v) return; if (a >= D_80140BDC) D_80140BDC = a + 1; ')
9 (' E14 *e = D_80156D38 + a; ', 's8 v; ', ' e = D_80156D38 + a; ', ' v = e->f3 = D_801234AC[e->f6]; ', ' if (v != 0 && D_80140BDC <= a) D_80140BDC = a + 1; ')
9 (' E14 *e = D_80156D38 + a; ', 's8 v; ', ' ', 'v = D_801234AC[e->f6]; e->f3 = v; ', 'if (v != 0 && a >= D_80140BDC) D_80140BDC = a + 1; ')
9 (' E14 *e = D_80156D38 + a; ', 's8 v; ', ' ', 'v = D_801234AC[e->f6]; e->f3 = v; ', ' if (v) { if (D_80140BDC <= a) D_80140BDC = a + 1; } ')
9 (' E14 *e = D_80156D38 + a; ', 's8 v; ', ' ', 'v = D_801234AC[e->f6]; e->f3 = v; ', ' if (!v) return; if (a >= D_80140BDC) D_80140BDC = a + 1; ')
9 (' E14 *e = D_80156D38 + a; ', 's8 v; ', ' ', 'v = D_801234AC[e->f6]; e->f3 = v; ', ' if (v != 0 && D_80140BDC <= a) D_80140BDC = a + 1; ')
15 (' E14 *e = D_80156D38 + a; ', 's8 v; ', ' ', ' e->f3 = D_801234AC[e->f6]; v = e->f3; ', 'if (v != 0 && a >= D_80140BDC) D_80140BDC = a + 1; ')
15 (' E14 *e = D_80156D38 + a; ', 's8 v; ', ' ', ' e->f3 = D_801234AC[e->f6]; v = e->f3; ', ' if (v) { if (D_80140BDC <= a) D_80140BDC = a + 1; } ')
15 (' E14 *e = D_80156D38 + a; ', 's8 v; ', ' ', ' e->f3 = D_801234AC[e->f6]; v = e->f3; ', ' if (!v) return; if (a >= D_80140BDC) D_80140BDC = a + 1; ')
15 (' E14 *e = D_80156D38 + a; ', 's8 v; ', ' ', ' e->f3 = D_801234AC[e->f6]; v = e->f3; ', ' if (v != 0 && D_80140BDC <= a) D_80140BDC = a + 1; ')
9 (' E14 *e = D_80156D38 + a; ', 's8 v; ', ' ', ' e->f3 = v = D_801234AC[e->f6]; ', 'if (v != 0 && a >= D_80140BDC) D_80140BDC = a + 1; ')
9 (' E14 *e = D_80156D38 + a; ', 's8 v; ', ' ', ' e->f3 = v = D_801234AC[e->f6]; ', ' if (v) { if (D_80140BDC <= a) D_80140BDC = a + 1; } ')
9 (' E14 *e = D_80156D38 + a; ', 's8 v; ', ' ', ' e->f3 = v = D_801234AC[e->f6]; ', ' if (!v) return; if (a >= D_80140BDC) D_80140BDC = a + 1; ')
9 (' E14 *e = D_80156D38 + a; ', 's8 v; ', ' ', ' e->f3 = v = D_801234AC[e->f6]; ', ' if (v != 0 && D_80140BDC <= a) D_80140BDC = a + 1; ')
9 (' E14 *e = D_80156D38 + a; ', 's8 v; ', ' ', ' v = e->f3 = D_801234AC[e->f6]; ', 'if (v != 0 && a >= D_80140BDC) D_80140BDC = a + 1; ')
9 (' E14 *e = D_80156D38 + a; ', 's8 v; ', ' ', ' v = e->f3 = D_801234AC[e->f6]; ', ' if (v) { if (D_80140BDC <= a) D_80140BDC = a + 1; } ')
9 (' E14 *e = D_80156D38 + a; ', 's8 v; ', ' ', ' v = e->f3 = D_801234AC[e->f6]; ', ' if (!v) return; if (a >= D_80140BDC) D_80140BDC = a + 1; ')
9 (' E14 *e = D_80156D38 + a; ', 's8 v; ', ' ', ' v = e->f3 = D_801234AC[e->f6]; ', ' if (v != 0 && D_80140BDC <= a) D_80140BDC = a + 1; ')
9 (' E14 *e = D_80156D38 + a; ', ' s32 v; ', 'e = &D_80156D38[a]; ', 'v = D_801234AC[e->f6]; e->f3 = v; ', 'if (v != 0 && a >= D_80140BDC) D_80140BDC = a + 1; ')
9 (' E14 *e = D_80156D38 + a; ', ' s32 v; ', 'e = &D_80156D38[a]; ', 'v = D_801234AC[e->f6]; e->f3 = v; ', ' if (v) { if (D_80140BDC <= a) D_80140BDC = a + 1; } ')
9 (' E14 *e = D_80156D38 + a; ', ' s32 v; ', 'e = &D_80156D38[a]; ', 'v = D_801234AC[e->f6]; e->f3 = v; ', ' if (!v) return; if (a >= D_80140BDC) D_80140BDC = a + 1; ')
9 (' E14 *e = D_80156D38 + a; ', ' s32 v; ', 'e = &D_80156D38[a]; ', 'v = D_801234AC[e->f6]; e->f3 = v; ', ' if (v != 0 && D_80140BDC <= a) D_80140BDC = a + 1; ')
15 (' E14 *e = D_80156D38 + a; ', ' s32 v; ', 'e = &D_80156D38[a]; ', ' e->f3 = D_801234AC[e->f6]; v = e->f3; ', 'if (v != 0 && a >= D_80140BDC) D_80140BDC = a + 1; ')
15 (' E14 *e = D_80156D38 + a; ', ' s32 v; ', 'e = &D_80156D38[a]; ', ' e->f3 = D_801234AC[e->f6]; v = e->f3; ', ' if (v) { if (D_80140BDC <= a) D_80140BDC = a + 1; } ')
15 (' E14 *e = D_80156D38 + a; ', ' s32 v; ', 'e = &D_80156D38[a]; ', ' e->f3 = D_801234AC[e->f6]; v = e->f3; ', ' if (!v) return; if (a >= D_80140BDC) D_80140BDC = a + 1; ')
15 (' E14 *e = D_80156D38 + a; ', ' s32 v; ', 'e = &D_80156D38[a]; ', ' e->f3 = D_801234AC[e->f6]; v = e->f3; ', ' if (v != 0 && D_80140BDC <= a) D_80140BDC = a + 1; ')
9 (' E14 *e = D_80156D38 + a; ', ' s32 v; ', 'e = &D_80156D38[a]; ', ' e->f3 = v = D_801234AC[e->f6]; ', 'if (v != 0 && a >= D_80140BDC) D_80140BDC = a + 1; ')
9 (' E14 *e = D_80156D38 + a; ', ' s32 v; ', 'e = &D_80156D38[a]; ', ' e->f3 = v = D_801234AC[e->f6]; ', ' if (v) { if (D_80140BDC <= a) D_80140BDC = a + 1; } ')
9 (' E14 *e = D_80156D38 + a; ', ' s32 v; ', 'e = &D_80156D38[a]; ', ' e->f3 = v = D_801234AC[e->f6]; ', ' if (!v) return; if (a >= D_80140BDC) D_80140BDC = a + 1; ')
9 (' E14 *e = D_80156D38 + a; ', ' s32 v; ', 'e = &D_80156D38[a]; ', ' e->f3 = v = D_801234AC[e->f6]; ', ' if (v != 0 && D_80140BDC <= a) D_80140BDC = a + 1; ')
9 (' E14 *e = D_80156D38 + a; ', ' s32 v; ', 'e = &D_80156D38[a]; ', ' v = e->f3 = D_801234AC[e->f6]; ', 'if (v != 0 && a >= D_80140BDC) D_80140BDC = a + 1; ')
9 (' E14 *e = D_80156D38 + a; ', ' s32 v; ', 'e = &D_80156D38[a]; ', ' v = e->f3 = D_801234AC[e->f6]; ', ' if (v) { if (D_80140BDC <= a) D_80140BDC = a + 1; } ')
9 (' E14 *e = D_80156D38 + a; ', ' s32 v; ', 'e = &D_80156D38[a]; ', ' v = e->f3 = D_801234AC[e->f6]; ', ' if (!v) return; if (a >= D_80140BDC) D_80140BDC = a + 1; ')
9 (' E14 *e = D_80156D38 + a; ', ' s32 v; ', 'e = &D_80156D38[a]; ', ' v = e->f3 = D_801234AC[e->f6]; ', ' if (v != 0 && D_80140BDC <= a) D_80140BDC = a + 1; ')
9 (' E14 *e = D_80156D38 + a; ', ' s32 v; ', ' e = D_80156D38 + a; ', 'v = D_801234AC[e->f6]; e->f3 = v; ', 'if (v != 0 && a >= D_80140BDC) D_80140BDC = a + 1; ')
9 (' E14 *e = D_80156D38 + a; ', ' s32 v; ', ' e = D_80156D38 + a; ', 'v = D_801234AC[e->f6]; e->f3 = v; ', ' if (v) { if (D_80140BDC <= a) D_80140BDC = a + 1; } ')
9 (' E14 *e = D_80156D38 + a; ', ' s32 v; ', ' e = D_80156D38 + a; ', 'v = D_801234AC[e->f6]; e->f3 = v; ', ' if (!v) return; if (a >= D_80140BDC) D_80140BDC = a + 1; ')
9 (' E14 *e = D_80156D38 + a; ', ' s32 v; ', ' e = D_80156D38 + a; ', 'v = D_801234AC[e->f6]; e->f3 = v; ', ' if (v != 0 && D_80140BDC <= a) D_80140BDC = a + 1; ')
15 (' E14 *e = D_80156D38 + a; ', ' s32 v; ', ' e = D_80156D38 + a; ', ' e->f3 = D_801234AC[e->f6]; v = e->f3; ', 'if (v != 0 && a >= D_80140BDC) D_80140BDC = a + 1; ')
15 (' E14 *e = D_80156D38 + a; ', ' s32 v; ', ' e = D_80156D38 + a; ', ' e->f3 = D_801234AC[e->f6]; v = e->f3; ', ' if (v) { if (D_80140BDC <= a) D_80140BDC = a + 1; } ')
15 (' E14 *e = D_80156D38 + a; ', ' s32 v; ', ' e = D_80156D38 + a; ', ' e->f3 = D_801234AC[e->f6]; v = e->f3; ', ' if (!v) return; if (a >= D_80140BDC) D_80140BDC = a + 1; ')
15 (' E14 *e = D_80156D38 + a; ', ' s32 v; ', ' e = D_80156D38 + a; ', ' e->f3 = D_801234AC[e->f6]; v = e->f3; ', ' if (v != 0 && D_80140BDC <= a) D_80140BDC = a + 1; ')
9 (' E14 *e = D_80156D38 + a; ', ' s32 v; ', ' e = D_80156D38 + a; ', ' e->f3 = v = D_801234AC[e->f6]; ', 'if (v != 0 && a >= D_80140BDC) D_80140BDC = a + 1; ')
9 (' E14 *e = D_80156D38 + a; ', ' s32 v; ', ' e = D_80156D38 + a; ', ' e->f3 = v = D_801234AC[e->f6]; ', ' if (v) { if (D_80140BDC <= a) D_80140BDC = a + 1; } ')
9 (' E14 *e = D_80156D38 + a; ', ' s32 v; ', ' e = D_80156D38 + a; ', ' e->f3 = v = D_801234AC[e->f6]; ', ' if (!v) return; if (a >= D_80140BDC) D_80140BDC = a + 1; ')
9 (' E14 *e = D_80156D38 + a; ', ' s32 v; ', ' e = D_80156D38 + a; ', ' e->f3 = v = D_801234AC[e->f6]; ', ' if (v != 0 && D_80140BDC <= a) D_80140BDC = a + 1; ')
9 (' E14 *e = D_80156D38 + a; ', ' s32 v; ', ' e = D_80156D38 + a; ', ' v = e->f3 = D_801234AC[e->f6]; ', 'if (v != 0 && a >= D_80140BDC) D_80140BDC = a + 1; ')
9 (' E14 *e = D_80156D38 + a; ', ' s32 v; ', ' e = D_80156D38 + a; ', ' v = e->f3 = D_801234AC[e->f6]; ', ' if (v) { if (D_80140BDC <= a) D_80140BDC = a + 1; } ')
9 (' E14 *e = D_80156D38 + a; ', ' s32 v; ', ' e = D_80156D38 + a; ', ' v = e->f3 = D_801234AC[e->f6]; ', ' if (!v) return; if (a >= D_80140BDC) D_80140BDC = a + 1; ')
9 (' E14 *e = D_80156D38 + a; ', ' s32 v; ', ' e = D_80156D38 + a; ', ' v = e->f3 = D_801234AC[e->f6]; ', ' if (v != 0 && D_80140BDC <= a) D_80140BDC = a + 1; ')
9 (' E14 *e = D_80156D38 + a; ', ' s32 v; ', ' ', 'v = D_801234AC[e->f6]; e->f3 = v; ', 'if (v != 0 && a >= D_80140BDC) D_80140BDC = a + 1; ')
9 (' E14 *e = D_80156D38 + a; ', ' s32 v; ', ' ', 'v = D_801234AC[e->f6]; e->f3 = v; ', ' if (v) { if (D_80140BDC <= a) D_80140BDC = a + 1; } ')
9 (' E14 *e = D_80156D38 + a; ', ' s32 v; ', ' ', 'v = D_801234AC[e->f6]; e->f3 = v; ', ' if (!v) return; if (a >= D_80140BDC) D_80140BDC = a + 1; ')
9 (' E14 *e = D_80156D38 + a; ', ' s32 v; ', ' ', 'v = D_801234AC[e->f6]; e->f3 = v; ', ' if (v != 0 && D_80140BDC <= a) D_80140BDC = a + 1; ')
15 (' E14 *e = D_80156D38 + a; ', ' s32 v; ', ' ', ' e->f3 = D_801234AC[e->f6]; v = e->f3; ', 'if (v != 0 && a >= D_80140BDC) D_80140BDC = a + 1; ')
15 (' E14 *e = D_80156D38 + a; ', ' s32 v; ', ' ', ' e->f3 = D_801234AC[e->f6]; v = e->f3; ', ' if (v) { if (D_80140BDC <= a) D_80140BDC = a + 1; } ')
15 (' E14 *e = D_80156D38 + a; ', ' s32 v; ', ' ', ' e->f3 = D_801234AC[e->f6]; v = e->f3; ', ' if (!v) return; if (a >= D_80140BDC) D_80140BDC = a + 1; ')
15 (' E14 *e = D_80156D38 + a; ', ' s32 v; ', ' ', ' e->f3 = D_801234AC[e->f6]; v = e->f3; ', ' if (v != 0 && D_80140BDC <= a) D_80140BDC = a + 1; ')
9 (' E14 *e = D_80156D38 + a; ', ' s32 v; ', ' ', ' e->f3 = v = D_801234AC[e->f6]; ', 'if (v != 0 && a >= D_80140BDC) D_80140BDC = a + 1; ')
9 (' E14 *e = D_80156D38 + a; ', ' s32 v; ', ' ', ' e->f3 = v = D_801234AC[e->f6]; ', ' if (v) { if (D_80140BDC <= a) D_80140BDC = a + 1; } ')
9 (' E14 *e = D_80156D38 + a; ', ' s32 v; ', ' ', ' e->f3 = v = D_801234AC[e->f6]; ', ' if (!v) return; if (a >= D_80140BDC) D_80140BDC = a + 1; ')
9 (' E14 *e = D_80156D38 + a; ', ' s32 v; ', ' ', ' e->f3 = v = D_801234AC[e->f6]; ', ' if (v != 0 && D_80140BDC <= a) D_80140BDC = a + 1; ')
9 (' E14 *e = D_80156D38 + a; ', ' s32 v; ', ' ', ' v = e->f3 = D_801234AC[e->f6]; ', 'if (v != 0 && a >= D_80140BDC) D_80140BDC = a + 1; ')
9 (' E14 *e = D_80156D38 + a; ', ' s32 v; ', ' ', ' v = e->f3 = D_801234AC[e->f6]; ', ' if (v) { if (D_80140BDC <= a) D_80140BDC = a + 1; } ')
9 (' E14 *e = D_80156D38 + a; ', ' s32 v; ', ' ', ' v = e->f3 = D_801234AC[e->f6]; ', ' if (!v) return; if (a >= D_80140BDC) D_80140BDC = a + 1; ')
9 (' E14 *e = D_80156D38 + a; ', ' s32 v; ', ' ', ' v = e->f3 = D_801234AC[e->f6]; ', ' if (v != 0 && D_80140BDC <= a) D_80140BDC = a + 1; ')
9999 (' E14 *e = D_80156D38 + a; ', ' ', 'e = &D_80156D38[a]; ', 'v = D_801234AC[e->f6]; e->f3 = v; ', 'if (v != 0 && a >= D_80140BDC) D_80140BDC = a + 1; ')
9999 (' E14 *e = D_80156D38 + a; ', ' ', 'e = &D_80156D38[a]; ', 'v = D_801234AC[e->f6]; e->f3 = v; ', ' if (v) { if (D_80140BDC <= a) D_80140BDC = a + 1; } ')
9999 (' E14 *e = D_80156D38 + a; ', ' ', 'e = &D_80156D38[a]; ', 'v = D_801234AC[e->f6]; e->f3 = v; ', ' if (!v) return; if (a >= D_80140BDC) D_80140BDC = a + 1; ')
9999 (' E14 *e = D_80156D38 + a; ', ' ', 'e = &D_80156D38[a]; ', 'v = D_801234AC[e->f6]; e->f3 = v; ', ' if (v != 0 && D_80140BDC <= a) D_80140BDC = a + 1; ')
9999 (' E14 *e = D_80156D38 + a; ', ' ', 'e = &D_80156D38[a]; ', ' e->f3 = D_801234AC[e->f6]; v = e->f3; ', 'if (v != 0 && a >= D_80140BDC) D_80140BDC = a + 1; ')
9999 (' E14 *e = D_80156D38 + a; ', ' ', 'e = &D_80156D38[a]; ', ' e->f3 = D_801234AC[e->f6]; v = e->f3; ', ' if (v) { if (D_80140BDC <= a) D_80140BDC = a + 1; } ')
9999 (' E14 *e = D_80156D38 + a; ', ' ', 'e = &D_80156D38[a]; ', ' e->f3 = D_801234AC[e->f6]; v = e->f3; ', ' if (!v) return; if (a >= D_80140BDC) D_80140BDC = a + 1; ')
9999 (' E14 *e = D_80156D38 + a; ', ' ', 'e = &D_80156D38[a]; ', ' e->f3 = D_801234AC[e->f6]; v = e->f3; ', ' if (v != 0 && D_80140BDC <= a) D_80140BDC = a + 1; ')
9999 (' E14 *e = D_80156D38 + a; ', ' ', 'e = &D_80156D38[a]; ', ' e->f3 = v = D_801234AC[e->f6]; ', 'if (v != 0 && a >= D_80140BDC) D_80140BDC = a + 1; ')
9999 (' E14 *e = D_80156D38 + a; ', ' ', 'e = &D_80156D38[a]; ', ' e->f3 = v = D_801234AC[e->f6]; ', ' if (v) { if (D_80140BDC <= a) D_80140BDC = a + 1; } ')
9999 (' E14 *e = D_80156D38 + a; ', ' ', 'e = &D_80156D38[a]; ', ' e->f3 = v = D_801234AC[e->f6]; ', ' if (!v) return; if (a >= D_80140BDC) D_80140BDC = a + 1; ')
9999 (' E14 *e = D_80156D38 + a; ', ' ', 'e = &D_80156D38[a]; ', ' e->f3 = v = D_801234AC[e->f6]; ', ' if (v != 0 && D_80140BDC <= a) D_80140BDC = a + 1; ')
9999 (' E14 *e = D_80156D38 + a; ', ' ', 'e = &D_80156D38[a]; ', ' v = e->f3 = D_801234AC[e->f6]; ', 'if (v != 0 && a >= D_80140BDC) D_80140BDC = a + 1; ')
9999 (' E14 *e = D_80156D38 + a; ', ' ', 'e = &D_80156D38[a]; ', ' v = e->f3 = D_801234AC[e->f6]; ', ' if (v) { if (D_80140BDC <= a) D_80140BDC = a + 1; } ')
9999 (' E14 *e = D_80156D38 + a; ', ' ', 'e = &D_80156D38[a]; ', ' v = e->f3 = D_801234AC[e->f6]; ', ' if (!v) return; if (a >= D_80140BDC) D_80140BDC = a + 1; ')
9999 (' E14 *e = D_80156D38 + a; ', ' ', 'e = &D_80156D38[a]; ', ' v = e->f3 = D_801234AC[e->f6]; ', ' if (v != 0 && D_80140BDC <= a) D_80140BDC = a + 1; ')
9999 (' E14 *e = D_80156D38 + a; ', ' ', ' e = D_80156D38 + a; ', 'v = D_801234AC[e->f6]; e->f3 = v; ', 'if (v != 0 && a >= D_80140BDC) D_80140BDC = a + 1; ')
9999 (' E14 *e = D_80156D38 + a; ', ' ', ' e = D_80156D38 + a; ', 'v = D_801234AC[e->f6]; e->f3 = v; ', ' if (v) { if (D_80140BDC <= a) D_80140BDC = a + 1; } ')
9999 (' E14 *e = D_80156D38 + a; ', ' ', ' e = D_80156D38 + a; ', 'v = D_801234AC[e->f6]; e->f3 = v; ', ' if (!v) return; if (a >= D_80140BDC) D_80140BDC = a + 1; ')
9999 (' E14 *e = D_80156D38 + a; ', ' ', ' e = D_80156D38 + a; ', 'v = D_801234AC[e->f6]; e->f3 = v; ', ' if (v != 0 && D_80140BDC <= a) D_80140BDC = a + 1; ')
9999 (' E14 *e = D_80156D38 + a; ', ' ', ' e = D_80156D38 + a; ', ' e->f3 = D_801234AC[e->f6]; v = e->f3; ', 'if (v != 0 && a >= D_80140BDC) D_80140BDC = a + 1; ')
9999 (' E14 *e = D_80156D38 + a; ', ' ', ' e = D_80156D38 + a; ', ' e->f3 = D_801234AC[e->f6]; v = e->f3; ', ' if (v) { if (D_80140BDC <= a) D_80140BDC = a + 1; } ')
9999 (' E14 *e = D_80156D38 + a; ', ' ', ' e = D_80156D38 + a; ', ' e->f3 = D_801234AC[e->f6]; v = e->f3; ', ' if (!v) return; if (a >= D_80140BDC) D_80140BDC = a + 1; ')
9999 (' E14 *e = D_80156D38 + a; ', ' ', ' e = D_80156D38 + a; ', ' e->f3 = D_801234AC[e->f6]; v = e->f3; ', ' if (v != 0 && D_80140BDC <= a) D_80140BDC = a + 1; ')
9999 (' E14 *e = D_80156D38 + a; ', ' ', ' e = D_80156D38 + a; ', ' e->f3 = v = D_801234AC[e->f6]; ', 'if (v != 0 && a >= D_80140BDC) D_80140BDC = a + 1; ')
9999 (' E14 *e = D_80156D38 + a; ', ' ', ' e = D_80156D38 + a; ', ' e->f3 = v = D_801234AC[e->f6]; ', ' if (v) { if (D_80140BDC <= a) D_80140BDC = a + 1; } ')
9999 (' E14 *e = D_80156D38 + a; ', ' ', ' e = D_80156D38 + a; ', ' e->f3 = v = D_801234AC[e->f6]; ', ' if (!v) return; if (a >= D_80140BDC) D_80140BDC = a + 1; ')
9999 (' E14 *e = D_80156D38 + a; ', ' ', ' e = D_80156D38 + a; ', ' e->f3 = v = D_801234AC[e->f6]; ', ' if (v != 0 && D_80140BDC <= a) D_80140BDC = a + 1; ')
9999 (' E14 *e = D_80156D38 + a; ', ' ', ' e = D_80156D38 + a; ', ' v = e->f3 = D_801234AC[e->f6]; ', 'if (v != 0 && a >= D_80140BDC) D_80140BDC = a + 1; ')
9999 (' E14 *e = D_80156D38 + a; ', ' ', ' e = D_80156D38 + a; ', ' v = e->f3 = D_801234AC[e->f6]; ', ' if (v) { if (D_80140BDC <= a) D_80140BDC = a + 1; } ')
9999 (' E14 *e = D_80156D38 + a; ', ' ', ' e = D_80156D38 + a; ', ' v = e->f3 = D_801234AC[e->f6]; ', ' if (!v) return; if (a >= D_80140BDC) D_80140BDC = a + 1; ')
9999 (' E14 *e = D_80156D38 + a; ', ' ', ' e = D_80156D38 + a; ', ' v = e->f3 = D_801234AC[e->f6]; ', ' if (v != 0 && D_80140BDC <= a) D_80140BDC = a + 1; ')
9999 (' E14 *e = D_80156D38 + a; ', ' ', ' ', 'v = D_801234AC[e->f6]; e->f3 = v; ', 'if (v != 0 && a >= D_80140BDC) D_80140BDC = a + 1; ')
9999 (' E14 *e = D_80156D38 + a; ', ' ', ' ', 'v = D_801234AC[e->f6]; e->f3 = v; ', ' if (v) { if (D_80140BDC <= a) D_80140BDC = a + 1; } ')
9999 (' E14 *e = D_80156D38 + a; ', ' ', ' ', 'v = D_801234AC[e->f6]; e->f3 = v; ', ' if (!v) return; if (a >= D_80140BDC) D_80140BDC = a + 1; ')
9999 (' E14 *e = D_80156D38 + a; ', ' ', ' ', 'v = D_801234AC[e->f6]; e->f3 = v; ', ' if (v != 0 && D_80140BDC <= a) D_80140BDC = a + 1; ')
9999 (' E14 *e = D_80156D38 + a; ', ' ', ' ', ' e->f3 = D_801234AC[e->f6]; v = e->f3; ', 'if (v != 0 && a >= D_80140BDC) D_80140BDC = a + 1; ')
9999 (' E14 *e = D_80156D38 + a; ', ' ', ' ', ' e->f3 = D_801234AC[e->f6]; v = e->f3; ', ' if (v) { if (D_80140BDC <= a) D_80140BDC = a + 1; } ')
9999 (' E14 *e = D_80156D38 + a; ', ' ', ' ', ' e->f3 = D_801234AC[e->f6]; v = e->f3; ', ' if (!v) return; if (a >= D_80140BDC) D_80140BDC = a + 1; ')
9999 (' E14 *e = D_80156D38 + a; ', ' ', ' ', ' e->f3 = D_801234AC[e->f6]; v = e->f3; ', ' if (v != 0 && D_80140BDC <= a) D_80140BDC = a + 1; ')
9999 (' E14 *e = D_80156D38 + a; ', ' ', ' ', ' e->f3 = v = D_801234AC[e->f6]; ', 'if (v != 0 && a >= D_80140BDC) D_80140BDC = a + 1; ')
9999 (' E14 *e = D_80156D38 + a; ', ' ', ' ', ' e->f3 = v = D_801234AC[e->f6]; ', ' if (v) { if (D_80140BDC <= a) D_80140BDC = a + 1; } ')
9999 (' E14 *e = D_80156D38 + a; ', ' ', ' ', ' e->f3 = v = D_801234AC[e->f6]; ', ' if (!v) return; if (a >= D_80140BDC) D_80140BDC = a + 1; ')
9999 (' E14 *e = D_80156D38 + a; ', ' ', ' ', ' e->f3 = v = D_801234AC[e->f6]; ', ' if (v != 0 && D_80140BDC <= a) D_80140BDC = a + 1; ')
9999 (' E14 *e = D_80156D38 + a; ', ' ', ' ', ' v = e->f3 = D_801234AC[e->f6]; ', 'if (v != 0 && a >= D_80140BDC) D_80140BDC = a + 1; ')
9999 (' E14 *e = D_80156D38 + a; ', ' ', ' ', ' v = e->f3 = D_801234AC[e->f6]; ', ' if (v) { if (D_80140BDC <= a) D_80140BDC = a + 1; } ')
9999 (' E14 *e = D_80156D38 + a; ', ' ', ' ', ' v = e->f3 = D_801234AC[e->f6]; ', ' if (!v) return; if (a >= D_80140BDC) D_80140BDC = a + 1; ')
9999 (' E14 *e = D_80156D38 + a; ', ' ', ' ', ' v = e->f3 = D_801234AC[e->f6]; ', ' if (v != 0 && D_80140BDC <= a) D_80140BDC = a + 1; ')
9 (' E14 *e; ', 's8 v; ', 'e = &D_80156D38[a]; ', 'v = D_801234AC[e->f6]; e->f3 = v; ', 'if (v != 0 && a >= D_80140BDC) D_80140BDC = a + 1; ')
9 (' E14 *e; ', 's8 v; ', 'e = &D_80156D38[a]; ', 'v = D_801234AC[e->f6]; e->f3 = v; ', ' if (v) { if (D_80140BDC <= a) D_80140BDC = a + 1; } ')
9 (' E14 *e; ', 's8 v; ', 'e = &D_80156D38[a]; ', 'v = D_801234AC[e->f6]; e->f3 = v; ', ' if (!v) return; if (a >= D_80140BDC) D_80140BDC = a + 1; ')
9 (' E14 *e; ', 's8 v; ', 'e = &D_80156D38[a]; ', 'v = D_801234AC[e->f6]; e->f3 = v; ', ' if (v != 0 && D_80140BDC <= a) D_80140BDC = a + 1; ')
15 (' E14 *e; ', 's8 v; ', 'e = &D_80156D38[a]; ', ' e->f3 = D_801234AC[e->f6]; v = e->f3; ', 'if (v != 0 && a >= D_80140BDC) D_80140BDC = a + 1; ')
15 (' E14 *e; ', 's8 v; ', 'e = &D_80156D38[a]; ', ' e->f3 = D_801234AC[e->f6]; v = e->f3; ', ' if (v) { if (D_80140BDC <= a) D_80140BDC = a + 1; } ')
15 (' E14 *e; ', 's8 v; ', 'e = &D_80156D38[a]; ', ' e->f3 = D_801234AC[e->f6]; v = e->f3; ', ' if (!v) return; if (a >= D_80140BDC) D_80140BDC = a + 1; ')
15 (' E14 *e; ', 's8 v; ', 'e = &D_80156D38[a]; ', ' e->f3 = D_801234AC[e->f6]; v = e->f3; ', ' if (v != 0 && D_80140BDC <= a) D_80140BDC = a + 1; ')
9 (' E14 *e; ', 's8 v; ', 'e = &D_80156D38[a]; ', ' e->f3 = v = D_801234AC[e->f6]; ', 'if (v != 0 && a >= D_80140BDC) D_80140BDC = a + 1; ')
9 (' E14 *e; ', 's8 v; ', 'e = &D_80156D38[a]; ', ' e->f3 = v = D_801234AC[e->f6]; ', ' if (v) { if (D_80140BDC <= a) D_80140BDC = a + 1; } ')
9 (' E14 *e; ', 's8 v; ', 'e = &D_80156D38[a]; ', ' e->f3 = v = D_801234AC[e->f6]; ', ' if (!v) return; if (a >= D_80140BDC) D_80140BDC = a + 1; ')
9 (' E14 *e; ', 's8 v; ', 'e = &D_80156D38[a]; ', ' e->f3 = v = D_801234AC[e->f6]; ', ' if (v != 0 && D_80140BDC <= a) D_80140BDC = a + 1; ')
9 (' E14 *e; ', 's8 v; ', 'e = &D_80156D38[a]; ', ' v = e->f3 = D_801234AC[e->f6]; ', 'if (v != 0 && a >= D_80140BDC) D_80140BDC = a + 1; ')
9 (' E14 *e; ', 's8 v; ', 'e = &D_80156D38[a]; ', ' v = e->f3 = D_801234AC[e->f6]; ', ' if (v) { if (D_80140BDC <= a) D_80140BDC = a + 1; } ')
9 (' E14 *e; ', 's8 v; ', 'e = &D_80156D38[a]; ', ' v = e->f3 = D_801234AC[e->f6]; ', ' if (!v) return; if (a >= D_80140BDC) D_80140BDC = a + 1; ')
9 (' E14 *e; ', 's8 v; ', 'e = &D_80156D38[a]; ', ' v = e->f3 = D_801234AC[e->f6]; ', ' if (v != 0 && D_80140BDC <= a) D_80140BDC = a + 1; ')
9 (' E14 *e; ', 's8 v; ', ' e = D_80156D38 + a; ', 'v = D_801234AC[e->f6]; e->f3 = v; ', 'if (v != 0 && a >= D_80140BDC) D_80140BDC = a + 1; ')
9 (' E14 *e; ', 's8 v; ', ' e = D_80156D38 + a; ', 'v = D_801234AC[e->f6]; e->f3 = v; ', ' if (v) { if (D_80140BDC <= a) D_80140BDC = a + 1; } ')
9 (' E14 *e; ', 's8 v; ', ' e = D_80156D38 + a; ', 'v = D_801234AC[e->f6]; e->f3 = v; ', ' if (!v) return; if (a >= D_80140BDC) D_80140BDC = a + 1; ')
9 (' E14 *e; ', 's8 v; ', ' e = D_80156D38 + a; ', 'v = D_801234AC[e->f6]; e->f3 = v; ', ' if (v != 0 && D_80140BDC <= a) D_80140BDC = a + 1; ')
15 (' E14 *e; ', 's8 v; ', ' e = D_80156D38 + a; ', ' e->f3 = D_801234AC[e->f6]; v = e->f3; ', 'if (v != 0 && a >= D_80140BDC) D_80140BDC = a + 1; ')
15 (' E14 *e; ', 's8 v; ', ' e = D_80156D38 + a; ', ' e->f3 = D_801234AC[e->f6]; v = e->f3; ', ' if (v) { if (D_80140BDC <= a) D_80140BDC = a + 1; } ')
15 (' E14 *e; ', 's8 v; ', ' e = D_80156D38 + a; ', ' e->f3 = D_801234AC[e->f6]; v = e->f3; ', ' if (!v) return; if (a >= D_80140BDC) D_80140BDC = a + 1; ')
15 (' E14 *e; ', 's8 v; ', ' e = D_80156D38 + a; ', ' e->f3 = D_801234AC[e->f6]; v = e->f3; ', ' if (v != 0 && D_80140BDC <= a) D_80140BDC = a + 1; ')
9 (' E14 *e; ', 's8 v; ', ' e = D_80156D38 + a; ', ' e->f3 = v = D_801234AC[e->f6]; ', 'if (v != 0 && a >= D_80140BDC) D_80140BDC = a + 1; ')
9 (' E14 *e; ', 's8 v; ', ' e = D_80156D38 + a; ', ' e->f3 = v = D_801234AC[e->f6]; ', ' if (v) { if (D_80140BDC <= a) D_80140BDC = a + 1; } ')
9 (' E14 *e; ', 's8 v; ', ' e = D_80156D38 + a; ', ' e->f3 = v = D_801234AC[e->f6]; ', ' if (!v) return; if (a >= D_80140BDC) D_80140BDC = a + 1; ')
9 (' E14 *e; ', 's8 v; ', ' e = D_80156D38 + a; ', ' e->f3 = v = D_801234AC[e->f6]; ', ' if (v != 0 && D_80140BDC <= a) D_80140BDC = a + 1; ')
9 (' E14 *e; ', 's8 v; ', ' e = D_80156D38 + a; ', ' v = e->f3 = D_801234AC[e->f6]; ', 'if (v != 0 && a >= D_80140BDC) D_80140BDC = a + 1; ')
9 (' E14 *e; ', 's8 v; ', ' e = D_80156D38 + a; ', ' v = e->f3 = D_801234AC[e->f6]; ', ' if (v) { if (D_80140BDC <= a) D_80140BDC = a + 1; } ')
9 (' E14 *e; ', 's8 v; ', ' e = D_80156D38 + a; ', ' v = e->f3 = D_801234AC[e->f6]; ', ' if (!v) return; if (a >= D_80140BDC) D_80140BDC = a + 1; ')
9 (' E14 *e; ', 's8 v; ', ' e = D_80156D38 + a; ', ' v = e->f3 = D_801234AC[e->f6]; ', ' if (v != 0 && D_80140BDC <= a) D_80140BDC = a + 1; ')
21 (' E14 *e; ', 's8 v; ', ' ', 'v = D_801234AC[e->f6]; e->f3 = v; ', 'if (v != 0 && a >= D_80140BDC) D_80140BDC = a + 1; ')
21 (' E14 *e; ', 's8 v; ', ' ', 'v = D_801234AC[e->f6]; e->f3 = v; ', ' if (v) { if (D_80140BDC <= a) D_80140BDC = a + 1; } ')
21 (' E14 *e; ', 's8 v; ', ' ', 'v = D_801234AC[e->f6]; e->f3 = v; ', ' if (!v) return; if (a >= D_80140BDC) D_80140BDC = a + 1; ')
21 (' E14 *e; ', 's8 v; ', ' ', 'v = D_801234AC[e->f6]; e->f3 = v; ', ' if (v != 0 && D_80140BDC <= a) D_80140BDC = a + 1; ')
22 (' E14 *e; ', 's8 v; ', ' ', ' e->f3 = D_801234AC[e->f6]; v = e->f3; ', 'if (v != 0 && a >= D_80140BDC) D_80140BDC = a + 1; ')
22 (' E14 *e; ', 's8 v; ', ' ', ' e->f3 = D_801234AC[e->f6]; v = e->f3; ', ' if (v) { if (D_80140BDC <= a) D_80140BDC = a + 1; } ')
22 (' E14 *e; ', 's8 v; ', ' ', ' e->f3 = D_801234AC[e->f6]; v = e->f3; ', ' if (!v) return; if (a >= D_80140BDC) D_80140BDC = a + 1; ')
22 (' E14 *e; ', 's8 v; ', ' ', ' e->f3 = D_801234AC[e->f6]; v = e->f3; ', ' if (v != 0 && D_80140BDC <= a) D_80140BDC = a + 1; ')
21 (' E14 *e; ', 's8 v; ', ' ', ' e->f3 = v = D_801234AC[e->f6]; ', 'if (v != 0 && a >= D_80140BDC) D_80140BDC = a + 1; ')
21 (' E14 *e; ', 's8 v; ', ' ', ' e->f3 = v = D_801234AC[e->f6]; ', ' if (v) { if (D_80140BDC <= a) D_80140BDC = a + 1; } ')
21 (' E14 *e; ', 's8 v; ', ' ', ' e->f3 = v = D_801234AC[e->f6]; ', ' if (!v) return; if (a >= D_80140BDC) D_80140BDC = a + 1; ')
21 (' E14 *e; ', 's8 v; ', ' ', ' e->f3 = v = D_801234AC[e->f6]; ', ' if (v != 0 && D_80140BDC <= a) D_80140BDC = a + 1; ')
21 (' E14 *e; ', 's8 v; ', ' ', ' v = e->f3 = D_801234AC[e->f6]; ', 'if (v != 0 && a >= D_80140BDC) D_80140BDC = a + 1; ')
21 (' E14 *e; ', 's8 v; ', ' ', ' v = e->f3 = D_801234AC[e->f6]; ', ' if (v) { if (D_80140BDC <= a) D_80140BDC = a + 1; } ')
21 (' E14 *e; ', 's8 v; ', ' ', ' v = e->f3 = D_801234AC[e->f6]; ', ' if (!v) return; if (a >= D_80140BDC) D_80140BDC = a + 1; ')
21 (' E14 *e; ', 's8 v; ', ' ', ' v = e->f3 = D_801234AC[e->f6]; ', ' if (v != 0 && D_80140BDC <= a) D_80140BDC = a + 1; ')
9 (' E14 *e; ', ' s32 v; ', 'e = &D_80156D38[a]; ', 'v = D_801234AC[e->f6]; e->f3 = v; ', 'if (v != 0 && a >= D_80140BDC) D_80140BDC = a + 1; ')
9 (' E14 *e; ', ' s32 v; ', 'e = &D_80156D38[a]; ', 'v = D_801234AC[e->f6]; e->f3 = v; ', ' if (v) { if (D_80140BDC <= a) D_80140BDC = a + 1; } ')
9 (' E14 *e; ', ' s32 v; ', 'e = &D_80156D38[a]; ', 'v = D_801234AC[e->f6]; e->f3 = v; ', ' if (!v) return; if (a >= D_80140BDC) D_80140BDC = a + 1; ')
9 (' E14 *e; ', ' s32 v; ', 'e = &D_80156D38[a]; ', 'v = D_801234AC[e->f6]; e->f3 = v; ', ' if (v != 0 && D_80140BDC <= a) D_80140BDC = a + 1; ')
15 (' E14 *e; ', ' s32 v; ', 'e = &D_80156D38[a]; ', ' e->f3 = D_801234AC[e->f6]; v = e->f3; ', 'if (v != 0 && a >= D_80140BDC) D_80140BDC = a + 1; ')
15 (' E14 *e; ', ' s32 v; ', 'e = &D_80156D38[a]; ', ' e->f3 = D_801234AC[e->f6]; v = e->f3; ', ' if (v) { if (D_80140BDC <= a) D_80140BDC = a + 1; } ')
15 (' E14 *e; ', ' s32 v; ', 'e = &D_80156D38[a]; ', ' e->f3 = D_801234AC[e->f6]; v = e->f3; ', ' if (!v) return; if (a >= D_80140BDC) D_80140BDC = a + 1; ')
15 (' E14 *e; ', ' s32 v; ', 'e = &D_80156D38[a]; ', ' e->f3 = D_801234AC[e->f6]; v = e->f3; ', ' if (v != 0 && D_80140BDC <= a) D_80140BDC = a + 1; ')
9 (' E14 *e; ', ' s32 v; ', 'e = &D_80156D38[a]; ', ' e->f3 = v = D_801234AC[e->f6]; ', 'if (v != 0 && a >= D_80140BDC) D_80140BDC = a + 1; ')
9 (' E14 *e; ', ' s32 v; ', 'e = &D_80156D38[a]; ', ' e->f3 = v = D_801234AC[e->f6]; ', ' if (v) { if (D_80140BDC <= a) D_80140BDC = a + 1; } ')
9 (' E14 *e; ', ' s32 v; ', 'e = &D_80156D38[a]; ', ' e->f3 = v = D_801234AC[e->f6]; ', ' if (!v) return; if (a >= D_80140BDC) D_80140BDC = a + 1; ')
9 (' E14 *e; ', ' s32 v; ', 'e = &D_80156D38[a]; ', ' e->f3 = v = D_801234AC[e->f6]; ', ' if (v != 0 && D_80140BDC <= a) D_80140BDC = a + 1; ')
9 (' E14 *e; ', ' s32 v; ', 'e = &D_80156D38[a]; ', ' v = e->f3 = D_801234AC[e->f6]; ', 'if (v != 0 && a >= D_80140BDC) D_80140BDC = a + 1; ')
9 (' E14 *e; ', ' s32 v; ', 'e = &D_80156D38[a]; ', ' v = e->f3 = D_801234AC[e->f6]; ', ' if (v) { if (D_80140BDC <= a) D_80140BDC = a + 1; } ')
9 (' E14 *e; ', ' s32 v; ', 'e = &D_80156D38[a]; ', ' v = e->f3 = D_801234AC[e->f6]; ', ' if (!v) return; if (a >= D_80140BDC) D_80140BDC = a + 1; ')
9 (' E14 *e; ', ' s32 v; ', 'e = &D_80156D38[a]; ', ' v = e->f3 = D_801234AC[e->f6]; ', ' if (v != 0 && D_80140BDC <= a) D_80140BDC = a + 1; ')
9 (' E14 *e; ', ' s32 v; ', ' e = D_80156D38 + a; ', 'v = D_801234AC[e->f6]; e->f3 = v; ', 'if (v != 0 && a >= D_80140BDC) D_80140BDC = a + 1; ')
9 (' E14 *e; ', ' s32 v; ', ' e = D_80156D38 + a; ', 'v = D_801234AC[e->f6]; e->f3 = v; ', ' if (v) { if (D_80140BDC <= a) D_80140BDC = a + 1; } ')
9 (' E14 *e; ', ' s32 v; ', ' e = D_80156D38 + a; ', 'v = D_801234AC[e->f6]; e->f3 = v; ', ' if (!v) return; if (a >= D_80140BDC) D_80140BDC = a + 1; ')
9 (' E14 *e; ', ' s32 v; ', ' e = D_80156D38 + a; ', 'v = D_801234AC[e->f6]; e->f3 = v; ', ' if (v != 0 && D_80140BDC <= a) D_80140BDC = a + 1; ')
15 (' E14 *e; ', ' s32 v; ', ' e = D_80156D38 + a; ', ' e->f3 = D_801234AC[e->f6]; v = e->f3; ', 'if (v != 0 && a >= D_80140BDC) D_80140BDC = a + 1; ')
15 (' E14 *e; ', ' s32 v; ', ' e = D_80156D38 + a; ', ' e->f3 = D_801234AC[e->f6]; v = e->f3; ', ' if (v) { if (D_80140BDC <= a) D_80140BDC = a + 1; } ')
15 (' E14 *e; ', ' s32 v; ', ' e = D_80156D38 + a; ', ' e->f3 = D_801234AC[e->f6]; v = e->f3; ', ' if (!v) return; if (a >= D_80140BDC) D_80140BDC = a + 1; ')
15 (' E14 *e; ', ' s32 v; ', ' e = D_80156D38 + a; ', ' e->f3 = D_801234AC[e->f6]; v = e->f3; ', ' if (v != 0 && D_80140BDC <= a) D_80140BDC = a + 1; ')
9 (' E14 *e; ', ' s32 v; ', ' e = D_80156D38 + a; ', ' e->f3 = v = D_801234AC[e->f6]; ', 'if (v != 0 && a >= D_80140BDC) D_80140BDC = a + 1; ')
9 (' E14 *e; ', ' s32 v; ', ' e = D_80156D38 + a; ', ' e->f3 = v = D_801234AC[e->f6]; ', ' if (v) { if (D_80140BDC <= a) D_80140BDC = a + 1; } ')
9 (' E14 *e; ', ' s32 v; ', ' e = D_80156D38 + a; ', ' e->f3 = v = D_801234AC[e->f6]; ', ' if (!v) return; if (a >= D_80140BDC) D_80140BDC = a + 1; ')
9 (' E14 *e; ', ' s32 v; ', ' e = D_80156D38 + a; ', ' e->f3 = v = D_801234AC[e->f6]; ', ' if (v != 0 && D_80140BDC <= a) D_80140BDC = a + 1; ')
9 (' E14 *e; ', ' s32 v; ', ' e = D_80156D38 + a; ', ' v = e->f3 = D_801234AC[e->f6]; ', 'if (v != 0 && a >= D_80140BDC) D_80140BDC = a + 1; ')
9 (' E14 *e; ', ' s32 v; ', ' e = D_80156D38 + a; ', ' v = e->f3 = D_801234AC[e->f6]; ', ' if (v) { if (D_80140BDC <= a) D_80140BDC = a + 1; } ')
9 (' E14 *e; ', ' s32 v; ', ' e = D_80156D38 + a; ', ' v = e->f3 = D_801234AC[e->f6]; ', ' if (!v) return; if (a >= D_80140BDC) D_80140BDC = a + 1; ')
9 (' E14 *e; ', ' s32 v; ', ' e = D_80156D38 + a; ', ' v = e->f3 = D_801234AC[e->f6]; ', ' if (v != 0 && D_80140BDC <= a) D_80140BDC = a + 1; ')
21 (' E14 *e; ', ' s32 v; ', ' ', 'v = D_801234AC[e->f6]; e->f3 = v; ', 'if (v != 0 && a >= D_80140BDC) D_80140BDC = a + 1; ')
21 (' E14 *e; ', ' s32 v; ', ' ', 'v = D_801234AC[e->f6]; e->f3 = v; ', ' if (v) { if (D_80140BDC <= a) D_80140BDC = a + 1; } ')
21 (' E14 *e; ', ' s32 v; ', ' ', 'v = D_801234AC[e->f6]; e->f3 = v; ', ' if (!v) return; if (a >= D_80140BDC) D_80140BDC = a + 1; ')
21 (' E14 *e; ', ' s32 v; ', ' ', 'v = D_801234AC[e->f6]; e->f3 = v; ', ' if (v != 0 && D_80140BDC <= a) D_80140BDC = a + 1; ')
22 (' E14 *e; ', ' s32 v; ', ' ', ' e->f3 = D_801234AC[e->f6]; v = e->f3; ', 'if (v != 0 && a >= D_80140BDC) D_80140BDC = a + 1; ')
22 (' E14 *e; ', ' s32 v; ', ' ', ' e->f3 = D_801234AC[e->f6]; v = e->f3; ', ' if (v) { if (D_80140BDC <= a) D_80140BDC = a + 1; } ')
22 (' E14 *e; ', ' s32 v; ', ' ', ' e->f3 = D_801234AC[e->f6]; v = e->f3; ', ' if (!v) return; if (a >= D_80140BDC) D_80140BDC = a + 1; ')
22 (' E14 *e; ', ' s32 v; ', ' ', ' e->f3 = D_801234AC[e->f6]; v = e->f3; ', ' if (v != 0 && D_80140BDC <= a) D_80140BDC = a + 1; ')
21 (' E14 *e; ', ' s32 v; ', ' ', ' e->f3 = v = D_801234AC[e->f6]; ', 'if (v != 0 && a >= D_80140BDC) D_80140BDC = a + 1; ')
21 (' E14 *e; ', ' s32 v; ', ' ', ' e->f3 = v = D_801234AC[e->f6]; ', ' if (v) { if (D_80140BDC <= a) D_80140BDC = a + 1; } ')
21 (' E14 *e; ', ' s32 v; ', ' ', ' e->f3 = v = D_801234AC[e->f6]; ', ' if (!v) return; if (a >= D_80140BDC) D_80140BDC = a + 1; ')
21 (' E14 *e; ', ' s32 v; ', ' ', ' e->f3 = v = D_801234AC[e->f6]; ', ' if (v != 0 && D_80140BDC <= a) D_80140BDC = a + 1; ')
21 (' E14 *e; ', ' s32 v; ', ' ', ' v = e->f3 = D_801234AC[e->f6]; ', 'if (v != 0 && a >= D_80140BDC) D_80140BDC = a + 1; ')
21 (' E14 *e; ', ' s32 v; ', ' ', ' v = e->f3 = D_801234AC[e->f6]; ', ' if (v) { if (D_80140BDC <= a) D_80140BDC = a + 1; } ')
21 (' E14 *e; ', ' s32 v; ', ' ', ' v = e->f3 = D_801234AC[e->f6]; ', ' if (!v) return; if (a >= D_80140BDC) D_80140BDC = a + 1; ')
21 (' E14 *e; ', ' s32 v; ', ' ', ' v = e->f3 = D_801234AC[e->f6]; ', ' if (v != 0 && D_80140BDC <= a) D_80140BDC = a + 1; ')
9999 (' E14 *e; ', ' ', 'e = &D_80156D38[a]; ', 'v = D_801234AC[e->f6]; e->f3 = v; ', 'if (v != 0 && a >= D_80140BDC) D_80140BDC = a + 1; ')
9999 (' E14 *e; ', ' ', 'e = &D_80156D38[a]; ', 'v = D_801234AC[e->f6]; e->f3 = v; ', ' if (v) { if (D_80140BDC <= a) D_80140BDC = a + 1; } ')
9999 (' E14 *e; ', ' ', 'e = &D_80156D38[a]; ', 'v = D_801234AC[e->f6]; e->f3 = v; ', ' if (!v) return; if (a >= D_80140BDC) D_80140BDC = a + 1; ')
9999 (' E14 *e; ', ' ', 'e = &D_80156D38[a]; ', 'v = D_801234AC[e->f6]; e->f3 = v; ', ' if (v != 0 && D_80140BDC <= a) D_80140BDC = a + 1; ')
9999 (' E14 *e; ', ' ', 'e = &D_80156D38[a]; ', ' e->f3 = D_801234AC[e->f6]; v = e->f3; ', 'if (v != 0 && a >= D_80140BDC) D_80140BDC = a + 1; ')
9999 (' E14 *e; ', ' ', 'e = &D_80156D38[a]; ', ' e->f3 = D_801234AC[e->f6]; v = e->f3; ', ' if (v) { if (D_80140BDC <= a) D_80140BDC = a + 1; } ')
9999 (' E14 *e; ', ' ', 'e = &D_80156D38[a]; ', ' e->f3 = D_801234AC[e->f6]; v = e->f3; ', ' if (!v) return; if (a >= D_80140BDC) D_80140BDC = a + 1; ')
9999 (' E14 *e; ', ' ', 'e = &D_80156D38[a]; ', ' e->f3 = D_801234AC[e->f6]; v = e->f3; ', ' if (v != 0 && D_80140BDC <= a) D_80140BDC = a + 1; ')
9999 (' E14 *e; ', ' ', 'e = &D_80156D38[a]; ', ' e->f3 = v = D_801234AC[e->f6]; ', 'if (v != 0 && a >= D_80140BDC) D_80140BDC = a + 1; ')
9999 (' E14 *e; ', ' ', 'e = &D_80156D38[a]; ', ' e->f3 = v = D_801234AC[e->f6]; ', ' if (v) { if (D_80140BDC <= a) D_80140BDC = a + 1; } ')
9999 (' E14 *e; ', ' ', 'e = &D_80156D38[a]; ', ' e->f3 = v = D_801234AC[e->f6]; ', ' if (!v) return; if (a >= D_80140BDC) D_80140BDC = a + 1; ')
9999 (' E14 *e; ', ' ', 'e = &D_80156D38[a]; ', ' e->f3 = v = D_801234AC[e->f6]; ', ' if (v != 0 && D_80140BDC <= a) D_80140BDC = a + 1; ')
9999 (' E14 *e; ', ' ', 'e = &D_80156D38[a]; ', ' v = e->f3 = D_801234AC[e->f6]; ', 'if (v != 0 && a >= D_80140BDC) D_80140BDC = a + 1; ')
9999 (' E14 *e; ', ' ', 'e = &D_80156D38[a]; ', ' v = e->f3 = D_801234AC[e->f6]; ', ' if (v) { if (D_80140BDC <= a) D_80140BDC = a + 1; } ')
9999 (' E14 *e; ', ' ', 'e = &D_80156D38[a]; ', ' v = e->f3 = D_801234AC[e->f6]; ', ' if (!v) return; if (a >= D_80140BDC) D_80140BDC = a + 1; ')
9999 (' E14 *e; ', ' ', 'e = &D_80156D38[a]; ', ' v = e->f3 = D_801234AC[e->f6]; ', ' if (v != 0 && D_80140BDC <= a) D_80140BDC = a + 1; ')
9999 (' E14 *e; ', ' ', ' e = D_80156D38 + a; ', 'v = D_801234AC[e->f6]; e->f3 = v; ', 'if (v != 0 && a >= D_80140BDC) D_80140BDC = a + 1; ')
9999 (' E14 *e; ', ' ', ' e = D_80156D38 + a; ', 'v = D_801234AC[e->f6]; e->f3 = v; ', ' if (v) { if (D_80140BDC <= a) D_80140BDC = a + 1; } ')
9999 (' E14 *e; ', ' ', ' e = D_80156D38 + a; ', 'v = D_801234AC[e->f6]; e->f3 = v; ', ' if (!v) return; if (a >= D_80140BDC) D_80140BDC = a + 1; ')
9999 (' E14 *e; ', ' ', ' e = D_80156D38 + a; ', 'v = D_801234AC[e->f6]; e->f3 = v; ', ' if (v != 0 && D_80140BDC <= a) D_80140BDC = a + 1; ')
9999 (' E14 *e; ', ' ', ' e = D_80156D38 + a; ', ' e->f3 = D_801234AC[e->f6]; v = e->f3; ', 'if (v != 0 && a >= D_80140BDC) D_80140BDC = a + 1; ')
9999 (' E14 *e; ', ' ', ' e = D_80156D38 + a; ', ' e->f3 = D_801234AC[e->f6]; v = e->f3; ', ' if (v) { if (D_80140BDC <= a) D_80140BDC = a + 1; } ')
9999 (' E14 *e; ', ' ', ' e = D_80156D38 + a; ', ' e->f3 = D_801234AC[e->f6]; v = e->f3; ', ' if (!v) return; if (a >= D_80140BDC) D_80140BDC = a + 1; ')
9999 (' E14 *e; ', ' ', ' e = D_80156D38 + a; ', ' e->f3 = D_801234AC[e->f6]; v = e->f3; ', ' if (v != 0 && D_80140BDC <= a) D_80140BDC = a + 1; ')
9999 (' E14 *e; ', ' ', ' e = D_80156D38 + a; ', ' e->f3 = v = D_801234AC[e->f6]; ', 'if (v != 0 && a >= D_80140BDC) D_80140BDC = a + 1; ')
9999 (' E14 *e; ', ' ', ' e = D_80156D38 + a; ', ' e->f3 = v = D_801234AC[e->f6]; ', ' if (v) { if (D_80140BDC <= a) D_80140BDC = a + 1; } ')
9999 (' E14 *e; ', ' ', ' e = D_80156D38 + a; ', ' e->f3 = v = D_801234AC[e->f6]; ', ' if (!v) return; if (a >= D_80140BDC) D_80140BDC = a + 1; ')
9999 (' E14 *e; ', ' ', ' e = D_80156D38 + a; ', ' e->f3 = v = D_801234AC[e->f6]; ', ' if (v != 0 && D_80140BDC <= a) D_80140BDC = a + 1; ')
9999 (' E14 *e; ', ' ', ' e = D_80156D38 + a; ', ' v = e->f3 = D_801234AC[e->f6]; ', 'if (v != 0 && a >= D_80140BDC) D_80140BDC = a + 1; ')
9999 (' E14 *e; ', ' ', ' e = D_80156D38 + a; ', ' v = e->f3 = D_801234AC[e->f6]; ', ' if (v) { if (D_80140BDC <= a) D_80140BDC = a + 1; } ')
9999 (' E14 *e; ', ' ', ' e = D_80156D38 + a; ', ' v = e->f3 = D_801234AC[e->f6]; ', ' if (!v) return; if (a >= D_80140BDC) D_80140BDC = a + 1; ')
9999 (' E14 *e; ', ' ', ' e = D_80156D38 + a; ', ' v = e->f3 = D_801234AC[e->f6]; ', ' if (v != 0 && D_80140BDC <= a) D_80140BDC = a + 1; ')
9999 (' E14 *e; ', ' ', ' ', 'v = D_801234AC[e->f6]; e->f3 = v; ', 'if (v != 0 && a >= D_80140BDC) D_80140BDC = a + 1; ')
9999 (' E14 *e; ', ' ', ' ', 'v = D_801234AC[e->f6]; e->f3 = v; ', ' if (v) { if (D_80140BDC <= a) D_80140BDC = a + 1; } ')
9999 (' E14 *e; ', ' ', ' ', 'v = D_801234AC[e->f6]; e->f3 = v; ', ' if (!v) return; if (a >= D_80140BDC) D_80140BDC = a + 1; ')
9999 (' E14 *e; ', ' ', ' ', 'v = D_801234AC[e->f6]; e->f3 = v; ', ' if (v != 0 && D_80140BDC <= a) D_80140BDC = a + 1; ')
9999 (' E14 *e; ', ' ', ' ', ' e->f3 = D_801234AC[e->f6]; v = e->f3; ', 'if (v != 0 && a >= D_80140BDC) D_80140BDC = a + 1; ')
9999 (' E14 *e; ', ' ', ' ', ' e->f3 = D_801234AC[e->f6]; v = e->f3; ', ' if (v) { if (D_80140BDC <= a) D_80140BDC = a + 1; } ')
9999 (' E14 *e; ', ' ', ' ', ' e->f3 = D_801234AC[e->f6]; v = e->f3; ', ' if (!v) return; if (a >= D_80140BDC) D_80140BDC = a + 1; ')
9999 (' E14 *e; ', ' ', ' ', ' e->f3 = D_801234AC[e->f6]; v = e->f3; ', ' if (v != 0 && D_80140BDC <= a) D_80140BDC = a + 1; ')
9999 (' E14 *e; ', ' ', ' ', ' e->f3 = v = D_801234AC[e->f6]; ', 'if (v != 0 && a >= D_80140BDC) D_80140BDC = a + 1; ')
9999 (' E14 *e; ', ' ', ' ', ' e->f3 = v = D_801234AC[e->f6]; ', ' if (v) { if (D_80140BDC <= a) D_80140BDC = a + 1; } ')
9999 (' E14 *e; ', ' ', ' ', ' e->f3 = v = D_801234AC[e->f6]; ', ' if (!v) return; if (a >= D_80140BDC) D_80140BDC = a + 1; ')
9999 (' E14 *e; ', ' ', ' ', ' e->f3 = v = D_801234AC[e->f6]; ', ' if (v != 0 && D_80140BDC <= a) D_80140BDC = a + 1; ')
9999 (' E14 *e; ', ' ', ' ', ' v = e->f3 = D_801234AC[e->f6]; ', 'if (v != 0 && a >= D_80140BDC) D_80140BDC = a + 1; ')
9999 (' E14 *e; ', ' ', ' ', ' v = e->f3 = D_801234AC[e->f6]; ', ' if (v) { if (D_80140BDC <= a) D_80140BDC = a + 1; } ')
9999 (' E14 *e; ', ' ', ' ', ' v = e->f3 = D_801234AC[e->f6]; ', ' if (!v) return; if (a >= D_80140BDC) D_80140BDC = a + 1; ')
9999 (' E14 *e; ', ' ', ' ', ' v = e->f3 = D_801234AC[e->f6]; ', ' if (v != 0 && D_80140BDC <= a) D_80140BDC = a + 1; ')
9999 (' ', 's8 v; ', 'e = &D_80156D38[a]; ', 'v = D_801234AC[e->f6]; e->f3 = v; ', 'if (v != 0 && a >= D_80140BDC) D_80140BDC = a + 1; ')
9999 (' ', 's8 v; ', 'e = &D_80156D38[a]; ', 'v = D_801234AC[e->f6]; e->f3 = v; ', ' if (v) { if (D_80140BDC <= a) D_80140BDC = a + 1; } ')
9999 (' ', 's8 v; ', 'e = &D_80156D38[a]; ', 'v = D_801234AC[e->f6]; e->f3 = v; ', ' if (!v) return; if (a >= D_80140BDC) D_80140BDC = a + 1; ')
9999 (' ', 's8 v; ', 'e = &D_80156D38[a]; ', 'v = D_801234AC[e->f6]; e->f3 = v; ', ' if (v != 0 && D_80140BDC <= a) D_80140BDC = a + 1; ')
9999 (' ', 's8 v; ', 'e = &D_80156D38[a]; ', ' e->f3 = D_801234AC[e->f6]; v = e->f3; ', 'if (v != 0 && a >= D_80140BDC) D_80140BDC = a + 1; ')
9999 (' ', 's8 v; ', 'e = &D_80156D38[a]; ', ' e->f3 = D_801234AC[e->f6]; v = e->f3; ', ' if (v) { if (D_80140BDC <= a) D_80140BDC = a + 1; } ')
9999 (' ', 's8 v; ', 'e = &D_80156D38[a]; ', ' e->f3 = D_801234AC[e->f6]; v = e->f3; ', ' if (!v) return; if (a >= D_80140BDC) D_80140BDC = a + 1; ')
9999 (' ', 's8 v; ', 'e = &D_80156D38[a]; ', ' e->f3 = D_801234AC[e->f6]; v = e->f3; ', ' if (v != 0 && D_80140BDC <= a) D_80140BDC = a + 1; ')
9999 (' ', 's8 v; ', 'e = &D_80156D38[a]; ', ' e->f3 = v = D_801234AC[e->f6]; ', 'if (v != 0 && a >= D_80140BDC) D_80140BDC = a + 1; ')
9999 (' ', 's8 v; ', 'e = &D_80156D38[a]; ', ' e->f3 = v = D_801234AC[e->f6]; ', ' if (v) { if (D_80140BDC <= a) D_80140BDC = a + 1; } ')
9999 (' ', 's8 v; ', 'e = &D_80156D38[a]; ', ' e->f3 = v = D_801234AC[e->f6]; ', ' if (!v) return; if (a >= D_80140BDC) D_80140BDC = a + 1; ')
9999 (' ', 's8 v; ', 'e = &D_80156D38[a]; ', ' e->f3 = v = D_801234AC[e->f6]; ', ' if (v != 0 && D_80140BDC <= a) D_80140BDC = a + 1; ')
9999 (' ', 's8 v; ', 'e = &D_80156D38[a]; ', ' v = e->f3 = D_801234AC[e->f6]; ', 'if (v != 0 && a >= D_80140BDC) D_80140BDC = a + 1; ')
9999 (' ', 's8 v; ', 'e = &D_80156D38[a]; ', ' v = e->f3 = D_801234AC[e->f6]; ', ' if (v) { if (D_80140BDC <= a) D_80140BDC = a + 1; } ')
9999 (' ', 's8 v; ', 'e = &D_80156D38[a]; ', ' v = e->f3 = D_801234AC[e->f6]; ', ' if (!v) return; if (a >= D_80140BDC) D_80140BDC = a + 1; ')
9999 (' ', 's8 v; ', 'e = &D_80156D38[a]; ', ' v = e->f3 = D_801234AC[e->f6]; ', ' if (v != 0 && D_80140BDC <= a) D_80140BDC = a + 1; ')
9999 (' ', 's8 v; ', ' e = D_80156D38 + a; ', 'v = D_801234AC[e->f6]; e->f3 = v; ', 'if (v != 0 && a >= D_80140BDC) D_80140BDC = a + 1; ')
9999 (' ', 's8 v; ', ' e = D_80156D38 + a; ', 'v = D_801234AC[e->f6]; e->f3 = v; ', ' if (v) { if (D_80140BDC <= a) D_80140BDC = a + 1; } ')
9999 (' ', 's8 v; ', ' e = D_80156D38 + a; ', 'v = D_801234AC[e->f6]; e->f3 = v; ', ' if (!v) return; if (a >= D_80140BDC) D_80140BDC = a + 1; ')
9999 (' ', 's8 v; ', ' e = D_80156D38 + a; ', 'v = D_801234AC[e->f6]; e->f3 = v; ', ' if (v != 0 && D_80140BDC <= a) D_80140BDC = a + 1; ')
9999 (' ', 's8 v; ', ' e = D_80156D38 + a; ', ' e->f3 = D_801234AC[e->f6]; v = e->f3; ', 'if (v != 0 && a >= D_80140BDC) D_80140BDC = a + 1; ')
9999 (' ', 's8 v; ', ' e = D_80156D38 + a; ', ' e->f3 = D_801234AC[e->f6]; v = e->f3; ', ' if (v) { if (D_80140BDC <= a) D_80140BDC = a + 1; } ')
9999 (' ', 's8 v; ', ' e = D_80156D38 + a; ', ' e->f3 = D_801234AC[e->f6]; v = e->f3; ', ' if (!v) return; if (a >= D_80140BDC) D_80140BDC = a + 1; ')
9999 (' ', 's8 v; ', ' e = D_80156D38 + a; ', ' e->f3 = D_801234AC[e->f6]; v = e->f3; ', ' if (v != 0 && D_80140BDC <= a) D_80140BDC = a + 1; ')
9999 (' ', 's8 v; ', ' e = D_80156D38 + a; ', ' e->f3 = v = D_801234AC[e->f6]; ', 'if (v != 0 && a >= D_80140BDC) D_80140BDC = a + 1; ')
9999 (' ', 's8 v; ', ' e = D_80156D38 + a; ', ' e->f3 = v = D_801234AC[e->f6]; ', ' if (v) { if (D_80140BDC <= a) D_80140BDC = a + 1; } ')
9999 (' ', 's8 v; ', ' e = D_80156D38 + a; ', ' e->f3 = v = D_801234AC[e->f6]; ', ' if (!v) return; if (a >= D_80140BDC) D_80140BDC = a + 1; ')
9999 (' ', 's8 v; ', ' e = D_80156D38 + a; ', ' e->f3 = v = D_801234AC[e->f6]; ', ' if (v != 0 && D_80140BDC <= a) D_80140BDC = a + 1; ')
9999 (' ', 's8 v; ', ' e = D_80156D38 + a; ', ' v = e->f3 = D_801234AC[e->f6]; ', 'if (v != 0 && a >= D_80140BDC) D_80140BDC = a + 1; ')
9999 (' ', 's8 v; ', ' e = D_80156D38 + a; ', ' v = e->f3 = D_801234AC[e->f6]; ', ' if (v) { if (D_80140BDC <= a) D_80140BDC = a + 1; } ')
9999 (' ', 's8 v; ', ' e = D_80156D38 + a; ', ' v = e->f3 = D_801234AC[e->f6]; ', ' if (!v) return; if (a >= D_80140BDC) D_80140BDC = a + 1; ')
9999 (' ', 's8 v; ', ' e = D_80156D38 + a; ', ' v = e->f3 = D_801234AC[e->f6]; ', ' if (v != 0 && D_80140BDC <= a) D_80140BDC = a + 1; ')
9999 (' ', 's8 v; ', ' ', 'v = D_801234AC[e->f6]; e->f3 = v; ', 'if (v != 0 && a >= D_80140BDC) D_80140BDC = a + 1; ')
9999 (' ', 's8 v; ', ' ', 'v = D_801234AC[e->f6]; e->f3 = v; ', ' if (v) { if (D_80140BDC <= a) D_80140BDC = a + 1; } ')
9999 (' ', 's8 v; ', ' ', 'v = D_801234AC[e->f6]; e->f3 = v; ', ' if (!v) return; if (a >= D_80140BDC) D_80140BDC = a + 1; ')
9999 (' ', 's8 v; ', ' ', 'v = D_801234AC[e->f6]; e->f3 = v; ', ' if (v != 0 && D_80140BDC <= a) D_80140BDC = a + 1; ')
9999 (' ', 's8 v; ', ' ', ' e->f3 = D_801234AC[e->f6]; v = e->f3; ', 'if (v != 0 && a >= D_80140BDC) D_80140BDC = a + 1; ')
9999 (' ', 's8 v; ', ' ', ' e->f3 = D_801234AC[e->f6]; v = e->f3; ', ' if (v) { if (D_80140BDC <= a) D_80140BDC = a + 1; } ')
9999 (' ', 's8 v; ', ' ', ' e->f3 = D_801234AC[e->f6]; v = e->f3; ', ' if (!v) return; if (a >= D_80140BDC) D_80140BDC = a + 1; ')
9999 (' ', 's8 v; ', ' ', ' e->f3 = D_801234AC[e->f6]; v = e->f3; ', ' if (v != 0 && D_80140BDC <= a) D_80140BDC = a + 1; ')
9999 (' ', 's8 v; ', ' ', ' e->f3 = v = D_801234AC[e->f6]; ', 'if (v != 0 && a >= D_80140BDC) D_80140BDC = a + 1; ')
9999 (' ', 's8 v; ', ' ', ' e->f3 = v = D_801234AC[e->f6]; ', ' if (v) { if (D_80140BDC <= a) D_80140BDC = a + 1; } ')
9999 (' ', 's8 v; ', ' ', ' e->f3 = v = D_801234AC[e->f6]; ', ' if (!v) return; if (a >= D_80140BDC) D_80140BDC = a + 1; ')
9999 (' ', 's8 v; ', ' ', ' e->f3 = v = D_801234AC[e->f6]; ', ' if (v != 0 && D_80140BDC <= a) D_80140BDC = a + 1; ')
9999 (' ', 's8 v; ', ' ', ' v = e->f3 = D_801234AC[e->f6]; ', 'if (v != 0 && a >= D_80140BDC) D_80140BDC = a + 1; ')
9999 (' ', 's8 v; ', ' ', ' v = e->f3 = D_801234AC[e->f6]; ', ' if (v) { if (D_80140BDC <= a) D_80140BDC = a + 1; } ')
9999 (' ', 's8 v; ', ' ', ' v = e->f3 = D_801234AC[e->f6]; ', ' if (!v) return; if (a >= D_80140BDC) D_80140BDC = a + 1; ')
9999 (' ', 's8 v; ', ' ', ' v = e->f3 = D_801234AC[e->f6]; ', ' if (v != 0 && D_80140BDC <= a) D_80140BDC = a + 1; ')
9999 (' ', ' s32 v; ', 'e = &D_80156D38[a]; ', 'v = D_801234AC[e->f6]; e->f3 = v; ', 'if (v != 0 && a >= D_80140BDC) D_80140BDC = a + 1; ')
9999 (' ', ' s32 v; ', 'e = &D_80156D38[a]; ', 'v = D_801234AC[e->f6]; e->f3 = v; ', ' if (v) { if (D_80140BDC <= a) D_80140BDC = a + 1; } ')
9999 (' ', ' s32 v; ', 'e = &D_80156D38[a]; ', 'v = D_801234AC[e->f6]; e->f3 = v; ', ' if (!v) return; if (a >= D_80140BDC) D_80140BDC = a + 1; ')
9999 (' ', ' s32 v; ', 'e = &D_80156D38[a]; ', 'v = D_801234AC[e->f6]; e->f3 = v; ', ' if (v != 0 && D_80140BDC <= a) D_80140BDC = a + 1; ')
9999 (' ', ' s32 v; ', 'e = &D_80156D38[a]; ', ' e->f3 = D_801234AC[e->f6]; v = e->f3; ', 'if (v != 0 && a >= D_80140BDC) D_80140BDC = a + 1; ')
9999 (' ', ' s32 v; ', 'e = &D_80156D38[a]; ', ' e->f3 = D_801234AC[e->f6]; v = e->f3; ', ' if (v) { if (D_80140BDC <= a) D_80140BDC = a + 1; } ')
9999 (' ', ' s32 v; ', 'e = &D_80156D38[a]; ', ' e->f3 = D_801234AC[e->f6]; v = e->f3; ', ' if (!v) return; if (a >= D_80140BDC) D_80140BDC = a + 1; ')
9999 (' ', ' s32 v; ', 'e = &D_80156D38[a]; ', ' e->f3 = D_801234AC[e->f6]; v = e->f3; ', ' if (v != 0 && D_80140BDC <= a) D_80140BDC = a + 1; ')
9999 (' ', ' s32 v; ', 'e = &D_80156D38[a]; ', ' e->f3 = v = D_801234AC[e->f6]; ', 'if (v != 0 && a >= D_80140BDC) D_80140BDC = a + 1; ')
9999 (' ', ' s32 v; ', 'e = &D_80156D38[a]; ', ' e->f3 = v = D_801234AC[e->f6]; ', ' if (v) { if (D_80140BDC <= a) D_80140BDC = a + 1; } ')
9999 (' ', ' s32 v; ', 'e = &D_80156D38[a]; ', ' e->f3 = v = D_801234AC[e->f6]; ', ' if (!v) return; if (a >= D_80140BDC) D_80140BDC = a + 1; ')
9999 (' ', ' s32 v; ', 'e = &D_80156D38[a]; ', ' e->f3 = v = D_801234AC[e->f6]; ', ' if (v != 0 && D_80140BDC <= a) D_80140BDC = a + 1; ')
9999 (' ', ' s32 v; ', 'e = &D_80156D38[a]; ', ' v = e->f3 = D_801234AC[e->f6]; ', 'if (v != 0 && a >= D_80140BDC) D_80140BDC = a + 1; ')
9999 (' ', ' s32 v; ', 'e = &D_80156D38[a]; ', ' v = e->f3 = D_801234AC[e->f6]; ', ' if (v) { if (D_80140BDC <= a) D_80140BDC = a + 1; } ')
9999 (' ', ' s32 v; ', 'e = &D_80156D38[a]; ', ' v = e->f3 = D_801234AC[e->f6]; ', ' if (!v) return; if (a >= D_80140BDC) D_80140BDC = a + 1; ')
9999 (' ', ' s32 v; ', 'e = &D_80156D38[a]; ', ' v = e->f3 = D_801234AC[e->f6]; ', ' if (v != 0 && D_80140BDC <= a) D_80140BDC = a + 1; ')
9999 (' ', ' s32 v; ', ' e = D_80156D38 + a; ', 'v = D_801234AC[e->f6]; e->f3 = v; ', 'if (v != 0 && a >= D_80140BDC) D_80140BDC = a + 1; ')
9999 (' ', ' s32 v; ', ' e = D_80156D38 + a; ', 'v = D_801234AC[e->f6]; e->f3 = v; ', ' if (v) { if (D_80140BDC <= a) D_80140BDC = a + 1; } ')
9999 (' ', ' s32 v; ', ' e = D_80156D38 + a; ', 'v = D_801234AC[e->f6]; e->f3 = v; ', ' if (!v) return; if (a >= D_80140BDC) D_80140BDC = a + 1; ')
9999 (' ', ' s32 v; ', ' e = D_80156D38 + a; ', 'v = D_801234AC[e->f6]; e->f3 = v; ', ' if (v != 0 && D_80140BDC <= a) D_80140BDC = a + 1; ')
9999 (' ', ' s32 v; ', ' e = D_80156D38 + a; ', ' e->f3 = D_801234AC[e->f6]; v = e->f3; ', 'if (v != 0 && a >= D_80140BDC) D_80140BDC = a + 1; ')
9999 (' ', ' s32 v; ', ' e = D_80156D38 + a; ', ' e->f3 = D_801234AC[e->f6]; v = e->f3; ', ' if (v) { if (D_80140BDC <= a) D_80140BDC = a + 1; } ')
9999 (' ', ' s32 v; ', ' e = D_80156D38 + a; ', ' e->f3 = D_801234AC[e->f6]; v = e->f3; ', ' if (!v) return; if (a >= D_80140BDC) D_80140BDC = a + 1; ')
9999 (' ', ' s32 v; ', ' e = D_80156D38 + a; ', ' e->f3 = D_801234AC[e->f6]; v = e->f3; ', ' if (v != 0 && D_80140BDC <= a) D_80140BDC = a + 1; ')
9999 (' ', ' s32 v; ', ' e = D_80156D38 + a; ', ' e->f3 = v = D_801234AC[e->f6]; ', 'if (v != 0 && a >= D_80140BDC) D_80140BDC = a + 1; ')
9999 (' ', ' s32 v; ', ' e = D_80156D38 + a; ', ' e->f3 = v = D_801234AC[e->f6]; ', ' if (v) { if (D_80140BDC <= a) D_80140BDC = a + 1; } ')
9999 (' ', ' s32 v; ', ' e = D_80156D38 + a; ', ' e->f3 = v = D_801234AC[e->f6]; ', ' if (!v) return; if (a >= D_80140BDC) D_80140BDC = a + 1; ')
9999 (' ', ' s32 v; ', ' e = D_80156D38 + a; ', ' e->f3 = v = D_801234AC[e->f6]; ', ' if (v != 0 && D_80140BDC <= a) D_80140BDC = a + 1; ')
9999 (' ', ' s32 v; ', ' e = D_80156D38 + a; ', ' v = e->f3 = D_801234AC[e->f6]; ', 'if (v != 0 && a >= D_80140BDC) D_80140BDC = a + 1; ')
9999 (' ', ' s32 v; ', ' e = D_80156D38 + a; ', ' v = e->f3 = D_801234AC[e->f6]; ', ' if (v) { if (D_80140BDC <= a) D_80140BDC = a + 1; } ')
9999 (' ', ' s32 v; ', ' e = D_80156D38 + a; ', ' v = e->f3 = D_801234AC[e->f6]; ', ' if (!v) return; if (a >= D_80140BDC) D_80140BDC = a + 1; ')
9999 (' ', ' s32 v; ', ' e = D_80156D38 + a; ', ' v = e->f3 = D_801234AC[e->f6]; ', ' if (v != 0 && D_80140BDC <= a) D_80140BDC = a + 1; ')
9999 (' ', ' s32 v; ', ' ', 'v = D_801234AC[e->f6]; e->f3 = v; ', 'if (v != 0 && a >= D_80140BDC) D_80140BDC = a + 1; ')
9999 (' ', ' s32 v; ', ' ', 'v = D_801234AC[e->f6]; e->f3 = v; ', ' if (v) { if (D_80140BDC <= a) D_80140BDC = a + 1; } ')
9999 (' ', ' s32 v; ', ' ', 'v = D_801234AC[e->f6]; e->f3 = v; ', ' if (!v) return; if (a >= D_80140BDC) D_80140BDC = a + 1; ')
9999 (' ', ' s32 v; ', ' ', 'v = D_801234AC[e->f6]; e->f3 = v; ', ' if (v != 0 && D_80140BDC <= a) D_80140BDC = a + 1; ')
9999 (' ', ' s32 v; ', ' ', ' e->f3 = D_801234AC[e->f6]; v = e->f3; ', 'if (v != 0 && a >= D_80140BDC) D_80140BDC = a + 1; ')
9999 (' ', ' s32 v; ', ' ', ' e->f3 = D_801234AC[e->f6]; v = e->f3; ', ' if (v) { if (D_80140BDC <= a) D_80140BDC = a + 1; } ')
9999 (' ', ' s32 v; ', ' ', ' e->f3 = D_801234AC[e->f6]; v = e->f3; ', ' if (!v) return; if (a >= D_80140BDC) D_80140BDC = a + 1; ')
9999 (' ', ' s32 v; ', ' ', ' e->f3 = D_801234AC[e->f6]; v = e->f3; ', ' if (v != 0 && D_80140BDC <= a) D_80140BDC = a + 1; ')
9999 (' ', ' s32 v; ', ' ', ' e->f3 = v = D_801234AC[e->f6]; ', 'if (v != 0 && a >= D_80140BDC) D_80140BDC = a + 1; ')
9999 (' ', ' s32 v; ', ' ', ' e->f3 = v = D_801234AC[e->f6]; ', ' if (v) { if (D_80140BDC <= a) D_80140BDC = a + 1; } ')
9999 (' ', ' s32 v; ', ' ', ' e->f3 = v = D_801234AC[e->f6]; ', ' if (!v) return; if (a >= D_80140BDC) D_80140BDC = a + 1; ')
9999 (' ', ' s32 v; ', ' ', ' e->f3 = v = D_801234AC[e->f6]; ', ' if (v != 0 && D_80140BDC <= a) D_80140BDC = a + 1; ')
9999 (' ', ' s32 v; ', ' ', ' v = e->f3 = D_801234AC[e->f6]; ', 'if (v != 0 && a >= D_80140BDC) D_80140BDC = a + 1; ')
9999 (' ', ' s32 v; ', ' ', ' v = e->f3 = D_801234AC[e->f6]; ', ' if (v) { if (D_80140BDC <= a) D_80140BDC = a + 1; } ')
9999 (' ', ' s32 v; ', ' ', ' v = e->f3 = D_801234AC[e->f6]; ', ' if (!v) return; if (a >= D_80140BDC) D_80140BDC = a + 1; ')
9999 (' ', ' s32 v; ', ' ', ' v = e->f3 = D_801234AC[e->f6]; ', ' if (v != 0 && D_80140BDC <= a) D_80140BDC = a + 1; ')
9999 (' ', ' ', 'e = &D_80156D38[a]; ', 'v = D_801234AC[e->f6]; e->f3 = v; ', 'if (v != 0 && a >= D_80140BDC) D_80140BDC = a + 1; ')
9999 (' ', ' ', 'e = &D_80156D38[a]; ', 'v = D_801234AC[e->f6]; e->f3 = v; ', ' if (v) { if (D_80140BDC <= a) D_80140BDC = a + 1; } ')
9999 (' ', ' ', 'e = &D_80156D38[a]; ', 'v = D_801234AC[e->f6]; e->f3 = v; ', ' if (!v) return; if (a >= D_80140BDC) D_80140BDC = a + 1; ')
9999 (' ', ' ', 'e = &D_80156D38[a]; ', 'v = D_801234AC[e->f6]; e->f3 = v; ', ' if (v != 0 && D_80140BDC <= a) D_80140BDC = a + 1; ')
9999 (' ', ' ', 'e = &D_80156D38[a]; ', ' e->f3 = D_801234AC[e->f6]; v = e->f3; ', 'if (v != 0 && a >= D_80140BDC) D_80140BDC = a + 1; ')
9999 (' ', ' ', 'e = &D_80156D38[a]; ', ' e->f3 = D_801234AC[e->f6]; v = e->f3; ', ' if (v) { if (D_80140BDC <= a) D_80140BDC = a + 1; } ')
9999 (' ', ' ', 'e = &D_80156D38[a]; ', ' e->f3 = D_801234AC[e->f6]; v = e->f3; ', ' if (!v) return; if (a >= D_80140BDC) D_80140BDC = a + 1; ')
9999 (' ', ' ', 'e = &D_80156D38[a]; ', ' e->f3 = D_801234AC[e->f6]; v = e->f3; ', ' if (v != 0 && D_80140BDC <= a) D_80140BDC = a + 1; ')
9999 (' ', ' ', 'e = &D_80156D38[a]; ', ' e->f3 = v = D_801234AC[e->f6]; ', 'if (v != 0 && a >= D_80140BDC) D_80140BDC = a + 1; ')
9999 (' ', ' ', 'e = &D_80156D38[a]; ', ' e->f3 = v = D_801234AC[e->f6]; ', ' if (v) { if (D_80140BDC <= a) D_80140BDC = a + 1; } ')
9999 (' ', ' ', 'e = &D_80156D38[a]; ', ' e->f3 = v = D_801234AC[e->f6]; ', ' if (!v) return; if (a >= D_80140BDC) D_80140BDC = a + 1; ')
9999 (' ', ' ', 'e = &D_80156D38[a]; ', ' e->f3 = v = D_801234AC[e->f6]; ', ' if (v != 0 && D_80140BDC <= a) D_80140BDC = a + 1; ')
9999 (' ', ' ', 'e = &D_80156D38[a]; ', ' v = e->f3 = D_801234AC[e->f6]; ', 'if (v != 0 && a >= D_80140BDC) D_80140BDC = a + 1; ')
9999 (' ', ' ', 'e = &D_80156D38[a]; ', ' v = e->f3 = D_801234AC[e->f6]; ', ' if (v) { if (D_80140BDC <= a) D_80140BDC = a + 1; } ')
9999 (' ', ' ', 'e = &D_80156D38[a]; ', ' v = e->f3 = D_801234AC[e->f6]; ', ' if (!v) return; if (a >= D_80140BDC) D_80140BDC = a + 1; ')
9999 (' ', ' ', 'e = &D_80156D38[a]; ', ' v = e->f3 = D_801234AC[e->f6]; ', ' if (v != 0 && D_80140BDC <= a) D_80140BDC = a + 1; ')
9999 (' ', ' ', ' e = D_80156D38 + a; ', 'v = D_801234AC[e->f6]; e->f3 = v; ', 'if (v != 0 && a >= D_80140BDC) D_80140BDC = a + 1; ')
9999 (' ', ' ', ' e = D_80156D38 + a; ', 'v = D_801234AC[e->f6]; e->f3 = v; ', ' if (v) { if (D_80140BDC <= a) D_80140BDC = a + 1; } ')
9999 (' ', ' ', ' e = D_80156D38 + a; ', 'v = D_801234AC[e->f6]; e->f3 = v; ', ' if (!v) return; if (a >= D_80140BDC) D_80140BDC = a + 1; ')
9999 (' ', ' ', ' e = D_80156D38 + a; ', 'v = D_801234AC[e->f6]; e->f3 = v; ', ' if (v != 0 && D_80140BDC <= a) D_80140BDC = a + 1; ')
9999 (' ', ' ', ' e = D_80156D38 + a; ', ' e->f3 = D_801234AC[e->f6]; v = e->f3; ', 'if (v != 0 && a >= D_80140BDC) D_80140BDC = a + 1; ')
9999 (' ', ' ', ' e = D_80156D38 + a; ', ' e->f3 = D_801234AC[e->f6]; v = e->f3; ', ' if (v) { if (D_80140BDC <= a) D_80140BDC = a + 1; } ')
9999 (' ', ' ', ' e = D_80156D38 + a; ', ' e->f3 = D_801234AC[e->f6]; v = e->f3; ', ' if (!v) return; if (a >= D_80140BDC) D_80140BDC = a + 1; ')
9999 (' ', ' ', ' e = D_80156D38 + a; ', ' e->f3 = D_801234AC[e->f6]; v = e->f3; ', ' if (v != 0 && D_80140BDC <= a) D_80140BDC = a + 1; ')
9999 (' ', ' ', ' e = D_80156D38 + a; ', ' e->f3 = v = D_801234AC[e->f6]; ', 'if (v != 0 && a >= D_80140BDC) D_80140BDC = a + 1; ')
9999 (' ', ' ', ' e = D_80156D38 + a; ', ' e->f3 = v = D_801234AC[e->f6]; ', ' if (v) { if (D_80140BDC <= a) D_80140BDC = a + 1; } ')
9999 (' ', ' ', ' e = D_80156D38 + a; ', ' e->f3 = v = D_801234AC[e->f6]; ', ' if (!v) return; if (a >= D_80140BDC) D_80140BDC = a + 1; ')
9999 (' ', ' ', ' e = D_80156D38 + a; ', ' e->f3 = v = D_801234AC[e->f6]; ', ' if (v != 0 && D_80140BDC <= a) D_80140BDC = a + 1; ')
9999 (' ', ' ', ' e = D_80156D38 + a; ', ' v = e->f3 = D_801234AC[e->f6]; ', 'if (v != 0 && a >= D_80140BDC) D_80140BDC = a + 1; ')
9999 (' ', ' ', ' e = D_80156D38 + a; ', ' v = e->f3 = D_801234AC[e->f6]; ', ' if (v) { if (D_80140BDC <= a) D_80140BDC = a + 1; } ')
9999 (' ', ' ', ' e = D_80156D38 + a; ', ' v = e->f3 = D_801234AC[e->f6]; ', ' if (!v) return; if (a >= D_80140BDC) D_80140BDC = a + 1; ')
9999 (' ', ' ', ' e = D_80156D38 + a; ', ' v = e->f3 = D_801234AC[e->f6]; ', ' if (v != 0 && D_80140BDC <= a) D_80140BDC = a + 1; ')
9999 (' ', ' ', ' ', 'v = D_801234AC[e->f6]; e->f3 = v; ', 'if (v != 0 && a >= D_80140BDC) D_80140BDC = a + 1; ')
9999 (' ', ' ', ' ', 'v = D_801234AC[e->f6]; e->f3 = v; ', ' if (v) { if (D_80140BDC <= a) D_80140BDC = a + 1; } ')
9999 (' ', ' ', ' ', 'v = D_801234AC[e->f6]; e->f3 = v; ', ' if (!v) return; if (a >= D_80140BDC) D_80140BDC = a + 1; ')
9999 (' ', ' ', ' ', 'v = D_801234AC[e->f6]; e->f3 = v; ', ' if (v != 0 && D_80140BDC <= a) D_80140BDC = a + 1; ')
9999 (' ', ' ', ' ', ' e->f3 = D_801234AC[e->f6]; v = e->f3; ', 'if (v != 0 && a >= D_80140BDC) D_80140BDC = a + 1; ')
9999 (' ', ' ', ' ', ' e->f3 = D_801234AC[e->f6]; v = e->f3; ', ' if (v) { if (D_80140BDC <= a) D_80140BDC = a + 1; } ')
9999 (' ', ' ', ' ', ' e->f3 = D_801234AC[e->f6]; v = e->f3; ', ' if (!v) return; if (a >= D_80140BDC) D_80140BDC = a + 1; ')
9999 (' ', ' ', ' ', ' e->f3 = D_801234AC[e->f6]; v = e->f3; ', ' if (v != 0 && D_80140BDC <= a) D_80140BDC = a + 1; ')
9999 (' ', ' ', ' ', ' e->f3 = v = D_801234AC[e->f6]; ', 'if (v != 0 && a >= D_80140BDC) D_80140BDC = a + 1; ')
9999 (' ', ' ', ' ', ' e->f3 = v = D_801234AC[e->f6]; ', ' if (v) { if (D_80140BDC <= a) D_80140BDC = a + 1; } ')
9999 (' ', ' ', ' ', ' e->f3 = v = D_801234AC[e->f6]; ', ' if (!v) return; if (a >= D_80140BDC) D_80140BDC = a + 1; ')
9999 (' ', ' ', ' ', ' e->f3 = v = D_801234AC[e->f6]; ', ' if (v != 0 && D_80140BDC <= a) D_80140BDC = a + 1; ')
9999 (' ', ' ', ' ', ' v = e->f3 = D_801234AC[e->f6]; ', 'if (v != 0 && a >= D_80140BDC) D_80140BDC = a + 1; ')
9999 (' ', ' ', ' ', ' v = e->f3 = D_801234AC[e->f6]; ', ' if (v) { if (D_80140BDC <= a) D_80140BDC = a + 1; } ')
9999 (' ', ' ', ' ', ' v = e->f3 = D_801234AC[e->f6]; ', ' if (!v) return; if (a >= D_80140BDC) D_80140BDC = a + 1; ')
9999 (' ', ' ', ' ', ' v = e->f3 = D_801234AC[e->f6]; ', ' if (v != 0 && D_80140BDC <= a) D_80140BDC = a + 1; ')
