distinct non-lui float literals: N64 rodata 183  arcade game/*.c 307  in both 51
shared literals that are rare on both sides: 19
  3.1250001e-05  arcade ['maxpath.c']  N64 ['func_800E4B58']
  0.015          arcade ['svisuals.c', 'visuals.c']  N64 ['buffer_swap', 'func_800C36A0']
  0.33000001     arcade ['svisuals.c', 'visuals.c']  N64 ['func_800DFBA0', 'func_800E3430']
  0.64999998     arcade ['cars.c']  N64 ['mode_select_handler']
  0.92500001     arcade ['drivetra.c']  N64 ['func_800E2F00']
  0.94999999     arcade ['cars.c']  N64 ['car_render_full', 'wheel_render_full']
  0.97000003     arcade ['cars.c', 'model.c']  N64 ['func_800DE860']
  0.98000002     arcade ['cars.c', 'drones.c']  N64 ['func_800BFD8C', 'render_large_objects']
  0.99900001     arcade ['controls.c', 'scontrols.c']  N64 ['func_800BFD8C', 'func_800FBF2C']
  1.05           arcade ['maxpath.c']  N64 ['func_800E4B58']
  1.2            arcade ['cars.c', 'drones.c']  N64 ['explosion_effect', 'func_800E0B20']
  1.3            arcade ['cars.c', 'drivsym.c']  N64 ['func_800D91A0']
  1.35           arcade ['hud.c', 'shud.c']  N64 ['entity_tick_main', 'func_800EF62C']
  1.61           arcade ['hud.c', 'shud.c']  N64 ['explosion_effect']
  2.5999999      arcade ['cars.c']  N64 ['entity_spawn_init']
  32.200001      arcade ['cars.c']  N64 ['display_list_flush']
  2500           arcade ['cars.c']  N64 ['func_800E451C', 'random_float', 'world_gravity_apply']
  40000          arcade ['collision.c', 'scollision.c']  N64 ['menu_load_options', 'world_gravity_apply']
  90000          arcade ['drivsym.c']  N64 ['func_800E398C']
