
[arg] 80123870..801249F0: 214 referencing funcs (161 unmatched), 677 distinct addrs, 676 addrs single-owner; order violations 0/214
  80086A50 func_80086A50                      M 80123870..80123870 n=1
  8008B3F4 func_8008B3F4                      M 80123884..80123884 n=1
  8008B424 func_8008B424                      M 80123888..80123888 n=1
  8008B4C4 vector_normalize_length            u 8012388C..8012388C n=1
  8008BA84 physics_velocity_integrate_c       M 80123890..80123890 n=1
  8008BB8C physics_velocity_integrate_d       M 80123894..80123894 n=1
  8008BC94 physics_velocity_integrate_e       M 80123898..80123898 n=1
  8008BD9C physics_velocity_integrate_f       M 8012389C..8012389C n=1
  8008C074 func_8008C074                      M 801238A0..801238A0 n=1
  8008C5E0 func_8008C5E0                      M 801238C0..801238E0 n=9
  8008C680 func_8008C680                      M 801238E4..801238F0 n=3
  8008C768 func_8008C768                      u 801238F4..80123900 n=4
  8008C884 entity_render_setup                u 80123904..80123934 n=13
  8008D120 entity_process_main                u 80123938..80123938 n=1
  8008D93C anim_state_update                  u 8012393C..801243CC n=5
  8008E0B8 func_8008E0B8                      u 8012394C..8012394C n=1
  8008E408 func_8008E408                      u 80123950..8012395C n=4
  8008EA10 entity_spawn_init                  u 80123960..801239A4 n=11
  80090308 func_80090308                      u 801239A8..801239C4 n=8
  800908A0 entity_physics_update              u 801239C8..801239C8 n=1
  80090B68 entity_collision_detect            u 801239CC..801239CC n=1
  80090E9C func_80090E9C                      u 801239D0..801239D4 n=2
  80090F44 func_80090F44                      u 801239D8..801239DC n=2
  80090FEC entity_update_callback             u 801239E4..801239EC n=3
  800924F4 buffer_swap                        u 801239F0..801239FC n=4
  800930A4 entity_tick_main                   u 80123A00..80123A5C n=23
  80093B20 drone_ai_update                    u 80123A60..80123A60 n=1
  800951E0 sound_position_update              u 80123A64..80123A68 n=2
  80095528 music_track_control                M 80123A6C..80123A6C n=1
  80096734 entity_lod_select                  u 80123A70..80123A70 n=1
  800992AC entity_ai_pathfind                 u 80123A8C..80123A8C n=1
  8009C3F8 func_8009C3F8                      u 80123ABC..80123AE8 n=12
  8009C5E0 camera_update_d                    u 80123AEC..80123AF8 n=4
  8009C8F0 particle_system                    u 80123AFC..80123AFC n=1
  8009E9D8 func_8009E9D8                      M 80123B00..80123B00 n=1
  8009EA68 func_8009EA68                      u 80123B04..80123B08 n=2
  8009EB10 gfx_setup_fc                       u 80123B0C..80123B10 n=2
  8009EBC0 physics_float_calc                 u 80123B14..80123B14 n=1
  8009F058 func_8009F058                      u 80123B60..80123B64 n=2
  800A1E94 func_800A1E94                      M 80123B68..80123B68 n=1
  800A557C func_800A557C                      u 80123B98..80123BC4 n=12
  800A5744 exhaust_smoke_effect               u 80123BC8..80123BCC n=2
  800A6244 brake_light_update                 u 80123BD4..80123BD8 n=2
  800A6404 car_render_full                    u 80123BDC..80123BE8 n=4
  800A6BE4 wheel_render_full                  u 80123BEC..80123BF8 n=4
  800AD128 steering_sensitivity               u 80123BFC..80123BFC n=1
  800AF06C save_write_data                    u 80123C00..80123C04 n=2
  800AF8C0 func_800AF8C0                      u 80123C08..80123C08 n=1
  800AFD5C cpak_init                          u 80123C0C..80123C0C n=1
  800B0180 cpak_read                          u 80123C10..80123C18 n=3
  800B08FC func_800B08FC                      M 80123C1C..80123C1C n=1
  800B466C format_string_parse                M 80123C20..80123C20 n=1
  800B4738 voice_stop_2                       u 80123C38..80123C38 n=1
  800B4818 audio_bus_mix                      u 80123C64..80123CAC n=2
  800B4B00 func_800B4B00                      M 80123CE4..80123CE4 n=1
  800B4B94 reverb_setup                       u 80123D10..80123D58 n=2
  800B4E68 func_800B4E68                      M 80123D90..80123D90 n=1
  800B5898 func_800B5898                      u 80123DB4..80123DB8 n=2
  800B5940 func_800B5940                      u 80123DBC..80123DC0 n=2
  800B59F0 func_800B59F0                      u 80123DC4..80123DD0 n=4
  800B61FC audio_doppler_full                 u 80123DD4..80123DD4 n=1
  800B7A40 particles_update                   u 80123DD8..80123DDC n=2
  800B7FF8 func_800B7FF8                      u 80123DE0..80123DE0 n=1
  800B8820 particle_collision                 u 80123DE4..80123DF0 n=4
  800B93A8 physics_response                   u 80123DF4..80123DF4 n=1
  800B9B64 func_800B9B64                      M 80123DF8..80123DF8 n=1
  800BA2B8 func_800BA2B8                      u 80123DFC..80123DFC n=1
  800BA61C func_800BA61C                      u 80123E00..80123E00 n=1
  800BC21C func_800BC21C                      M 80123E04..80123E08 n=2
  800BC2BC camera_dolly                       M 80123E0C..80123E0C n=1
  800BCBB8 camera_follow_target               u 80123E10..80123E24 n=6
  800BD2C8 race_setup_1                       u 80123E28..80123E2C n=2
  800BDAA8 camera_shake_start                 u 80123E58..80123E58 n=1
  800BEAA0 race_setup_2                       u 80123E5C..80123E5C n=1
  800BEE2C camera_blend_between               u 80123E74..80123E74 n=1
  800BFD8C func_800BFD8C                      u 80123E78..80123E80 n=3
  800C00E0 camera_free_look                   u 80123E84..80123E84 n=1
  800C04CC camera_track_spline                u 80123E88..80123E88 n=1
  800C0AC0 camera_update                      u 80123E8C..80123E8C n=1
  800C1604 camera_process_input               u 80123E90..80123E90 n=1
  800C1B60 func_800C1B60                      u 80123E94..80123EC4 n=2
  800C2004 func_800C2004                      u 80123EE4..80123EE4 n=1
  800C220C func_800C220C                      u 80123EE8..80123EE8 n=1
  800C2430 func_800C2430                      M 80123EEC..80123F00 n=5
  800C26C4 func_800C26C4                      M 80123F04..80123F18 n=5
  800C2944 func_800C2944                      M 80123F1C..80123F34 n=6
  800C2BE0 camera_scene_manager               u 80123F38..80123F50 n=6
  800C36A0 func_800C36A0                      M 80123F54..80123F6C n=7
  800C3AD0 func_800C3AD0                      u 80123F70..80123F7C n=4
  800C4180 func_800C4180                      M 80123F80..80123F80 n=1
  800C46D0 camera_follow_path                 u 80123F84..80123F84 n=1
  800C4CF8 func_800C4CF8                      M 80123F88..80123F88 n=1
  800C5644 camera_play_script                 u 80123F8C..80123F8C n=1
  800C84FC hud_speed_display                  u 80123F90..80123F90 n=1
  800C95DC controller_poll                    u 80123F94..80123F94 n=1
  800C9BE0 init_state_begin                   M 80123F98..80123F98 n=1
  800CA3B4 playgame_state_change              u 80123FB4..80123FBC n=3
  800CADA4 hud_render                         u 80123FC0..80123FE4 n=10
  800CC8C8 func_800CC8C8                      M 80123FE8..80123FE8 n=1
  800CCA04 func_800CCA04                      M 80124004..80124004 n=1
  800CCB40 func_800CCB40                      u 80124020..80124020 n=1
  800CDAE0 menu_text_input                    M 801240C4..801240C4 n=1
  800CDCAC menu_option_toggle                 M 801240E0..801240E0 n=1
  800CE1EC menu_load_options                  u 801240FC..80124104 n=3
  800CE358 menu_options_screen                u 80124108..80124114 n=4
  800CF290 menu_video_settings                M 80124118..80124120 n=3
  800CF69C menu_controller_remap              u 80124124..80124124 n=1
  800D000C track_select_handler               u 80124128..80124128 n=1
  800D03AC func_800D03AC                      M 8012412C..80124130 n=2
  800D0894 func_800D0894                      M 80124134..80124134 n=1
  800D08E4 track_preview_handler              u 80124138..80124144 n=4
  800D0A34 func_800D0A34                      M 80124148..8012414C n=2
  800D0B14 func_800D0B14                      M 80124150..80124154 n=2
  800D0BA0 track_info_display                 M 80124158..8012415C n=2
  800D1004 func_800D1004                      M 80124160..80124168 n=3
  800D11BC func_800D11BC                      u 8012416C..80124170 n=2
  800D169C func_800D169C                      u 80124174..80124174 n=1
  800D1CE0 car_setup_confirm                  u 80124178..80124178 n=1
  800D2C10 func_800D2C10                      u 8012417C..8012417C n=1
  800D348C func_800D348C                      u 80124180..80124180 n=1
  800D3B28 stunt_combo_display                u 80124184..801241A0 n=8
  800D4DFC func_800D4DFC                      u 801241A4..801241A4 n=1
  800D6530 func_800D6530                      u 801241AC..801241AC n=1
  800D6914 func_800D6914                      u 801241B0..801241BC n=4
  800D71D0 drone_pathfind_main                u 801241C0..801241D0 n=5
  800D7634 func_800D7634                      u 801241D4..801241E4 n=5
  800D816C func_800D816C                      u 801241E8..801241F8 n=5
  800D8C58 drone_throttle_calc                u 801241FC..80124214 n=7
  800D91A0 func_800D91A0                      u 80124218..80124220 n=3
  800DA2C0 func_800DA2C0                      u 80124224..80124234 n=5
  800DABDC replay_save_prompt                 u 80124238..80124244 n=4
  800DB1E0 func_800DB1E0                      u 80124248..80124248 n=1
  800DB758 continue_prompt                    u 80124280..80124280 n=1
  800DB81C RaceStateMachine_Update            u 80124284..801242AC n=3
  800DD4AC control_settings                   u 801242CC..801242CC n=1
  800DE45C func_800DE45C                      u 80124308..8012430C n=2
  800DE860 func_800DE860                      u 80124310..8012431C n=4
  800DED78 func_800DED78                      u 80124320..80124320 n=1
  800DEF68 mode_select_handler                u 80124328..8012436C n=7
  800DFBA0 func_800DFBA0                      u 80124370..80124374 n=2
  800E0050 func_800E0050                      u 80124378..80124388 n=5
  800E05F0 func_800E05F0                      u 8012438C..80124390 n=2
  800E0B20 func_800E0B20                      M 80124394..801243B0 n=7
  800E114C func_800E114C                      u 801243B4..801243BC n=3
  800E1AA0 func_800E1AA0                      u 801243C0..801243C0 n=1
  800E1F80 func_800E1F80                      u 801243C4..801243C8 n=2
  800E23A4 func_800E23A4                      u 801243CC..801243D4 n=3
  800E2AC4 func_800E2AC4                      M 801243D8..801243DC n=2
  800E2F00 func_800E2F00                      M 801243E0..801243EC n=3
  800E3430 func_800E3430                      u 801243F0..801243FC n=4
  800E3724 func_800E3724                      u 80124400..80124404 n=2
  800E398C func_800E398C                      u 80124408..80124438 n=12
  800E4300 func_800E4300                      u 8012443C..8012443C n=1
  800E451C func_800E451C                      u 80124440..80124450 n=5
  800E4B58 func_800E4B58                      u 80124454..80124478 n=10
  800E56F8 func_800E56F8                      u 8012447C..80124480 n=2
  800E5C9C func_800E5C9C                      M 80124484..8012448C n=3
  800E5D64 func_800E5D64                      u 80124490..80124494 n=2
  800E627C func_800E627C                      M 80124498..801244A8 n=5
  800E6460 func_800E6460                      u 801244AC..801244AC n=1
  800E847C func_800E847C                      u 801244B0..801244BC n=4
  800E8D50 func_800E8D50                      u 801244C0..801244C0 n=1
  800E8F10 func_800E8F10                      u 801244C4..801244C4 n=1
  800E92C8 func_800E92C8                      u 801244C8..801244CC n=2
  800E95DC func_800E95DC                      u 801244D0..801244D0 n=1
  800E9C70 func_800E9C70                      M 801244D4..801244D4 n=1
  800E9E2C func_800E9E2C                      u 801244D8..801244E4 n=4
  800EA108 func_800EA108                      u 801244E8..801244E8 n=1
  800EA3F4 func_800EA3F4                      M 801244EC..80124514 n=11
  800EAFDC func_800EAFDC                      M 80124518..80124518 n=1
  800EB028 func_800EB028                      u 8012451C..80124554 n=5
  800EB690 world_object_destroy               u 80124558..80124558 n=1
  800EB90C func_800EB90C                      u 8012455C..8012455C n=1
  800ECB68 world_bounds_check                 M 80124570..80124570 n=1
  800ECC18 world_gravity_apply                u 80124574..80124584 n=5
  800ED804 world_velocity_integrate           u 80124588..80124588 n=1
  800EF62C func_800EF62C                      u 801245A4..801245A8 n=2
  800EF8F4 explosion_effect                   u 801245AC..801245B0 n=2
  800F0914 func_800F0914                      u 801245B4..801245B4 n=1
  800F1210 func_800F1210                      u 801245B8..801245CC n=2
  800F5EF8 track_lighting_setup               M 801245E4..801245E4 n=1
  800F5F90 track_texture_load                 u 80124600..80124600 n=1
  800F64D4 billboard_render                   u 80124604..80124604 n=1
  800F7EB0 func_800F7EB0                      u 80124618..80124618 n=1
  800F87A0 func_800F87A0                      u 8012461C..8012461C n=1
  800F92C8 func_800F92C8                      M 80124638..80124638 n=1
  800F93A0 render_large_objects               u 8012463C..801247E8 n=107
  800FB234 vsync_wait                         M 801247EC..801247EC n=1
  800FB2C8 display_list_flush                 u 801247F0..801247F4 n=2
  800FBF2C func_800FBF2C                      M 801247F8..801247F8 n=1
  800FD8DC random_int                         u 801247FC..80124804 n=3
  800FD9F8 random_float                       u 80124808..80124820 n=7
  800FEA00 stat_lap_split                     u 80124824..80124824 n=1
  800FEE04 game_results_update                u 80124828..80124838 n=5
  800FFDE8 game_results_exit                  u 8012483C..80124844 n=3
  8010221C func_8010221C                      u 80124848..80124848 n=1
  80102F30 func_80102F30                      u 80124864..80124864 n=1
  80104B14 func_80104B14                      u 80124880..80124880 n=1
  80105480 func_80105480                      u 801248A0..801248A0 n=1
  80106D94 func_80106D94                      u 801248B4..801248C0 n=4
  80108AB0 func_80108AB0                      u 801248C4..801248C8 n=2
  80108F40 func_80108F40                      u 801248CC..801248D0 n=2
  8010A7A4 func_8010A7A4                      u 801248D4..801248D4 n=1
  8010A8D0 func_8010A8D0                      u 801248D8..801248E4 n=4
  8010AEAC func_8010AEAC                      u 8012491C..8012491C n=1
  8010C974 func_8010C974                      u 80124954..80124954 n=1
  8010D3C0 func_8010D3C0                      u 80124958..8012498C n=4
  8010D680 func_8010D680                      u 80124990..80124990 n=1
  8010D9CC func_8010D9CC                      M 801249BC..801249BC n=1
  8010DAF8 func_8010DAF8                      M 801249C0..801249C0 n=1
  8010DBB8 func_8010DBB8                      u 801249C4..801249C8 n=2
  8010E4E4 func_8010E4E4                      u 801249CC..801249CC n=1
  8010E72C func_8010E72C                      u 801249D0..801249D0 n=1
  8010EA08 func_8010EA08                      u 801249D4..801249E4 n=5
