9999 ('OSMesg m; ', 'D_8011194C == 0 ', 'D_8011194C = 1; ', 'osCreateMesgQueue(&D_801497D0, &D_801527E4, 1); ', 'osJamMesg(&D_801497D0, 0, 0); ', 'osRecvMesg(&D_801497D0, &m, 1); ')
9999 ('OSMesg m; ', 'D_8011194C == 0 ', 'D_8011194C = 1; ', 'osCreateMesgQueue(&D_801497D0, &D_801527E4, 1); ', 'osJamMesg(&D_801497D0, 0, 0); ', ' osRecvMesg(&D_801497D0, (OSMesg *) &m, 1); ')
9999 ('OSMesg m; ', 'D_8011194C == 0 ', 'D_8011194C = 1; ', 'osCreateMesgQueue(&D_801497D0, &D_801527E4, 1); ', 'osJamMesg(&D_801497D0, 0, 0); ', ' (void) osRecvMesg(&D_801497D0, &m, 1); ')
9999 ('OSMesg m; ', 'D_8011194C == 0 ', 'D_8011194C = 1; ', 'osCreateMesgQueue(&D_801497D0, &D_801527E4, 1); ', ' osJamMesg(&D_801497D0, (OSMesg) 0, 0); ', 'osRecvMesg(&D_801497D0, &m, 1); ')
9999 ('OSMesg m; ', 'D_8011194C == 0 ', 'D_8011194C = 1; ', 'osCreateMesgQueue(&D_801497D0, &D_801527E4, 1); ', ' osJamMesg(&D_801497D0, (OSMesg) 0, 0); ', ' osRecvMesg(&D_801497D0, (OSMesg *) &m, 1); ')
9999 ('OSMesg m; ', 'D_8011194C == 0 ', 'D_8011194C = 1; ', 'osCreateMesgQueue(&D_801497D0, &D_801527E4, 1); ', ' osJamMesg(&D_801497D0, (OSMesg) 0, 0); ', ' (void) osRecvMesg(&D_801497D0, &m, 1); ')
9999 ('OSMesg m; ', 'D_8011194C == 0 ', 'D_8011194C = 1; ', ' osCreateMesgQueue(&D_801497D0, (OSMesg *) &D_801527E4, 1); ', 'osJamMesg(&D_801497D0, 0, 0); ', 'osRecvMesg(&D_801497D0, &m, 1); ')
9999 ('OSMesg m; ', 'D_8011194C == 0 ', 'D_8011194C = 1; ', ' osCreateMesgQueue(&D_801497D0, (OSMesg *) &D_801527E4, 1); ', 'osJamMesg(&D_801497D0, 0, 0); ', ' osRecvMesg(&D_801497D0, (OSMesg *) &m, 1); ')
9999 ('OSMesg m; ', 'D_8011194C == 0 ', 'D_8011194C = 1; ', ' osCreateMesgQueue(&D_801497D0, (OSMesg *) &D_801527E4, 1); ', 'osJamMesg(&D_801497D0, 0, 0); ', ' (void) osRecvMesg(&D_801497D0, &m, 1); ')
9999 ('OSMesg m; ', 'D_8011194C == 0 ', 'D_8011194C = 1; ', ' osCreateMesgQueue(&D_801497D0, (OSMesg *) &D_801527E4, 1); ', ' osJamMesg(&D_801497D0, (OSMesg) 0, 0); ', 'osRecvMesg(&D_801497D0, &m, 1); ')
9999 ('OSMesg m; ', 'D_8011194C == 0 ', 'D_8011194C = 1; ', ' osCreateMesgQueue(&D_801497D0, (OSMesg *) &D_801527E4, 1); ', ' osJamMesg(&D_801497D0, (OSMesg) 0, 0); ', ' osRecvMesg(&D_801497D0, (OSMesg *) &m, 1); ')
9999 ('OSMesg m; ', 'D_8011194C == 0 ', 'D_8011194C = 1; ', ' osCreateMesgQueue(&D_801497D0, (OSMesg *) &D_801527E4, 1); ', ' osJamMesg(&D_801497D0, (OSMesg) 0, 0); ', ' (void) osRecvMesg(&D_801497D0, &m, 1); ')
9999 ('OSMesg m; ', 'D_8011194C == 0 ', ' D_8011194C = (s8) 1; ', 'osCreateMesgQueue(&D_801497D0, &D_801527E4, 1); ', 'osJamMesg(&D_801497D0, 0, 0); ', 'osRecvMesg(&D_801497D0, &m, 1); ')
9999 ('OSMesg m; ', 'D_8011194C == 0 ', ' D_8011194C = (s8) 1; ', 'osCreateMesgQueue(&D_801497D0, &D_801527E4, 1); ', 'osJamMesg(&D_801497D0, 0, 0); ', ' osRecvMesg(&D_801497D0, (OSMesg *) &m, 1); ')
9999 ('OSMesg m; ', 'D_8011194C == 0 ', ' D_8011194C = (s8) 1; ', 'osCreateMesgQueue(&D_801497D0, &D_801527E4, 1); ', 'osJamMesg(&D_801497D0, 0, 0); ', ' (void) osRecvMesg(&D_801497D0, &m, 1); ')
9999 ('OSMesg m; ', 'D_8011194C == 0 ', ' D_8011194C = (s8) 1; ', 'osCreateMesgQueue(&D_801497D0, &D_801527E4, 1); ', ' osJamMesg(&D_801497D0, (OSMesg) 0, 0); ', 'osRecvMesg(&D_801497D0, &m, 1); ')
9999 ('OSMesg m; ', 'D_8011194C == 0 ', ' D_8011194C = (s8) 1; ', 'osCreateMesgQueue(&D_801497D0, &D_801527E4, 1); ', ' osJamMesg(&D_801497D0, (OSMesg) 0, 0); ', ' osRecvMesg(&D_801497D0, (OSMesg *) &m, 1); ')
9999 ('OSMesg m; ', 'D_8011194C == 0 ', ' D_8011194C = (s8) 1; ', 'osCreateMesgQueue(&D_801497D0, &D_801527E4, 1); ', ' osJamMesg(&D_801497D0, (OSMesg) 0, 0); ', ' (void) osRecvMesg(&D_801497D0, &m, 1); ')
9999 ('OSMesg m; ', 'D_8011194C == 0 ', ' D_8011194C = (s8) 1; ', ' osCreateMesgQueue(&D_801497D0, (OSMesg *) &D_801527E4, 1); ', 'osJamMesg(&D_801497D0, 0, 0); ', 'osRecvMesg(&D_801497D0, &m, 1); ')
9999 ('OSMesg m; ', 'D_8011194C == 0 ', ' D_8011194C = (s8) 1; ', ' osCreateMesgQueue(&D_801497D0, (OSMesg *) &D_801527E4, 1); ', 'osJamMesg(&D_801497D0, 0, 0); ', ' osRecvMesg(&D_801497D0, (OSMesg *) &m, 1); ')
9999 ('OSMesg m; ', 'D_8011194C == 0 ', ' D_8011194C = (s8) 1; ', ' osCreateMesgQueue(&D_801497D0, (OSMesg *) &D_801527E4, 1); ', 'osJamMesg(&D_801497D0, 0, 0); ', ' (void) osRecvMesg(&D_801497D0, &m, 1); ')
9999 ('OSMesg m; ', 'D_8011194C == 0 ', ' D_8011194C = (s8) 1; ', ' osCreateMesgQueue(&D_801497D0, (OSMesg *) &D_801527E4, 1); ', ' osJamMesg(&D_801497D0, (OSMesg) 0, 0); ', 'osRecvMesg(&D_801497D0, &m, 1); ')
9999 ('OSMesg m; ', 'D_8011194C == 0 ', ' D_8011194C = (s8) 1; ', ' osCreateMesgQueue(&D_801497D0, (OSMesg *) &D_801527E4, 1); ', ' osJamMesg(&D_801497D0, (OSMesg) 0, 0); ', ' osRecvMesg(&D_801497D0, (OSMesg *) &m, 1); ')
9999 ('OSMesg m; ', 'D_8011194C == 0 ', ' D_8011194C = (s8) 1; ', ' osCreateMesgQueue(&D_801497D0, (OSMesg *) &D_801527E4, 1); ', ' osJamMesg(&D_801497D0, (OSMesg) 0, 0); ', ' (void) osRecvMesg(&D_801497D0, &m, 1); ')
9999 ('OSMesg m; ', ' !D_8011194C ', 'D_8011194C = 1; ', 'osCreateMesgQueue(&D_801497D0, &D_801527E4, 1); ', 'osJamMesg(&D_801497D0, 0, 0); ', 'osRecvMesg(&D_801497D0, &m, 1); ')
9999 ('OSMesg m; ', ' !D_8011194C ', 'D_8011194C = 1; ', 'osCreateMesgQueue(&D_801497D0, &D_801527E4, 1); ', 'osJamMesg(&D_801497D0, 0, 0); ', ' osRecvMesg(&D_801497D0, (OSMesg *) &m, 1); ')
9999 ('OSMesg m; ', ' !D_8011194C ', 'D_8011194C = 1; ', 'osCreateMesgQueue(&D_801497D0, &D_801527E4, 1); ', 'osJamMesg(&D_801497D0, 0, 0); ', ' (void) osRecvMesg(&D_801497D0, &m, 1); ')
9999 ('OSMesg m; ', ' !D_8011194C ', 'D_8011194C = 1; ', 'osCreateMesgQueue(&D_801497D0, &D_801527E4, 1); ', ' osJamMesg(&D_801497D0, (OSMesg) 0, 0); ', 'osRecvMesg(&D_801497D0, &m, 1); ')
9999 ('OSMesg m; ', ' !D_8011194C ', 'D_8011194C = 1; ', 'osCreateMesgQueue(&D_801497D0, &D_801527E4, 1); ', ' osJamMesg(&D_801497D0, (OSMesg) 0, 0); ', ' osRecvMesg(&D_801497D0, (OSMesg *) &m, 1); ')
9999 ('OSMesg m; ', ' !D_8011194C ', 'D_8011194C = 1; ', 'osCreateMesgQueue(&D_801497D0, &D_801527E4, 1); ', ' osJamMesg(&D_801497D0, (OSMesg) 0, 0); ', ' (void) osRecvMesg(&D_801497D0, &m, 1); ')
9999 ('OSMesg m; ', ' !D_8011194C ', 'D_8011194C = 1; ', ' osCreateMesgQueue(&D_801497D0, (OSMesg *) &D_801527E4, 1); ', 'osJamMesg(&D_801497D0, 0, 0); ', 'osRecvMesg(&D_801497D0, &m, 1); ')
9999 ('OSMesg m; ', ' !D_8011194C ', 'D_8011194C = 1; ', ' osCreateMesgQueue(&D_801497D0, (OSMesg *) &D_801527E4, 1); ', 'osJamMesg(&D_801497D0, 0, 0); ', ' osRecvMesg(&D_801497D0, (OSMesg *) &m, 1); ')
9999 ('OSMesg m; ', ' !D_8011194C ', 'D_8011194C = 1; ', ' osCreateMesgQueue(&D_801497D0, (OSMesg *) &D_801527E4, 1); ', 'osJamMesg(&D_801497D0, 0, 0); ', ' (void) osRecvMesg(&D_801497D0, &m, 1); ')
9999 ('OSMesg m; ', ' !D_8011194C ', 'D_8011194C = 1; ', ' osCreateMesgQueue(&D_801497D0, (OSMesg *) &D_801527E4, 1); ', ' osJamMesg(&D_801497D0, (OSMesg) 0, 0); ', 'osRecvMesg(&D_801497D0, &m, 1); ')
9999 ('OSMesg m; ', ' !D_8011194C ', 'D_8011194C = 1; ', ' osCreateMesgQueue(&D_801497D0, (OSMesg *) &D_801527E4, 1); ', ' osJamMesg(&D_801497D0, (OSMesg) 0, 0); ', ' osRecvMesg(&D_801497D0, (OSMesg *) &m, 1); ')
9999 ('OSMesg m; ', ' !D_8011194C ', 'D_8011194C = 1; ', ' osCreateMesgQueue(&D_801497D0, (OSMesg *) &D_801527E4, 1); ', ' osJamMesg(&D_801497D0, (OSMesg) 0, 0); ', ' (void) osRecvMesg(&D_801497D0, &m, 1); ')
9999 ('OSMesg m; ', ' !D_8011194C ', ' D_8011194C = (s8) 1; ', 'osCreateMesgQueue(&D_801497D0, &D_801527E4, 1); ', 'osJamMesg(&D_801497D0, 0, 0); ', 'osRecvMesg(&D_801497D0, &m, 1); ')
9999 ('OSMesg m; ', ' !D_8011194C ', ' D_8011194C = (s8) 1; ', 'osCreateMesgQueue(&D_801497D0, &D_801527E4, 1); ', 'osJamMesg(&D_801497D0, 0, 0); ', ' osRecvMesg(&D_801497D0, (OSMesg *) &m, 1); ')
9999 ('OSMesg m; ', ' !D_8011194C ', ' D_8011194C = (s8) 1; ', 'osCreateMesgQueue(&D_801497D0, &D_801527E4, 1); ', 'osJamMesg(&D_801497D0, 0, 0); ', ' (void) osRecvMesg(&D_801497D0, &m, 1); ')
9999 ('OSMesg m; ', ' !D_8011194C ', ' D_8011194C = (s8) 1; ', 'osCreateMesgQueue(&D_801497D0, &D_801527E4, 1); ', ' osJamMesg(&D_801497D0, (OSMesg) 0, 0); ', 'osRecvMesg(&D_801497D0, &m, 1); ')
9999 ('OSMesg m; ', ' !D_8011194C ', ' D_8011194C = (s8) 1; ', 'osCreateMesgQueue(&D_801497D0, &D_801527E4, 1); ', ' osJamMesg(&D_801497D0, (OSMesg) 0, 0); ', ' osRecvMesg(&D_801497D0, (OSMesg *) &m, 1); ')
9999 ('OSMesg m; ', ' !D_8011194C ', ' D_8011194C = (s8) 1; ', 'osCreateMesgQueue(&D_801497D0, &D_801527E4, 1); ', ' osJamMesg(&D_801497D0, (OSMesg) 0, 0); ', ' (void) osRecvMesg(&D_801497D0, &m, 1); ')
9999 ('OSMesg m; ', ' !D_8011194C ', ' D_8011194C = (s8) 1; ', ' osCreateMesgQueue(&D_801497D0, (OSMesg *) &D_801527E4, 1); ', 'osJamMesg(&D_801497D0, 0, 0); ', 'osRecvMesg(&D_801497D0, &m, 1); ')
9999 ('OSMesg m; ', ' !D_8011194C ', ' D_8011194C = (s8) 1; ', ' osCreateMesgQueue(&D_801497D0, (OSMesg *) &D_801527E4, 1); ', 'osJamMesg(&D_801497D0, 0, 0); ', ' osRecvMesg(&D_801497D0, (OSMesg *) &m, 1); ')
9999 ('OSMesg m; ', ' !D_8011194C ', ' D_8011194C = (s8) 1; ', ' osCreateMesgQueue(&D_801497D0, (OSMesg *) &D_801527E4, 1); ', 'osJamMesg(&D_801497D0, 0, 0); ', ' (void) osRecvMesg(&D_801497D0, &m, 1); ')
9999 ('OSMesg m; ', ' !D_8011194C ', ' D_8011194C = (s8) 1; ', ' osCreateMesgQueue(&D_801497D0, (OSMesg *) &D_801527E4, 1); ', ' osJamMesg(&D_801497D0, (OSMesg) 0, 0); ', 'osRecvMesg(&D_801497D0, &m, 1); ')
9999 ('OSMesg m; ', ' !D_8011194C ', ' D_8011194C = (s8) 1; ', ' osCreateMesgQueue(&D_801497D0, (OSMesg *) &D_801527E4, 1); ', ' osJamMesg(&D_801497D0, (OSMesg) 0, 0); ', ' osRecvMesg(&D_801497D0, (OSMesg *) &m, 1); ')
9999 ('OSMesg m; ', ' !D_8011194C ', ' D_8011194C = (s8) 1; ', ' osCreateMesgQueue(&D_801497D0, (OSMesg *) &D_801527E4, 1); ', ' osJamMesg(&D_801497D0, (OSMesg) 0, 0); ', ' (void) osRecvMesg(&D_801497D0, &m, 1); ')
9999 (' void *m; ', 'D_8011194C == 0 ', 'D_8011194C = 1; ', 'osCreateMesgQueue(&D_801497D0, &D_801527E4, 1); ', 'osJamMesg(&D_801497D0, 0, 0); ', 'osRecvMesg(&D_801497D0, &m, 1); ')
9999 (' void *m; ', 'D_8011194C == 0 ', 'D_8011194C = 1; ', 'osCreateMesgQueue(&D_801497D0, &D_801527E4, 1); ', 'osJamMesg(&D_801497D0, 0, 0); ', ' osRecvMesg(&D_801497D0, (OSMesg *) &m, 1); ')
9999 (' void *m; ', 'D_8011194C == 0 ', 'D_8011194C = 1; ', 'osCreateMesgQueue(&D_801497D0, &D_801527E4, 1); ', 'osJamMesg(&D_801497D0, 0, 0); ', ' (void) osRecvMesg(&D_801497D0, &m, 1); ')
9999 (' void *m; ', 'D_8011194C == 0 ', 'D_8011194C = 1; ', 'osCreateMesgQueue(&D_801497D0, &D_801527E4, 1); ', ' osJamMesg(&D_801497D0, (OSMesg) 0, 0); ', 'osRecvMesg(&D_801497D0, &m, 1); ')
9999 (' void *m; ', 'D_8011194C == 0 ', 'D_8011194C = 1; ', 'osCreateMesgQueue(&D_801497D0, &D_801527E4, 1); ', ' osJamMesg(&D_801497D0, (OSMesg) 0, 0); ', ' osRecvMesg(&D_801497D0, (OSMesg *) &m, 1); ')
9999 (' void *m; ', 'D_8011194C == 0 ', 'D_8011194C = 1; ', 'osCreateMesgQueue(&D_801497D0, &D_801527E4, 1); ', ' osJamMesg(&D_801497D0, (OSMesg) 0, 0); ', ' (void) osRecvMesg(&D_801497D0, &m, 1); ')
9999 (' void *m; ', 'D_8011194C == 0 ', 'D_8011194C = 1; ', ' osCreateMesgQueue(&D_801497D0, (OSMesg *) &D_801527E4, 1); ', 'osJamMesg(&D_801497D0, 0, 0); ', 'osRecvMesg(&D_801497D0, &m, 1); ')
9999 (' void *m; ', 'D_8011194C == 0 ', 'D_8011194C = 1; ', ' osCreateMesgQueue(&D_801497D0, (OSMesg *) &D_801527E4, 1); ', 'osJamMesg(&D_801497D0, 0, 0); ', ' osRecvMesg(&D_801497D0, (OSMesg *) &m, 1); ')
9999 (' void *m; ', 'D_8011194C == 0 ', 'D_8011194C = 1; ', ' osCreateMesgQueue(&D_801497D0, (OSMesg *) &D_801527E4, 1); ', 'osJamMesg(&D_801497D0, 0, 0); ', ' (void) osRecvMesg(&D_801497D0, &m, 1); ')
9999 (' void *m; ', 'D_8011194C == 0 ', 'D_8011194C = 1; ', ' osCreateMesgQueue(&D_801497D0, (OSMesg *) &D_801527E4, 1); ', ' osJamMesg(&D_801497D0, (OSMesg) 0, 0); ', 'osRecvMesg(&D_801497D0, &m, 1); ')
9999 (' void *m; ', 'D_8011194C == 0 ', 'D_8011194C = 1; ', ' osCreateMesgQueue(&D_801497D0, (OSMesg *) &D_801527E4, 1); ', ' osJamMesg(&D_801497D0, (OSMesg) 0, 0); ', ' osRecvMesg(&D_801497D0, (OSMesg *) &m, 1); ')
9999 (' void *m; ', 'D_8011194C == 0 ', 'D_8011194C = 1; ', ' osCreateMesgQueue(&D_801497D0, (OSMesg *) &D_801527E4, 1); ', ' osJamMesg(&D_801497D0, (OSMesg) 0, 0); ', ' (void) osRecvMesg(&D_801497D0, &m, 1); ')
9999 (' void *m; ', 'D_8011194C == 0 ', ' D_8011194C = (s8) 1; ', 'osCreateMesgQueue(&D_801497D0, &D_801527E4, 1); ', 'osJamMesg(&D_801497D0, 0, 0); ', 'osRecvMesg(&D_801497D0, &m, 1); ')
9999 (' void *m; ', 'D_8011194C == 0 ', ' D_8011194C = (s8) 1; ', 'osCreateMesgQueue(&D_801497D0, &D_801527E4, 1); ', 'osJamMesg(&D_801497D0, 0, 0); ', ' osRecvMesg(&D_801497D0, (OSMesg *) &m, 1); ')
9999 (' void *m; ', 'D_8011194C == 0 ', ' D_8011194C = (s8) 1; ', 'osCreateMesgQueue(&D_801497D0, &D_801527E4, 1); ', 'osJamMesg(&D_801497D0, 0, 0); ', ' (void) osRecvMesg(&D_801497D0, &m, 1); ')
9999 (' void *m; ', 'D_8011194C == 0 ', ' D_8011194C = (s8) 1; ', 'osCreateMesgQueue(&D_801497D0, &D_801527E4, 1); ', ' osJamMesg(&D_801497D0, (OSMesg) 0, 0); ', 'osRecvMesg(&D_801497D0, &m, 1); ')
9999 (' void *m; ', 'D_8011194C == 0 ', ' D_8011194C = (s8) 1; ', 'osCreateMesgQueue(&D_801497D0, &D_801527E4, 1); ', ' osJamMesg(&D_801497D0, (OSMesg) 0, 0); ', ' osRecvMesg(&D_801497D0, (OSMesg *) &m, 1); ')
9999 (' void *m; ', 'D_8011194C == 0 ', ' D_8011194C = (s8) 1; ', 'osCreateMesgQueue(&D_801497D0, &D_801527E4, 1); ', ' osJamMesg(&D_801497D0, (OSMesg) 0, 0); ', ' (void) osRecvMesg(&D_801497D0, &m, 1); ')
9999 (' void *m; ', 'D_8011194C == 0 ', ' D_8011194C = (s8) 1; ', ' osCreateMesgQueue(&D_801497D0, (OSMesg *) &D_801527E4, 1); ', 'osJamMesg(&D_801497D0, 0, 0); ', 'osRecvMesg(&D_801497D0, &m, 1); ')
9999 (' void *m; ', 'D_8011194C == 0 ', ' D_8011194C = (s8) 1; ', ' osCreateMesgQueue(&D_801497D0, (OSMesg *) &D_801527E4, 1); ', 'osJamMesg(&D_801497D0, 0, 0); ', ' osRecvMesg(&D_801497D0, (OSMesg *) &m, 1); ')
9999 (' void *m; ', 'D_8011194C == 0 ', ' D_8011194C = (s8) 1; ', ' osCreateMesgQueue(&D_801497D0, (OSMesg *) &D_801527E4, 1); ', 'osJamMesg(&D_801497D0, 0, 0); ', ' (void) osRecvMesg(&D_801497D0, &m, 1); ')
9999 (' void *m; ', 'D_8011194C == 0 ', ' D_8011194C = (s8) 1; ', ' osCreateMesgQueue(&D_801497D0, (OSMesg *) &D_801527E4, 1); ', ' osJamMesg(&D_801497D0, (OSMesg) 0, 0); ', 'osRecvMesg(&D_801497D0, &m, 1); ')
9999 (' void *m; ', 'D_8011194C == 0 ', ' D_8011194C = (s8) 1; ', ' osCreateMesgQueue(&D_801497D0, (OSMesg *) &D_801527E4, 1); ', ' osJamMesg(&D_801497D0, (OSMesg) 0, 0); ', ' osRecvMesg(&D_801497D0, (OSMesg *) &m, 1); ')
9999 (' void *m; ', 'D_8011194C == 0 ', ' D_8011194C = (s8) 1; ', ' osCreateMesgQueue(&D_801497D0, (OSMesg *) &D_801527E4, 1); ', ' osJamMesg(&D_801497D0, (OSMesg) 0, 0); ', ' (void) osRecvMesg(&D_801497D0, &m, 1); ')
9999 (' void *m; ', ' !D_8011194C ', 'D_8011194C = 1; ', 'osCreateMesgQueue(&D_801497D0, &D_801527E4, 1); ', 'osJamMesg(&D_801497D0, 0, 0); ', 'osRecvMesg(&D_801497D0, &m, 1); ')
9999 (' void *m; ', ' !D_8011194C ', 'D_8011194C = 1; ', 'osCreateMesgQueue(&D_801497D0, &D_801527E4, 1); ', 'osJamMesg(&D_801497D0, 0, 0); ', ' osRecvMesg(&D_801497D0, (OSMesg *) &m, 1); ')
9999 (' void *m; ', ' !D_8011194C ', 'D_8011194C = 1; ', 'osCreateMesgQueue(&D_801497D0, &D_801527E4, 1); ', 'osJamMesg(&D_801497D0, 0, 0); ', ' (void) osRecvMesg(&D_801497D0, &m, 1); ')
9999 (' void *m; ', ' !D_8011194C ', 'D_8011194C = 1; ', 'osCreateMesgQueue(&D_801497D0, &D_801527E4, 1); ', ' osJamMesg(&D_801497D0, (OSMesg) 0, 0); ', 'osRecvMesg(&D_801497D0, &m, 1); ')
9999 (' void *m; ', ' !D_8011194C ', 'D_8011194C = 1; ', 'osCreateMesgQueue(&D_801497D0, &D_801527E4, 1); ', ' osJamMesg(&D_801497D0, (OSMesg) 0, 0); ', ' osRecvMesg(&D_801497D0, (OSMesg *) &m, 1); ')
9999 (' void *m; ', ' !D_8011194C ', 'D_8011194C = 1; ', 'osCreateMesgQueue(&D_801497D0, &D_801527E4, 1); ', ' osJamMesg(&D_801497D0, (OSMesg) 0, 0); ', ' (void) osRecvMesg(&D_801497D0, &m, 1); ')
9999 (' void *m; ', ' !D_8011194C ', 'D_8011194C = 1; ', ' osCreateMesgQueue(&D_801497D0, (OSMesg *) &D_801527E4, 1); ', 'osJamMesg(&D_801497D0, 0, 0); ', 'osRecvMesg(&D_801497D0, &m, 1); ')
9999 (' void *m; ', ' !D_8011194C ', 'D_8011194C = 1; ', ' osCreateMesgQueue(&D_801497D0, (OSMesg *) &D_801527E4, 1); ', 'osJamMesg(&D_801497D0, 0, 0); ', ' osRecvMesg(&D_801497D0, (OSMesg *) &m, 1); ')
9999 (' void *m; ', ' !D_8011194C ', 'D_8011194C = 1; ', ' osCreateMesgQueue(&D_801497D0, (OSMesg *) &D_801527E4, 1); ', 'osJamMesg(&D_801497D0, 0, 0); ', ' (void) osRecvMesg(&D_801497D0, &m, 1); ')
9999 (' void *m; ', ' !D_8011194C ', 'D_8011194C = 1; ', ' osCreateMesgQueue(&D_801497D0, (OSMesg *) &D_801527E4, 1); ', ' osJamMesg(&D_801497D0, (OSMesg) 0, 0); ', 'osRecvMesg(&D_801497D0, &m, 1); ')
9999 (' void *m; ', ' !D_8011194C ', 'D_8011194C = 1; ', ' osCreateMesgQueue(&D_801497D0, (OSMesg *) &D_801527E4, 1); ', ' osJamMesg(&D_801497D0, (OSMesg) 0, 0); ', ' osRecvMesg(&D_801497D0, (OSMesg *) &m, 1); ')
9999 (' void *m; ', ' !D_8011194C ', 'D_8011194C = 1; ', ' osCreateMesgQueue(&D_801497D0, (OSMesg *) &D_801527E4, 1); ', ' osJamMesg(&D_801497D0, (OSMesg) 0, 0); ', ' (void) osRecvMesg(&D_801497D0, &m, 1); ')
9999 (' void *m; ', ' !D_8011194C ', ' D_8011194C = (s8) 1; ', 'osCreateMesgQueue(&D_801497D0, &D_801527E4, 1); ', 'osJamMesg(&D_801497D0, 0, 0); ', 'osRecvMesg(&D_801497D0, &m, 1); ')
9999 (' void *m; ', ' !D_8011194C ', ' D_8011194C = (s8) 1; ', 'osCreateMesgQueue(&D_801497D0, &D_801527E4, 1); ', 'osJamMesg(&D_801497D0, 0, 0); ', ' osRecvMesg(&D_801497D0, (OSMesg *) &m, 1); ')
9999 (' void *m; ', ' !D_8011194C ', ' D_8011194C = (s8) 1; ', 'osCreateMesgQueue(&D_801497D0, &D_801527E4, 1); ', 'osJamMesg(&D_801497D0, 0, 0); ', ' (void) osRecvMesg(&D_801497D0, &m, 1); ')
9999 (' void *m; ', ' !D_8011194C ', ' D_8011194C = (s8) 1; ', 'osCreateMesgQueue(&D_801497D0, &D_801527E4, 1); ', ' osJamMesg(&D_801497D0, (OSMesg) 0, 0); ', 'osRecvMesg(&D_801497D0, &m, 1); ')
9999 (' void *m; ', ' !D_8011194C ', ' D_8011194C = (s8) 1; ', 'osCreateMesgQueue(&D_801497D0, &D_801527E4, 1); ', ' osJamMesg(&D_801497D0, (OSMesg) 0, 0); ', ' osRecvMesg(&D_801497D0, (OSMesg *) &m, 1); ')
9999 (' void *m; ', ' !D_8011194C ', ' D_8011194C = (s8) 1; ', 'osCreateMesgQueue(&D_801497D0, &D_801527E4, 1); ', ' osJamMesg(&D_801497D0, (OSMesg) 0, 0); ', ' (void) osRecvMesg(&D_801497D0, &m, 1); ')
9999 (' void *m; ', ' !D_8011194C ', ' D_8011194C = (s8) 1; ', ' osCreateMesgQueue(&D_801497D0, (OSMesg *) &D_801527E4, 1); ', 'osJamMesg(&D_801497D0, 0, 0); ', 'osRecvMesg(&D_801497D0, &m, 1); ')
9999 (' void *m; ', ' !D_8011194C ', ' D_8011194C = (s8) 1; ', ' osCreateMesgQueue(&D_801497D0, (OSMesg *) &D_801527E4, 1); ', 'osJamMesg(&D_801497D0, 0, 0); ', ' osRecvMesg(&D_801497D0, (OSMesg *) &m, 1); ')
9999 (' void *m; ', ' !D_8011194C ', ' D_8011194C = (s8) 1; ', ' osCreateMesgQueue(&D_801497D0, (OSMesg *) &D_801527E4, 1); ', 'osJamMesg(&D_801497D0, 0, 0); ', ' (void) osRecvMesg(&D_801497D0, &m, 1); ')
9999 (' void *m; ', ' !D_8011194C ', ' D_8011194C = (s8) 1; ', ' osCreateMesgQueue(&D_801497D0, (OSMesg *) &D_801527E4, 1); ', ' osJamMesg(&D_801497D0, (OSMesg) 0, 0); ', 'osRecvMesg(&D_801497D0, &m, 1); ')
9999 (' void *m; ', ' !D_8011194C ', ' D_8011194C = (s8) 1; ', ' osCreateMesgQueue(&D_801497D0, (OSMesg *) &D_801527E4, 1); ', ' osJamMesg(&D_801497D0, (OSMesg) 0, 0); ', ' osRecvMesg(&D_801497D0, (OSMesg *) &m, 1); ')
9999 (' void *m; ', ' !D_8011194C ', ' D_8011194C = (s8) 1; ', ' osCreateMesgQueue(&D_801497D0, (OSMesg *) &D_801527E4, 1); ', ' osJamMesg(&D_801497D0, (OSMesg) 0, 0); ', ' (void) osRecvMesg(&D_801497D0, &m, 1); ')
9999 (' OSMesg m = 0; ', 'D_8011194C == 0 ', 'D_8011194C = 1; ', 'osCreateMesgQueue(&D_801497D0, &D_801527E4, 1); ', 'osJamMesg(&D_801497D0, 0, 0); ', 'osRecvMesg(&D_801497D0, &m, 1); ')
9999 (' OSMesg m = 0; ', 'D_8011194C == 0 ', 'D_8011194C = 1; ', 'osCreateMesgQueue(&D_801497D0, &D_801527E4, 1); ', 'osJamMesg(&D_801497D0, 0, 0); ', ' osRecvMesg(&D_801497D0, (OSMesg *) &m, 1); ')
9999 (' OSMesg m = 0; ', 'D_8011194C == 0 ', 'D_8011194C = 1; ', 'osCreateMesgQueue(&D_801497D0, &D_801527E4, 1); ', 'osJamMesg(&D_801497D0, 0, 0); ', ' (void) osRecvMesg(&D_801497D0, &m, 1); ')
9999 (' OSMesg m = 0; ', 'D_8011194C == 0 ', 'D_8011194C = 1; ', 'osCreateMesgQueue(&D_801497D0, &D_801527E4, 1); ', ' osJamMesg(&D_801497D0, (OSMesg) 0, 0); ', 'osRecvMesg(&D_801497D0, &m, 1); ')
9999 (' OSMesg m = 0; ', 'D_8011194C == 0 ', 'D_8011194C = 1; ', 'osCreateMesgQueue(&D_801497D0, &D_801527E4, 1); ', ' osJamMesg(&D_801497D0, (OSMesg) 0, 0); ', ' osRecvMesg(&D_801497D0, (OSMesg *) &m, 1); ')
9999 (' OSMesg m = 0; ', 'D_8011194C == 0 ', 'D_8011194C = 1; ', 'osCreateMesgQueue(&D_801497D0, &D_801527E4, 1); ', ' osJamMesg(&D_801497D0, (OSMesg) 0, 0); ', ' (void) osRecvMesg(&D_801497D0, &m, 1); ')
9999 (' OSMesg m = 0; ', 'D_8011194C == 0 ', 'D_8011194C = 1; ', ' osCreateMesgQueue(&D_801497D0, (OSMesg *) &D_801527E4, 1); ', 'osJamMesg(&D_801497D0, 0, 0); ', 'osRecvMesg(&D_801497D0, &m, 1); ')
9999 (' OSMesg m = 0; ', 'D_8011194C == 0 ', 'D_8011194C = 1; ', ' osCreateMesgQueue(&D_801497D0, (OSMesg *) &D_801527E4, 1); ', 'osJamMesg(&D_801497D0, 0, 0); ', ' osRecvMesg(&D_801497D0, (OSMesg *) &m, 1); ')
9999 (' OSMesg m = 0; ', 'D_8011194C == 0 ', 'D_8011194C = 1; ', ' osCreateMesgQueue(&D_801497D0, (OSMesg *) &D_801527E4, 1); ', 'osJamMesg(&D_801497D0, 0, 0); ', ' (void) osRecvMesg(&D_801497D0, &m, 1); ')
9999 (' OSMesg m = 0; ', 'D_8011194C == 0 ', 'D_8011194C = 1; ', ' osCreateMesgQueue(&D_801497D0, (OSMesg *) &D_801527E4, 1); ', ' osJamMesg(&D_801497D0, (OSMesg) 0, 0); ', 'osRecvMesg(&D_801497D0, &m, 1); ')
9999 (' OSMesg m = 0; ', 'D_8011194C == 0 ', 'D_8011194C = 1; ', ' osCreateMesgQueue(&D_801497D0, (OSMesg *) &D_801527E4, 1); ', ' osJamMesg(&D_801497D0, (OSMesg) 0, 0); ', ' osRecvMesg(&D_801497D0, (OSMesg *) &m, 1); ')
9999 (' OSMesg m = 0; ', 'D_8011194C == 0 ', 'D_8011194C = 1; ', ' osCreateMesgQueue(&D_801497D0, (OSMesg *) &D_801527E4, 1); ', ' osJamMesg(&D_801497D0, (OSMesg) 0, 0); ', ' (void) osRecvMesg(&D_801497D0, &m, 1); ')
9999 (' OSMesg m = 0; ', 'D_8011194C == 0 ', ' D_8011194C = (s8) 1; ', 'osCreateMesgQueue(&D_801497D0, &D_801527E4, 1); ', 'osJamMesg(&D_801497D0, 0, 0); ', 'osRecvMesg(&D_801497D0, &m, 1); ')
9999 (' OSMesg m = 0; ', 'D_8011194C == 0 ', ' D_8011194C = (s8) 1; ', 'osCreateMesgQueue(&D_801497D0, &D_801527E4, 1); ', 'osJamMesg(&D_801497D0, 0, 0); ', ' osRecvMesg(&D_801497D0, (OSMesg *) &m, 1); ')
9999 (' OSMesg m = 0; ', 'D_8011194C == 0 ', ' D_8011194C = (s8) 1; ', 'osCreateMesgQueue(&D_801497D0, &D_801527E4, 1); ', 'osJamMesg(&D_801497D0, 0, 0); ', ' (void) osRecvMesg(&D_801497D0, &m, 1); ')
9999 (' OSMesg m = 0; ', 'D_8011194C == 0 ', ' D_8011194C = (s8) 1; ', 'osCreateMesgQueue(&D_801497D0, &D_801527E4, 1); ', ' osJamMesg(&D_801497D0, (OSMesg) 0, 0); ', 'osRecvMesg(&D_801497D0, &m, 1); ')
9999 (' OSMesg m = 0; ', 'D_8011194C == 0 ', ' D_8011194C = (s8) 1; ', 'osCreateMesgQueue(&D_801497D0, &D_801527E4, 1); ', ' osJamMesg(&D_801497D0, (OSMesg) 0, 0); ', ' osRecvMesg(&D_801497D0, (OSMesg *) &m, 1); ')
9999 (' OSMesg m = 0; ', 'D_8011194C == 0 ', ' D_8011194C = (s8) 1; ', 'osCreateMesgQueue(&D_801497D0, &D_801527E4, 1); ', ' osJamMesg(&D_801497D0, (OSMesg) 0, 0); ', ' (void) osRecvMesg(&D_801497D0, &m, 1); ')
9999 (' OSMesg m = 0; ', 'D_8011194C == 0 ', ' D_8011194C = (s8) 1; ', ' osCreateMesgQueue(&D_801497D0, (OSMesg *) &D_801527E4, 1); ', 'osJamMesg(&D_801497D0, 0, 0); ', 'osRecvMesg(&D_801497D0, &m, 1); ')
9999 (' OSMesg m = 0; ', 'D_8011194C == 0 ', ' D_8011194C = (s8) 1; ', ' osCreateMesgQueue(&D_801497D0, (OSMesg *) &D_801527E4, 1); ', 'osJamMesg(&D_801497D0, 0, 0); ', ' osRecvMesg(&D_801497D0, (OSMesg *) &m, 1); ')
9999 (' OSMesg m = 0; ', 'D_8011194C == 0 ', ' D_8011194C = (s8) 1; ', ' osCreateMesgQueue(&D_801497D0, (OSMesg *) &D_801527E4, 1); ', 'osJamMesg(&D_801497D0, 0, 0); ', ' (void) osRecvMesg(&D_801497D0, &m, 1); ')
9999 (' OSMesg m = 0; ', 'D_8011194C == 0 ', ' D_8011194C = (s8) 1; ', ' osCreateMesgQueue(&D_801497D0, (OSMesg *) &D_801527E4, 1); ', ' osJamMesg(&D_801497D0, (OSMesg) 0, 0); ', 'osRecvMesg(&D_801497D0, &m, 1); ')
9999 (' OSMesg m = 0; ', 'D_8011194C == 0 ', ' D_8011194C = (s8) 1; ', ' osCreateMesgQueue(&D_801497D0, (OSMesg *) &D_801527E4, 1); ', ' osJamMesg(&D_801497D0, (OSMesg) 0, 0); ', ' osRecvMesg(&D_801497D0, (OSMesg *) &m, 1); ')
9999 (' OSMesg m = 0; ', 'D_8011194C == 0 ', ' D_8011194C = (s8) 1; ', ' osCreateMesgQueue(&D_801497D0, (OSMesg *) &D_801527E4, 1); ', ' osJamMesg(&D_801497D0, (OSMesg) 0, 0); ', ' (void) osRecvMesg(&D_801497D0, &m, 1); ')
9999 (' OSMesg m = 0; ', ' !D_8011194C ', 'D_8011194C = 1; ', 'osCreateMesgQueue(&D_801497D0, &D_801527E4, 1); ', 'osJamMesg(&D_801497D0, 0, 0); ', 'osRecvMesg(&D_801497D0, &m, 1); ')
9999 (' OSMesg m = 0; ', ' !D_8011194C ', 'D_8011194C = 1; ', 'osCreateMesgQueue(&D_801497D0, &D_801527E4, 1); ', 'osJamMesg(&D_801497D0, 0, 0); ', ' osRecvMesg(&D_801497D0, (OSMesg *) &m, 1); ')
9999 (' OSMesg m = 0; ', ' !D_8011194C ', 'D_8011194C = 1; ', 'osCreateMesgQueue(&D_801497D0, &D_801527E4, 1); ', 'osJamMesg(&D_801497D0, 0, 0); ', ' (void) osRecvMesg(&D_801497D0, &m, 1); ')
9999 (' OSMesg m = 0; ', ' !D_8011194C ', 'D_8011194C = 1; ', 'osCreateMesgQueue(&D_801497D0, &D_801527E4, 1); ', ' osJamMesg(&D_801497D0, (OSMesg) 0, 0); ', 'osRecvMesg(&D_801497D0, &m, 1); ')
9999 (' OSMesg m = 0; ', ' !D_8011194C ', 'D_8011194C = 1; ', 'osCreateMesgQueue(&D_801497D0, &D_801527E4, 1); ', ' osJamMesg(&D_801497D0, (OSMesg) 0, 0); ', ' osRecvMesg(&D_801497D0, (OSMesg *) &m, 1); ')
9999 (' OSMesg m = 0; ', ' !D_8011194C ', 'D_8011194C = 1; ', 'osCreateMesgQueue(&D_801497D0, &D_801527E4, 1); ', ' osJamMesg(&D_801497D0, (OSMesg) 0, 0); ', ' (void) osRecvMesg(&D_801497D0, &m, 1); ')
9999 (' OSMesg m = 0; ', ' !D_8011194C ', 'D_8011194C = 1; ', ' osCreateMesgQueue(&D_801497D0, (OSMesg *) &D_801527E4, 1); ', 'osJamMesg(&D_801497D0, 0, 0); ', 'osRecvMesg(&D_801497D0, &m, 1); ')
9999 (' OSMesg m = 0; ', ' !D_8011194C ', 'D_8011194C = 1; ', ' osCreateMesgQueue(&D_801497D0, (OSMesg *) &D_801527E4, 1); ', 'osJamMesg(&D_801497D0, 0, 0); ', ' osRecvMesg(&D_801497D0, (OSMesg *) &m, 1); ')
9999 (' OSMesg m = 0; ', ' !D_8011194C ', 'D_8011194C = 1; ', ' osCreateMesgQueue(&D_801497D0, (OSMesg *) &D_801527E4, 1); ', 'osJamMesg(&D_801497D0, 0, 0); ', ' (void) osRecvMesg(&D_801497D0, &m, 1); ')
9999 (' OSMesg m = 0; ', ' !D_8011194C ', 'D_8011194C = 1; ', ' osCreateMesgQueue(&D_801497D0, (OSMesg *) &D_801527E4, 1); ', ' osJamMesg(&D_801497D0, (OSMesg) 0, 0); ', 'osRecvMesg(&D_801497D0, &m, 1); ')
9999 (' OSMesg m = 0; ', ' !D_8011194C ', 'D_8011194C = 1; ', ' osCreateMesgQueue(&D_801497D0, (OSMesg *) &D_801527E4, 1); ', ' osJamMesg(&D_801497D0, (OSMesg) 0, 0); ', ' osRecvMesg(&D_801497D0, (OSMesg *) &m, 1); ')
9999 (' OSMesg m = 0; ', ' !D_8011194C ', 'D_8011194C = 1; ', ' osCreateMesgQueue(&D_801497D0, (OSMesg *) &D_801527E4, 1); ', ' osJamMesg(&D_801497D0, (OSMesg) 0, 0); ', ' (void) osRecvMesg(&D_801497D0, &m, 1); ')
9999 (' OSMesg m = 0; ', ' !D_8011194C ', ' D_8011194C = (s8) 1; ', 'osCreateMesgQueue(&D_801497D0, &D_801527E4, 1); ', 'osJamMesg(&D_801497D0, 0, 0); ', 'osRecvMesg(&D_801497D0, &m, 1); ')
9999 (' OSMesg m = 0; ', ' !D_8011194C ', ' D_8011194C = (s8) 1; ', 'osCreateMesgQueue(&D_801497D0, &D_801527E4, 1); ', 'osJamMesg(&D_801497D0, 0, 0); ', ' osRecvMesg(&D_801497D0, (OSMesg *) &m, 1); ')
9999 (' OSMesg m = 0; ', ' !D_8011194C ', ' D_8011194C = (s8) 1; ', 'osCreateMesgQueue(&D_801497D0, &D_801527E4, 1); ', 'osJamMesg(&D_801497D0, 0, 0); ', ' (void) osRecvMesg(&D_801497D0, &m, 1); ')
9999 (' OSMesg m = 0; ', ' !D_8011194C ', ' D_8011194C = (s8) 1; ', 'osCreateMesgQueue(&D_801497D0, &D_801527E4, 1); ', ' osJamMesg(&D_801497D0, (OSMesg) 0, 0); ', 'osRecvMesg(&D_801497D0, &m, 1); ')
9999 (' OSMesg m = 0; ', ' !D_8011194C ', ' D_8011194C = (s8) 1; ', 'osCreateMesgQueue(&D_801497D0, &D_801527E4, 1); ', ' osJamMesg(&D_801497D0, (OSMesg) 0, 0); ', ' osRecvMesg(&D_801497D0, (OSMesg *) &m, 1); ')
9999 (' OSMesg m = 0; ', ' !D_8011194C ', ' D_8011194C = (s8) 1; ', 'osCreateMesgQueue(&D_801497D0, &D_801527E4, 1); ', ' osJamMesg(&D_801497D0, (OSMesg) 0, 0); ', ' (void) osRecvMesg(&D_801497D0, &m, 1); ')
9999 (' OSMesg m = 0; ', ' !D_8011194C ', ' D_8011194C = (s8) 1; ', ' osCreateMesgQueue(&D_801497D0, (OSMesg *) &D_801527E4, 1); ', 'osJamMesg(&D_801497D0, 0, 0); ', 'osRecvMesg(&D_801497D0, &m, 1); ')
9999 (' OSMesg m = 0; ', ' !D_8011194C ', ' D_8011194C = (s8) 1; ', ' osCreateMesgQueue(&D_801497D0, (OSMesg *) &D_801527E4, 1); ', 'osJamMesg(&D_801497D0, 0, 0); ', ' osRecvMesg(&D_801497D0, (OSMesg *) &m, 1); ')
9999 (' OSMesg m = 0; ', ' !D_8011194C ', ' D_8011194C = (s8) 1; ', ' osCreateMesgQueue(&D_801497D0, (OSMesg *) &D_801527E4, 1); ', 'osJamMesg(&D_801497D0, 0, 0); ', ' (void) osRecvMesg(&D_801497D0, &m, 1); ')
9999 (' OSMesg m = 0; ', ' !D_8011194C ', ' D_8011194C = (s8) 1; ', ' osCreateMesgQueue(&D_801497D0, (OSMesg *) &D_801527E4, 1); ', ' osJamMesg(&D_801497D0, (OSMesg) 0, 0); ', 'osRecvMesg(&D_801497D0, &m, 1); ')
9999 (' OSMesg m = 0; ', ' !D_8011194C ', ' D_8011194C = (s8) 1; ', ' osCreateMesgQueue(&D_801497D0, (OSMesg *) &D_801527E4, 1); ', ' osJamMesg(&D_801497D0, (OSMesg) 0, 0); ', ' osRecvMesg(&D_801497D0, (OSMesg *) &m, 1); ')
9999 (' OSMesg m = 0; ', ' !D_8011194C ', ' D_8011194C = (s8) 1; ', ' osCreateMesgQueue(&D_801497D0, (OSMesg *) &D_801527E4, 1); ', ' osJamMesg(&D_801497D0, (OSMesg) 0, 0); ', ' (void) osRecvMesg(&D_801497D0, &m, 1); ')
