ASMPROC src/rom/lib_1050.c
ASMPROC src/rom/lib_5610.c
ASMPROC src/rom/lib_7600.c
ASMPROC src/rom/lib_7940.c
ASMPROC src/rom/lib_79a0.c
ASMPROC src/rom/lib_7a10.c
ASMPROC src/rom/lib_7ad0.c
ASMPROC src/rom/lib_7b30.c
ASMPROC src/rom/lib_7c80.c
ASMPROC src/rom/lib_8040.c
ASMPROC src/rom/lib_81e0.c
ASMPROC src/rom/lib_8330.c
ASMPROC src/rom/lib_83d0.c
ASMPROC src/rom/lib_8440.c
ASMPROC src/rom/lib_8700.c
ASMPROC src/rom/lib_8800.c
ASMPROC src/rom/lib_8920.c
ASMPROC src/rom/lib_8a80.c
ASMPROC src/rom/lib_8dd0.c
ASMPROC src/rom/lib_8e10.c
cfe: Warning 712: src/rom/lib_8dd0.c, line 18: illegal combination of pointer and integer
     temp_v0 = osPiReadWord(arg0, arg1);
 ---------------------------------^
ASMPROC src/rom/lib_9230.c
ASMPROC src/rom/lib_92f0.c
ASMPROC src/rom/lib_9660.c
ASMPROC src/rom/lib_9820.c
ASMPROC src/rom/lib_9ab0.c
ASMPROC src/rom/lib_9de0.c
ASMPROC src/rom/lib_a050.c
cfe: Warning 709: src/rom/lib_9de0.c, line 92: Incompatible pointer type assignment
     guMtxF2L(temp, mtx);
 -------------------^
ASMPROC src/rom/lib_a330.c
ASMPROC src/rom/lib_a5b0.c
ASMPROC src/rom/lib_a800.c
ASMPROC src/rom/lib_a810.c
ASMPROC src/rom/lib_ab20.c
ASMPROC src/rom/lib_af50.c
ASMPROC src/rom/lib_b120.c
ASMPROC src/rom/lib_b300.c
ASMPROC src/rom/lib_b570.c
ASMPROC src/rom/lib_b9f0.c
ASMPROC src/rom/lib_be40.c
ASMPROC src/rom/lib_bfe0.c
ASMPROC src/rom/lib_c990.c
ASMPROC src/rom/lib_ca70.c
ASMPROC src/rom/lib_cc50.c
ASMPROC src/rom/lib_d140.c
ASMPROC src/rom/lib_d260.c
ASMPROC src/rom/lib_d270.c
ASMPROC src/rom/lib_d580.c
ASMPROC src/rom/lib_e1c0.c
ASMPROC src/rom/lib_e240.c
ASMPROC src/rom/lib_e250.c
ASMPROC src/rom/lib_e280.c
ASMPROC src/rom/lib_e310.c
ASMPROC src/rom/lib_e340.c
ASMPROC src/rom/lib_e390.c
ASMPROC src/rom/lib_e3f0.c
ASMPROC src/rom/lib_e7c0.c
ASMPROC src/rom/lib_e8d0.c
ASMPROC src/rom/lib_efd0.c
ASMPROC src/rom/lib_f0b0.c
ASMPROC src/rom/lib_f160.c
ASMPROC src/rom/lib_f450.c
ASMPROC src/rom/lib_f4d0.c
ASMPROC src/rom/lib_f700.c
GEN build/us/syms.ld
AS asm/us/1000.s
AS asm/us/21F0.s
AS asm/us/2CF0.s
AS asm/us/3140.s
AS asm/us/3330.s
AS asm/us/3390.s
AS asm/us/34A0.s
AS asm/us/55F0.s
AS asm/us/7630.s
AS asm/us/7FB0.s
AS asm/us/8410.s
AS asm/us/88A0.s
AS asm/us/90E0.s
AS asm/us/9190.s
AS asm/us/9330.s
AS asm/us/A5F0.s
AS asm/us/D0B0.s
AS asm/us/D570.s
AS asm/us/DEB0.s
AS asm/us/E370.s
AS asm/us/E440.s
AS asm/us/E490.s
AS asm/us/E4F0.s
AS asm/us/EFC0.s
AS asm/us/header.s
BIN assets/us/data.bin + game-code blob built from sources
BIN assets/us/ipl3.bin
LD build/us/rush2049.us.elf
/usr/bin/mips-linux-gnu-ld.bfd: warning: build/us/rush2049.us.elf has a LOAD segment with RWX permissions
OBJCOPY build/us/rush2049.us.z64
Build complete: build/us/rush2049.us.z64
Verifying built ROM hash...
build/us/rush2049.us.z64: OK
ROM matches!
